Archive member included because of file (symbol)

/home/patrick/altera/13.1/nios2eds/bin/gnu/H-i686-pc-linux-gnu/bin/../lib/gcc/nios2-elf/4.7.3/mno-hw-mul/libgcc.a(lib2-divmod.o)
                              obj/default/count_binary.o (__divsi3)
/home/patrick/altera/13.1/nios2eds/bin/gnu/H-i686-pc-linux-gnu/bin/../lib/gcc/nios2-elf/4.7.3/../../../../../H-i686-pc-linux-gnu/nios2-elf/lib/mno-hw-mul/libsmallc.a(lib_a-printf.o)
                              obj/default/count_binary.o (printf)
/home/patrick/altera/13.1/nios2eds/bin/gnu/H-i686-pc-linux-gnu/bin/../lib/gcc/nios2-elf/4.7.3/../../../../../H-i686-pc-linux-gnu/nios2-elf/lib/mno-hw-mul/libsmallc.a(lib_a-putchar.o)
                              obj/default/count_binary.o (putchar)
/home/patrick/altera/13.1/nios2eds/bin/gnu/H-i686-pc-linux-gnu/bin/../lib/gcc/nios2-elf/4.7.3/../../../../../H-i686-pc-linux-gnu/nios2-elf/lib/mno-hw-mul/libsmallc.a(lib_a-puts.o)
                              obj/default/count_binary.o (puts)
/home/patrick/altera/13.1/nios2eds/bin/gnu/H-i686-pc-linux-gnu/bin/../lib/gcc/nios2-elf/4.7.3/../../../../../H-i686-pc-linux-gnu/nios2-elf/lib/mno-hw-mul/libsmallc.a(lib_a-strlen.o)
                              /home/patrick/altera/13.1/nios2eds/bin/gnu/H-i686-pc-linux-gnu/bin/../lib/gcc/nios2-elf/4.7.3/../../../../../H-i686-pc-linux-gnu/nios2-elf/lib/mno-hw-mul/libsmallc.a(lib_a-puts.o) (strlen)
/home/patrick/altera/13.1/nios2eds/bin/gnu/H-i686-pc-linux-gnu/bin/../lib/gcc/nios2-elf/4.7.3/../../../../../H-i686-pc-linux-gnu/nios2-elf/lib/mno-hw-mul/libsmallc.a(lib_a-vfprintf.o)
                              /home/patrick/altera/13.1/nios2eds/bin/gnu/H-i686-pc-linux-gnu/bin/../lib/gcc/nios2-elf/4.7.3/../../../../../H-i686-pc-linux-gnu/nios2-elf/lib/mno-hw-mul/libsmallc.a(lib_a-printf.o) (___vfprintf_internal_r)
/home/patrick/altera/13.1/nios2eds/bin/gnu/H-i686-pc-linux-gnu/bin/../lib/gcc/nios2-elf/4.7.3/../../../../../H-i686-pc-linux-gnu/nios2-elf/lib/mno-hw-mul/libsmallc.a(lib_a-fvwrite_small_dev.o)
                              /home/patrick/altera/13.1/nios2eds/bin/gnu/H-i686-pc-linux-gnu/bin/../lib/gcc/nios2-elf/4.7.3/../../../../../H-i686-pc-linux-gnu/nios2-elf/lib/mno-hw-mul/libsmallc.a(lib_a-printf.o) (__sfvwrite_small_dev)
/home/patrick/altera/13.1/nios2eds/bin/gnu/H-i686-pc-linux-gnu/bin/../lib/gcc/nios2-elf/4.7.3/../../../../../H-i686-pc-linux-gnu/nios2-elf/lib/mno-hw-mul/libsmallc.a(lib_a-impure.o)
                              /home/patrick/altera/13.1/nios2eds/bin/gnu/H-i686-pc-linux-gnu/bin/../lib/gcc/nios2-elf/4.7.3/../../../../../H-i686-pc-linux-gnu/nios2-elf/lib/mno-hw-mul/libsmallc.a(lib_a-printf.o) (_impure_ptr)
/home/patrick/altera/13.1/nios2eds/bin/gnu/H-i686-pc-linux-gnu/bin/../lib/gcc/nios2-elf/4.7.3/../../../../../H-i686-pc-linux-gnu/nios2-elf/lib/mno-hw-mul/libsmallc.a(lib_a-putc.o)
                              /home/patrick/altera/13.1/nios2eds/bin/gnu/H-i686-pc-linux-gnu/bin/../lib/gcc/nios2-elf/4.7.3/../../../../../H-i686-pc-linux-gnu/nios2-elf/lib/mno-hw-mul/libsmallc.a(lib_a-putchar.o) (_putc_r)
/home/patrick/altera/13.1/nios2eds/bin/gnu/H-i686-pc-linux-gnu/bin/../lib/gcc/nios2-elf/4.7.3/../../../../../H-i686-pc-linux-gnu/nios2-elf/lib/mno-hw-mul/libsmallc.a(lib_a-writer.o)
                              /home/patrick/altera/13.1/nios2eds/bin/gnu/H-i686-pc-linux-gnu/bin/../lib/gcc/nios2-elf/4.7.3/../../../../../H-i686-pc-linux-gnu/nios2-elf/lib/mno-hw-mul/libsmallc.a(lib_a-fvwrite_small_dev.o) (_write_r)
/home/patrick/altera/13.1/nios2eds/bin/gnu/H-i686-pc-linux-gnu/bin/../lib/gcc/nios2-elf/4.7.3/../../../../../H-i686-pc-linux-gnu/nios2-elf/lib/mno-hw-mul/libsmallc.a(lib_a-int_errno.o)
                              /home/patrick/altera/13.1/nios2eds/bin/gnu/H-i686-pc-linux-gnu/bin/../lib/gcc/nios2-elf/4.7.3/../../../../../H-i686-pc-linux-gnu/nios2-elf/lib/mno-hw-mul/libsmallc.a(lib_a-writer.o) (errno)
/home/patrick/altera/13.1/nios2eds/bin/gnu/H-i686-pc-linux-gnu/bin/../lib/gcc/nios2-elf/4.7.3/mno-hw-mul/libgcc.a(lib2-mul.o)
                              /home/patrick/altera/13.1/nios2eds/bin/gnu/H-i686-pc-linux-gnu/bin/../lib/gcc/nios2-elf/4.7.3/../../../../../H-i686-pc-linux-gnu/nios2-elf/lib/mno-hw-mul/libsmallc.a(lib_a-vfprintf.o) (__mulsi3)
../count_binary_bsp//libhal_bsp.a(alt_load.o)
                              ../count_binary_bsp//obj/HAL/src/crt0.o (alt_load)
../count_binary_bsp//libhal_bsp.a(alt_main.o)
                              ../count_binary_bsp//obj/HAL/src/crt0.o (alt_main)
../count_binary_bsp//libhal_bsp.a(alt_usleep.o)
                              obj/default/count_binary.o (usleep)
../count_binary_bsp//libhal_bsp.a(alt_write.o)
                              /home/patrick/altera/13.1/nios2eds/bin/gnu/H-i686-pc-linux-gnu/bin/../lib/gcc/nios2-elf/4.7.3/../../../../../H-i686-pc-linux-gnu/nios2-elf/lib/mno-hw-mul/libsmallc.a(lib_a-writer.o) (write)
../count_binary_bsp//libhal_bsp.a(alt_sys_init.o)
                              ../count_binary_bsp//libhal_bsp.a(alt_main.o) (alt_irq_init)
../count_binary_bsp//libhal_bsp.a(altera_avalon_jtag_uart_fd.o)
                              ../count_binary_bsp//libhal_bsp.a(alt_sys_init.o) (altera_avalon_jtag_uart_read_fd)
../count_binary_bsp//libhal_bsp.a(altera_avalon_jtag_uart_read.o)
                              ../count_binary_bsp//libhal_bsp.a(altera_avalon_jtag_uart_fd.o) (altera_avalon_jtag_uart_read)
../count_binary_bsp//libhal_bsp.a(altera_avalon_jtag_uart_write.o)
                              ../count_binary_bsp//libhal_bsp.a(altera_avalon_jtag_uart_fd.o) (altera_avalon_jtag_uart_write)
../count_binary_bsp//libhal_bsp.a(altera_avalon_timer_sc.o)
                              ../count_binary_bsp//libhal_bsp.a(alt_sys_init.o) (alt_avalon_timer_sc_init)
../count_binary_bsp//libhal_bsp.a(alt_busy_sleep.o)
                              ../count_binary_bsp//libhal_bsp.a(alt_usleep.o) (alt_busy_sleep)
../count_binary_bsp//libhal_bsp.a(alt_close.o)
                              ../count_binary_bsp//libhal_bsp.a(alt_main.o) (close)
../count_binary_bsp//libhal_bsp.a(alt_dcache_flush_all.o)
                              ../count_binary_bsp//libhal_bsp.a(alt_load.o) (alt_dcache_flush_all)
../count_binary_bsp//libhal_bsp.a(alt_dev.o)
                              ../count_binary_bsp//libhal_bsp.a(alt_sys_init.o) (alt_dev_list)
../count_binary_bsp//libhal_bsp.a(alt_dev_llist_insert.o)
                              ../count_binary_bsp//libhal_bsp.a(alt_sys_init.o) (alt_dev_llist_insert)
../count_binary_bsp//libhal_bsp.a(alt_errno.o)
                              ../count_binary_bsp//libhal_bsp.a(alt_write.o) (alt_errno)
../count_binary_bsp//libhal_bsp.a(alt_icache_flush_all.o)
                              ../count_binary_bsp//libhal_bsp.a(alt_load.o) (alt_icache_flush_all)
../count_binary_bsp//libhal_bsp.a(alt_iic.o)
                              ../count_binary_bsp//libhal_bsp.a(altera_avalon_timer_sc.o) (alt_ic_isr_register)
../count_binary_bsp//libhal_bsp.a(alt_iic_isr_register.o)
                              ../count_binary_bsp//libhal_bsp.a(alt_iic.o) (alt_iic_isr_register)
../count_binary_bsp//libhal_bsp.a(alt_io_redirect.o)
                              ../count_binary_bsp//libhal_bsp.a(alt_main.o) (alt_io_redirect)
../count_binary_bsp//libhal_bsp.a(alt_irq_entry.o)
                              ../count_binary_bsp//libhal_bsp.a(alt_iic_isr_register.o) (alt_irq_entry)
../count_binary_bsp//libhal_bsp.a(alt_irq_handler.o)
                              ../count_binary_bsp//libhal_bsp.a(alt_iic_isr_register.o) (alt_irq)
../count_binary_bsp//libhal_bsp.a(alt_irq_vars.o)
                              ../count_binary_bsp//libhal_bsp.a(alt_iic.o) (alt_irq_active)
../count_binary_bsp//libhal_bsp.a(alt_open.o)
                              ../count_binary_bsp//libhal_bsp.a(alt_io_redirect.o) (open)
../count_binary_bsp//libhal_bsp.a(alt_release_fd.o)
                              ../count_binary_bsp//libhal_bsp.a(alt_close.o) (alt_release_fd)
../count_binary_bsp//libhal_bsp.a(alt_tick.o)
                              ../count_binary_bsp//libhal_bsp.a(altera_avalon_timer_sc.o) (_alt_tick_rate)
../count_binary_bsp//libhal_bsp.a(altera_nios2_qsys_irq.o)
                              ../count_binary_bsp//libhal_bsp.a(alt_sys_init.o) (altera_nios2_qsys_irq_init)
../count_binary_bsp//libhal_bsp.a(alt_exception_entry.o)
                              ../count_binary_bsp//libhal_bsp.a(alt_irq_entry.o) (alt_exception)
../count_binary_bsp//libhal_bsp.a(alt_find_dev.o)
                              ../count_binary_bsp//libhal_bsp.a(alt_open.o) (alt_find_dev)
../count_binary_bsp//libhal_bsp.a(alt_find_file.o)
                              ../count_binary_bsp//libhal_bsp.a(alt_open.o) (alt_find_file)
../count_binary_bsp//libhal_bsp.a(alt_get_fd.o)
                              ../count_binary_bsp//libhal_bsp.a(alt_open.o) (alt_get_fd)
../count_binary_bsp//libhal_bsp.a(alt_icache_flush.o)
                              ../count_binary_bsp//libhal_bsp.a(alt_icache_flush_all.o) (alt_icache_flush)
/home/patrick/altera/13.1/nios2eds/bin/gnu/H-i686-pc-linux-gnu/bin/../lib/gcc/nios2-elf/4.7.3/../../../../../H-i686-pc-linux-gnu/nios2-elf/lib/mno-hw-mul/libsmallc.a(lib_a-exit.o)
                              ../count_binary_bsp//libhal_bsp.a(alt_main.o) (exit)
/home/patrick/altera/13.1/nios2eds/bin/gnu/H-i686-pc-linux-gnu/bin/../lib/gcc/nios2-elf/4.7.3/../../../../../H-i686-pc-linux-gnu/nios2-elf/lib/mno-hw-mul/libsmallc.a(lib_a-memcmp.o)
                              ../count_binary_bsp//libhal_bsp.a(alt_find_dev.o) (memcmp)
/home/patrick/altera/13.1/nios2eds/bin/gnu/H-i686-pc-linux-gnu/bin/../lib/gcc/nios2-elf/4.7.3/../../../../../H-i686-pc-linux-gnu/nios2-elf/lib/mno-hw-mul/libsmallc.a(lib_a-__call_atexit.o)
                              /home/patrick/altera/13.1/nios2eds/bin/gnu/H-i686-pc-linux-gnu/bin/../lib/gcc/nios2-elf/4.7.3/../../../../../H-i686-pc-linux-gnu/nios2-elf/lib/mno-hw-mul/libsmallc.a(lib_a-exit.o) (__call_exitprocs)
../count_binary_bsp//libhal_bsp.a(alt_exit.o)
                              /home/patrick/altera/13.1/nios2eds/bin/gnu/H-i686-pc-linux-gnu/bin/../lib/gcc/nios2-elf/4.7.3/../../../../../H-i686-pc-linux-gnu/nios2-elf/lib/mno-hw-mul/libsmallc.a(lib_a-exit.o) (_exit)

Allocating common symbols
Common symbol       size              file

alt_irq             0x100             ../count_binary_bsp//libhal_bsp.a(alt_irq_handler.o)
edge_capture        0x4               obj/default/count_binary.o
errno               0x4               /home/patrick/altera/13.1/nios2eds/bin/gnu/H-i686-pc-linux-gnu/bin/../lib/gcc/nios2-elf/4.7.3/../../../../../H-i686-pc-linux-gnu/nios2-elf/lib/mno-hw-mul/libsmallc.a(lib_a-int_errno.o)

Memory Configuration

Name             Origin             Length             Attributes
reset            0x00008000         0x00000020
onchip_mem       0x00008020         0x00004fe0
*default*        0x00000000         0xffffffff

Linker script and memory map

LOAD ../count_binary_bsp//obj/HAL/src/crt0.o
LOAD obj/default/count_binary.o
LOAD /home/patrick/altera/13.1/nios2eds/bin/gnu/H-i686-pc-linux-gnu/bin/../lib/gcc/nios2-elf/4.7.3/../../../../../H-i686-pc-linux-gnu/nios2-elf/lib/mno-hw-mul/libstdc++.a
LOAD /home/patrick/altera/13.1/nios2eds/bin/gnu/H-i686-pc-linux-gnu/bin/../lib/gcc/nios2-elf/4.7.3/../../../../../H-i686-pc-linux-gnu/nios2-elf/lib/mno-hw-mul/libm.a
LOAD /home/patrick/altera/13.1/nios2eds/bin/gnu/H-i686-pc-linux-gnu/bin/../lib/gcc/nios2-elf/4.7.3/mno-hw-mul/libgcc.a
START GROUP
LOAD /home/patrick/altera/13.1/nios2eds/bin/gnu/H-i686-pc-linux-gnu/bin/../lib/gcc/nios2-elf/4.7.3/../../../../../H-i686-pc-linux-gnu/nios2-elf/lib/mno-hw-mul/libsmallc.a
LOAD /home/patrick/altera/13.1/nios2eds/bin/gnu/H-i686-pc-linux-gnu/bin/../lib/gcc/nios2-elf/4.7.3/mno-hw-mul/libgcc.a
LOAD ../count_binary_bsp//libhal_bsp.a
END GROUP
LOAD /home/patrick/altera/13.1/nios2eds/bin/gnu/H-i686-pc-linux-gnu/bin/../lib/gcc/nios2-elf/4.7.3/mno-hw-mul/libgcc.a
                0x00008000                __alt_mem_onchip_mem = 0x8000

.entry          0x00008000       0x20
 *(.entry)
 .entry         0x00008000       0x20 ../count_binary_bsp//obj/HAL/src/crt0.o
                0x00008000                __reset

.exceptions     0x00008020      0x198
                0x00008020                PROVIDE (__ram_exceptions_start, ABSOLUTE (.))
                0x00008020                . = ALIGN (0x20)
 *(.irq)
 *(.exceptions.entry.label)
 .exceptions.entry.label
                0x00008020        0x0 ../count_binary_bsp//libhal_bsp.a(alt_irq_entry.o)
                0x00008020                alt_irq_entry
 .exceptions.entry.label
                0x00008020        0x0 ../count_binary_bsp//libhal_bsp.a(alt_exception_entry.o)
                0x00008020                alt_exception
 *(.exceptions.entry.user)
 *(.exceptions.entry.ecc_fatal)
 *(.exceptions.entry)
 .exceptions.entry
                0x00008020       0x54 ../count_binary_bsp//libhal_bsp.a(alt_exception_entry.o)
 *(.exceptions.irqtest.user)
 *(.exceptions.irqtest)
 .exceptions.irqtest
                0x00008074       0x10 ../count_binary_bsp//libhal_bsp.a(alt_irq_entry.o)
 *(.exceptions.irqhandler.user)
 *(.exceptions.irqhandler)
 .exceptions.irqhandler
                0x00008084        0x4 ../count_binary_bsp//libhal_bsp.a(alt_irq_entry.o)
 *(.exceptions.irqreturn.user)
 *(.exceptions.irqreturn)
 .exceptions.irqreturn
                0x00008088        0x4 ../count_binary_bsp//libhal_bsp.a(alt_irq_entry.o)
 *(.exceptions.notirq.label)
 .exceptions.notirq.label
                0x0000808c        0x0 ../count_binary_bsp//libhal_bsp.a(alt_irq_entry.o)
 *(.exceptions.notirq.user)
 *(.exceptions.notirq)
 .exceptions.notirq
                0x0000808c        0x8 ../count_binary_bsp//libhal_bsp.a(alt_exception_entry.o)
 *(.exceptions.soft.user)
 *(.exceptions.soft)
 *(.exceptions.unknown.user)
 *(.exceptions.unknown)
 .exceptions.unknown
                0x00008094        0x4 ../count_binary_bsp//libhal_bsp.a(alt_exception_entry.o)
 *(.exceptions.exit.label)
 .exceptions.exit.label
                0x00008098        0x0 ../count_binary_bsp//libhal_bsp.a(alt_irq_entry.o)
 .exceptions.exit.label
                0x00008098        0x0 ../count_binary_bsp//libhal_bsp.a(alt_exception_entry.o)
 *(.exceptions.exit.user)
 *(.exceptions.exit)
 .exceptions.exit
                0x00008098       0x54 ../count_binary_bsp//libhal_bsp.a(alt_exception_entry.o)
 *(.exceptions)
 .exceptions    0x000080ec       0xcc ../count_binary_bsp//libhal_bsp.a(alt_irq_handler.o)
                0x000080ec                alt_irq_handler
                0x000081b8                PROVIDE (__ram_exceptions_end, ABSOLUTE (.))
                0x00008020                PROVIDE (__flash_exceptions_start, LOADADDR (.exceptions))

.text           0x000081b8     0x28e0
                0x000081b8                PROVIDE (stext, ABSOLUTE (.))
 *(.interp)
 *(.hash)
 *(.dynsym)
 *(.dynstr)
 *(.gnu.version)
 *(.gnu.version_d)
 *(.gnu.version_r)
 *(.rel.init)
 *(.rela.init)
 *(.rel.text .rel.text.* .rel.gnu.linkonce.t.*)
 *(.rela.text .rela.text.* .rela.gnu.linkonce.t.*)
 *(.rel.fini)
 *(.rela.fini)
 *(.rel.rodata .rel.rodata.* .rel.gnu.linkonce.r.*)
 *(.rela.rodata .rela.rodata.* .rela.gnu.linkonce.r.*)
 *(.rel.data .rel.data.* .rel.gnu.linkonce.d.*)
 *(.rela.data .rela.data.* .rela.gnu.linkonce.d.*)
 *(.rel.tdata .rel.tdata.* .rel.gnu.linkonce.td.*)
 *(.rela.tdata .rela.tdata.* .rela.gnu.linkonce.td.*)
 *(.rel.tbss .rel.tbss.* .rel.gnu.linkonce.tb.*)
 *(.rela.tbss .rela.tbss.* .rela.gnu.linkonce.tb.*)
 *(.rel.ctors)
 *(.rela.ctors)
 *(.rel.dtors)
 *(.rela.dtors)
 *(.rel.got)
 *(.rela.got)
 *(.rel.sdata .rel.sdata.* .rel.gnu.linkonce.s.*)
 *(.rela.sdata .rela.sdata.* .rela.gnu.linkonce.s.*)
 *(.rel.sbss .rel.sbss.* .rel.gnu.linkonce.sb.*)
 *(.rela.sbss .rela.sbss.* .rela.gnu.linkonce.sb.*)
 *(.rel.sdata2 .rel.sdata2.* .rel.gnu.linkonce.s2.*)
 *(.rela.sdata2 .rela.sdata2.* .rela.gnu.linkonce.s2.*)
 *(.rel.sbss2 .rel.sbss2.* .rel.gnu.linkonce.sb2.*)
 *(.rela.sbss2 .rela.sbss2.* .rela.gnu.linkonce.sb2.*)
 *(.rel.bss .rel.bss.* .rel.gnu.linkonce.b.*)
 *(.rela.bss .rela.bss.* .rela.gnu.linkonce.b.*)
 *(.rel.plt)
 *(.rela.plt)
 *(.rel.dyn)
 *(.init)
 *(.plt)
 *(.text .stub .text.* .gnu.linkonce.t.*)
 .text          0x000081b8       0x3c ../count_binary_bsp//obj/HAL/src/crt0.o
                0x000081b8                _start
 .text          0x000081f4      0x374 obj/default/count_binary.o
                0x00008468                main
 .text          0x00008568      0x130 /home/patrick/altera/13.1/nios2eds/bin/gnu/H-i686-pc-linux-gnu/bin/../lib/gcc/nios2-elf/4.7.3/mno-hw-mul/libgcc.a(lib2-divmod.o)
                0x000085dc                __divsi3
                0x0000862c                __modsi3
                0x00008688                __udivsi3
                0x00008690                __umodsi3
 .text          0x00008698       0x88 /home/patrick/altera/13.1/nios2eds/bin/gnu/H-i686-pc-linux-gnu/bin/../lib/gcc/nios2-elf/4.7.3/../../../../../H-i686-pc-linux-gnu/nios2-elf/lib/mno-hw-mul/libsmallc.a(lib_a-printf.o)
                0x00008698                _printf_r
                0x000086d4                printf
 .text          0x00008720       0x24 /home/patrick/altera/13.1/nios2eds/bin/gnu/H-i686-pc-linux-gnu/bin/../lib/gcc/nios2-elf/4.7.3/../../../../../H-i686-pc-linux-gnu/nios2-elf/lib/mno-hw-mul/libsmallc.a(lib_a-putchar.o)
                0x00008720                _putchar_r
                0x00008728                putchar
 .text          0x00008744       0x94 /home/patrick/altera/13.1/nios2eds/bin/gnu/H-i686-pc-linux-gnu/bin/../lib/gcc/nios2-elf/4.7.3/../../../../../H-i686-pc-linux-gnu/nios2-elf/lib/mno-hw-mul/libsmallc.a(lib_a-puts.o)
                0x00008744                _puts_r
                0x000087c4                puts
 .text          0x000087d8       0x28 /home/patrick/altera/13.1/nios2eds/bin/gnu/H-i686-pc-linux-gnu/bin/../lib/gcc/nios2-elf/4.7.3/../../../../../H-i686-pc-linux-gnu/nios2-elf/lib/mno-hw-mul/libsmallc.a(lib_a-strlen.o)
                0x000087d8                strlen
 .text          0x00008800      0x758 /home/patrick/altera/13.1/nios2eds/bin/gnu/H-i686-pc-linux-gnu/bin/../lib/gcc/nios2-elf/4.7.3/../../../../../H-i686-pc-linux-gnu/nios2-elf/lib/mno-hw-mul/libsmallc.a(lib_a-vfprintf.o)
                0x00008800                ___vfprintf_internal_r
                0x00008f34                __vfprintf_internal
 .text          0x00008f58       0xe0 /home/patrick/altera/13.1/nios2eds/bin/gnu/H-i686-pc-linux-gnu/bin/../lib/gcc/nios2-elf/4.7.3/../../../../../H-i686-pc-linux-gnu/nios2-elf/lib/mno-hw-mul/libsmallc.a(lib_a-fvwrite_small_dev.o)
                0x00008f58                __sfvwrite_small_dev
 .text          0x00009038        0x0 /home/patrick/altera/13.1/nios2eds/bin/gnu/H-i686-pc-linux-gnu/bin/../lib/gcc/nios2-elf/4.7.3/../../../../../H-i686-pc-linux-gnu/nios2-elf/lib/mno-hw-mul/libsmallc.a(lib_a-impure.o)
 .text          0x00009038       0xbc /home/patrick/altera/13.1/nios2eds/bin/gnu/H-i686-pc-linux-gnu/bin/../lib/gcc/nios2-elf/4.7.3/../../../../../H-i686-pc-linux-gnu/nios2-elf/lib/mno-hw-mul/libsmallc.a(lib_a-putc.o)
                0x00009038                putc
                0x00009094                _putc_r
 .text          0x000090f4       0x6c /home/patrick/altera/13.1/nios2eds/bin/gnu/H-i686-pc-linux-gnu/bin/../lib/gcc/nios2-elf/4.7.3/../../../../../H-i686-pc-linux-gnu/nios2-elf/lib/mno-hw-mul/libsmallc.a(lib_a-writer.o)
                0x000090f4                _write_r
 .text          0x00009160        0x0 /home/patrick/altera/13.1/nios2eds/bin/gnu/H-i686-pc-linux-gnu/bin/../lib/gcc/nios2-elf/4.7.3/../../../../../H-i686-pc-linux-gnu/nios2-elf/lib/mno-hw-mul/libsmallc.a(lib_a-int_errno.o)
 .text          0x00009160       0x28 /home/patrick/altera/13.1/nios2eds/bin/gnu/H-i686-pc-linux-gnu/bin/../lib/gcc/nios2-elf/4.7.3/mno-hw-mul/libgcc.a(lib2-mul.o)
                0x00009160                __mulsi3
 .text          0x00009188       0xec ../count_binary_bsp//libhal_bsp.a(alt_load.o)
                0x000091f4                alt_load
 .text          0x00009274       0x68 ../count_binary_bsp//libhal_bsp.a(alt_main.o)
                0x00009274                alt_main
 .text          0x000092dc       0x30 ../count_binary_bsp//libhal_bsp.a(alt_usleep.o)
                0x000092dc                usleep
 .text          0x0000930c      0x140 ../count_binary_bsp//libhal_bsp.a(alt_write.o)
                0x0000935c                write
 .text          0x0000944c       0xb8 ../count_binary_bsp//libhal_bsp.a(alt_sys_init.o)
                0x00009484                alt_irq_init
                0x000094b8                alt_sys_init
 .text          0x00009504       0xc0 ../count_binary_bsp//libhal_bsp.a(altera_avalon_jtag_uart_fd.o)
                0x00009504                altera_avalon_jtag_uart_read_fd
                0x00009564                altera_avalon_jtag_uart_write_fd
 .text          0x000095c4       0xf4 ../count_binary_bsp//libhal_bsp.a(altera_avalon_jtag_uart_read.o)
                0x000095c4                altera_avalon_jtag_uart_read
 .text          0x000096b8       0x98 ../count_binary_bsp//libhal_bsp.a(altera_avalon_jtag_uart_write.o)
                0x000096b8                altera_avalon_jtag_uart_write
 .text          0x00009750       0xfc ../count_binary_bsp//libhal_bsp.a(altera_avalon_timer_sc.o)
                0x000097c4                alt_avalon_timer_sc_init
 .text          0x0000984c      0x154 ../count_binary_bsp//libhal_bsp.a(alt_busy_sleep.o)
                0x0000984c                alt_busy_sleep
 .text          0x000099a0      0x11c ../count_binary_bsp//libhal_bsp.a(alt_close.o)
                0x000099f0                close
 .text          0x00009abc       0x1c ../count_binary_bsp//libhal_bsp.a(alt_dcache_flush_all.o)
                0x00009abc                alt_dcache_flush_all
 .text          0x00009ad8       0x2c ../count_binary_bsp//libhal_bsp.a(alt_dev.o)
 .text          0x00009b04       0xf0 ../count_binary_bsp//libhal_bsp.a(alt_dev_llist_insert.o)
                0x00009b54                alt_dev_llist_insert
 .text          0x00009bf4        0x0 ../count_binary_bsp//libhal_bsp.a(alt_errno.o)
 .text          0x00009bf4       0x30 ../count_binary_bsp//libhal_bsp.a(alt_icache_flush_all.o)
                0x00009bf4                alt_icache_flush_all
 .text          0x00009c24      0x1d8 ../count_binary_bsp//libhal_bsp.a(alt_iic.o)
                0x00009c24                alt_ic_isr_register
                0x00009c74                alt_ic_irq_enable
                0x00009d10                alt_ic_irq_disable
                0x00009db0                alt_ic_irq_enabled
 .text          0x00009dfc       0xf0 ../count_binary_bsp//libhal_bsp.a(alt_iic_isr_register.o)
                0x00009dfc                alt_iic_isr_register
 .text          0x00009eec      0x158 ../count_binary_bsp//libhal_bsp.a(alt_io_redirect.o)
                0x00009fcc                alt_io_redirect
 .text          0x0000a044        0x0 ../count_binary_bsp//libhal_bsp.a(alt_irq_entry.o)
 .text          0x0000a044        0x0 ../count_binary_bsp//libhal_bsp.a(alt_irq_handler.o)
 .text          0x0000a044        0x0 ../count_binary_bsp//libhal_bsp.a(alt_irq_vars.o)
 .text          0x0000a044      0x298 ../count_binary_bsp//libhal_bsp.a(alt_open.o)
                0x0000a184                open
 .text          0x0000a2dc       0x80 ../count_binary_bsp//libhal_bsp.a(alt_release_fd.o)
                0x0000a2dc                alt_release_fd
 .text          0x0000a35c      0x19c ../count_binary_bsp//libhal_bsp.a(alt_tick.o)
                0x0000a35c                alt_alarm_stop
                0x0000a3f4                alt_tick
 .text          0x0000a4f8       0x20 ../count_binary_bsp//libhal_bsp.a(altera_nios2_qsys_irq.o)
                0x0000a4f8                altera_nios2_qsys_irq_init
 .text          0x0000a518        0x0 ../count_binary_bsp//libhal_bsp.a(alt_exception_entry.o)
 .text          0x0000a518       0x90 ../count_binary_bsp//libhal_bsp.a(alt_find_dev.o)
                0x0000a518                alt_find_dev
 .text          0x0000a5a8      0x114 ../count_binary_bsp//libhal_bsp.a(alt_find_file.o)
                0x0000a5a8                alt_find_file
 .text          0x0000a6bc       0xd4 ../count_binary_bsp//libhal_bsp.a(alt_get_fd.o)
                0x0000a6bc                alt_get_fd
 .text          0x0000a790       0x8c ../count_binary_bsp//libhal_bsp.a(alt_icache_flush.o)
                0x0000a790                alt_icache_flush
 .text          0x0000a81c       0x20 /home/patrick/altera/13.1/nios2eds/bin/gnu/H-i686-pc-linux-gnu/bin/../lib/gcc/nios2-elf/4.7.3/../../../../../H-i686-pc-linux-gnu/nios2-elf/lib/mno-hw-mul/libsmallc.a(lib_a-exit.o)
                0x0000a81c                exit
 .text          0x0000a83c       0x48 /home/patrick/altera/13.1/nios2eds/bin/gnu/H-i686-pc-linux-gnu/bin/../lib/gcc/nios2-elf/4.7.3/../../../../../H-i686-pc-linux-gnu/nios2-elf/lib/mno-hw-mul/libsmallc.a(lib_a-memcmp.o)
                0x0000a83c                memcmp
 .text          0x0000a884      0x1d8 /home/patrick/altera/13.1/nios2eds/bin/gnu/H-i686-pc-linux-gnu/bin/../lib/gcc/nios2-elf/4.7.3/../../../../../H-i686-pc-linux-gnu/nios2-elf/lib/mno-hw-mul/libsmallc.a(lib_a-__call_atexit.o)
                0x0000a884                __call_exitprocs
 .text          0x0000aa5c       0x3c ../count_binary_bsp//libhal_bsp.a(alt_exit.o)
                0x0000aa5c                _exit
 *(.gnu.warning.*)
 *(.fini)
                0x0000aa98                PROVIDE (__etext, ABSOLUTE (.))
                0x0000aa98                PROVIDE (_etext, ABSOLUTE (.))
                0x0000aa98                PROVIDE (etext, ABSOLUTE (.))
 *(.eh_frame_hdr)
                0x0000aa98                . = ALIGN (0x4)
                0x0000aa98                PROVIDE (__preinit_array_start, ABSOLUTE (.))
 *(.preinit_array)
                0x0000aa98                PROVIDE (__preinit_array_end, ABSOLUTE (.))
                0x0000aa98                PROVIDE (__init_array_start, ABSOLUTE (.))
 *(.init_array)
                0x0000aa98                PROVIDE (__init_array_end, ABSOLUTE (.))
                0x0000aa98                PROVIDE (__fini_array_start, ABSOLUTE (.))
 *(.fini_array)
                0x0000aa98                PROVIDE (__fini_array_end, ABSOLUTE (.))
 *(.eh_frame)
 *(.gcc_except_table .gcc_except_table.*)
 *(.dynamic)
                0x0000aa98                PROVIDE (__CTOR_LIST__, ABSOLUTE (.))
 *(.ctors)
 *(SORT(.ctors.*))
                0x0000aa98                PROVIDE (__CTOR_END__, ABSOLUTE (.))
                0x0000aa98                PROVIDE (__DTOR_LIST__, ABSOLUTE (.))
 *(.dtors)
 *(SORT(.dtors.*))
                0x0000aa98                PROVIDE (__DTOR_END__, ABSOLUTE (.))
 *(.jcr)
                0x0000aa98                . = ALIGN (0x4)

.rodata         0x0000aa98      0x110
                0x0000aa98                PROVIDE (__ram_rodata_start, ABSOLUTE (.))
                0x0000aa98                . = ALIGN (0x4)
 *(.rodata .rodata.* .gnu.linkonce.r.*)
 .rodata        0x0000aa98       0xe0 obj/default/count_binary.o
 .rodata.str1.4
                0x0000ab78        0x4 /home/patrick/altera/13.1/nios2eds/bin/gnu/H-i686-pc-linux-gnu/bin/../lib/gcc/nios2-elf/4.7.3/../../../../../H-i686-pc-linux-gnu/nios2-elf/lib/mno-hw-mul/libsmallc.a(lib_a-puts.o)
 .rodata        0x0000ab7c       0x10 ../count_binary_bsp//libhal_bsp.a(alt_main.o)
 .rodata        0x0000ab8c       0x10 ../count_binary_bsp//libhal_bsp.a(alt_sys_init.o)
 .rodata        0x0000ab9c        0xc ../count_binary_bsp//libhal_bsp.a(alt_dev.o)
 *(.rodata1)
                0x0000aba8                . = ALIGN (0x4)
                0x0000aba8                PROVIDE (__ram_rodata_end, ABSOLUTE (.))
                0x0000aa98                PROVIDE (__flash_rodata_start, LOADADDR (.rodata))

.rwdata         0x0000aba8      0x2e0 load address 0x0000ae88
                0x0000aba8                PROVIDE (__ram_rwdata_start, ABSOLUTE (.))
                0x0000aba8                . = ALIGN (0x4)
 *(.got.plt)
 *(.got)
 *(.data1)
 *(.data .data.* .gnu.linkonce.d.*)
 .data          0x0000aba8        0x0 ../count_binary_bsp//obj/HAL/src/crt0.o
 .data          0x0000aba8        0x0 obj/default/count_binary.o
 .data          0x0000aba8        0x0 /home/patrick/altera/13.1/nios2eds/bin/gnu/H-i686-pc-linux-gnu/bin/../lib/gcc/nios2-elf/4.7.3/mno-hw-mul/libgcc.a(lib2-divmod.o)
 .data          0x0000aba8        0x0 /home/patrick/altera/13.1/nios2eds/bin/gnu/H-i686-pc-linux-gnu/bin/../lib/gcc/nios2-elf/4.7.3/../../../../../H-i686-pc-linux-gnu/nios2-elf/lib/mno-hw-mul/libsmallc.a(lib_a-printf.o)
 .data          0x0000aba8        0x0 /home/patrick/altera/13.1/nios2eds/bin/gnu/H-i686-pc-linux-gnu/bin/../lib/gcc/nios2-elf/4.7.3/../../../../../H-i686-pc-linux-gnu/nios2-elf/lib/mno-hw-mul/libsmallc.a(lib_a-putchar.o)
 .data          0x0000aba8        0x0 /home/patrick/altera/13.1/nios2eds/bin/gnu/H-i686-pc-linux-gnu/bin/../lib/gcc/nios2-elf/4.7.3/../../../../../H-i686-pc-linux-gnu/nios2-elf/lib/mno-hw-mul/libsmallc.a(lib_a-puts.o)
 .data          0x0000aba8        0x0 /home/patrick/altera/13.1/nios2eds/bin/gnu/H-i686-pc-linux-gnu/bin/../lib/gcc/nios2-elf/4.7.3/../../../../../H-i686-pc-linux-gnu/nios2-elf/lib/mno-hw-mul/libsmallc.a(lib_a-strlen.o)
 .data          0x0000aba8        0x0 /home/patrick/altera/13.1/nios2eds/bin/gnu/H-i686-pc-linux-gnu/bin/../lib/gcc/nios2-elf/4.7.3/../../../../../H-i686-pc-linux-gnu/nios2-elf/lib/mno-hw-mul/libsmallc.a(lib_a-vfprintf.o)
 .data          0x0000aba8        0x0 /home/patrick/altera/13.1/nios2eds/bin/gnu/H-i686-pc-linux-gnu/bin/../lib/gcc/nios2-elf/4.7.3/../../../../../H-i686-pc-linux-gnu/nios2-elf/lib/mno-hw-mul/libsmallc.a(lib_a-fvwrite_small_dev.o)
 .data          0x0000aba8       0xe0 /home/patrick/altera/13.1/nios2eds/bin/gnu/H-i686-pc-linux-gnu/bin/../lib/gcc/nios2-elf/4.7.3/../../../../../H-i686-pc-linux-gnu/nios2-elf/lib/mno-hw-mul/libsmallc.a(lib_a-impure.o)
 .data          0x0000ac88        0x0 /home/patrick/altera/13.1/nios2eds/bin/gnu/H-i686-pc-linux-gnu/bin/../lib/gcc/nios2-elf/4.7.3/../../../../../H-i686-pc-linux-gnu/nios2-elf/lib/mno-hw-mul/libsmallc.a(lib_a-putc.o)
 .data          0x0000ac88        0x0 /home/patrick/altera/13.1/nios2eds/bin/gnu/H-i686-pc-linux-gnu/bin/../lib/gcc/nios2-elf/4.7.3/../../../../../H-i686-pc-linux-gnu/nios2-elf/lib/mno-hw-mul/libsmallc.a(lib_a-writer.o)
 .data          0x0000ac88        0x0 /home/patrick/altera/13.1/nios2eds/bin/gnu/H-i686-pc-linux-gnu/bin/../lib/gcc/nios2-elf/4.7.3/../../../../../H-i686-pc-linux-gnu/nios2-elf/lib/mno-hw-mul/libsmallc.a(lib_a-int_errno.o)
 .data          0x0000ac88        0x0 /home/patrick/altera/13.1/nios2eds/bin/gnu/H-i686-pc-linux-gnu/bin/../lib/gcc/nios2-elf/4.7.3/mno-hw-mul/libgcc.a(lib2-mul.o)
 .data          0x0000ac88        0x0 ../count_binary_bsp//libhal_bsp.a(alt_load.o)
 .data          0x0000ac88        0x0 ../count_binary_bsp//libhal_bsp.a(alt_main.o)
 .data          0x0000ac88        0x0 ../count_binary_bsp//libhal_bsp.a(alt_usleep.o)
 .data          0x0000ac88        0x0 ../count_binary_bsp//libhal_bsp.a(alt_write.o)
 .data          0x0000ac88       0x2c ../count_binary_bsp//libhal_bsp.a(alt_sys_init.o)
 .data          0x0000acb4        0x0 ../count_binary_bsp//libhal_bsp.a(altera_avalon_jtag_uart_fd.o)
 .data          0x0000acb4        0x0 ../count_binary_bsp//libhal_bsp.a(altera_avalon_jtag_uart_read.o)
 .data          0x0000acb4        0x0 ../count_binary_bsp//libhal_bsp.a(altera_avalon_jtag_uart_write.o)
 .data          0x0000acb4        0x0 ../count_binary_bsp//libhal_bsp.a(altera_avalon_timer_sc.o)
 .data          0x0000acb4        0x0 ../count_binary_bsp//libhal_bsp.a(alt_busy_sleep.o)
 .data          0x0000acb4        0x0 ../count_binary_bsp//libhal_bsp.a(alt_close.o)
 .data          0x0000acb4        0x0 ../count_binary_bsp//libhal_bsp.a(alt_dcache_flush_all.o)
 .data          0x0000acb4      0x1a8 ../count_binary_bsp//libhal_bsp.a(alt_dev.o)
                0x0000acb4                alt_dev_null
                0x0000acdc                alt_fd_list
 .data          0x0000ae5c        0x0 ../count_binary_bsp//libhal_bsp.a(alt_dev_llist_insert.o)
 .data          0x0000ae5c        0x0 ../count_binary_bsp//libhal_bsp.a(alt_errno.o)
 .data          0x0000ae5c        0x0 ../count_binary_bsp//libhal_bsp.a(alt_icache_flush_all.o)
 .data          0x0000ae5c        0x0 ../count_binary_bsp//libhal_bsp.a(alt_iic.o)
 .data          0x0000ae5c        0x0 ../count_binary_bsp//libhal_bsp.a(alt_iic_isr_register.o)
 .data          0x0000ae5c        0x0 ../count_binary_bsp//libhal_bsp.a(alt_io_redirect.o)
 .data          0x0000ae5c        0x0 ../count_binary_bsp//libhal_bsp.a(alt_irq_entry.o)
 .data          0x0000ae5c        0x0 ../count_binary_bsp//libhal_bsp.a(alt_irq_handler.o)
 .data          0x0000ae5c        0x0 ../count_binary_bsp//libhal_bsp.a(alt_irq_vars.o)
 .data          0x0000ae5c        0x0 ../count_binary_bsp//libhal_bsp.a(alt_open.o)
 .data          0x0000ae5c        0x0 ../count_binary_bsp//libhal_bsp.a(alt_release_fd.o)
 .data          0x0000ae5c        0x0 ../count_binary_bsp//libhal_bsp.a(alt_tick.o)
 .data          0x0000ae5c        0x0 ../count_binary_bsp//libhal_bsp.a(altera_nios2_qsys_irq.o)
 .data          0x0000ae5c        0x0 ../count_binary_bsp//libhal_bsp.a(alt_exception_entry.o)
 .data          0x0000ae5c        0x0 ../count_binary_bsp//libhal_bsp.a(alt_find_dev.o)
 .data          0x0000ae5c        0x0 ../count_binary_bsp//libhal_bsp.a(alt_find_file.o)
 .data          0x0000ae5c        0x0 ../count_binary_bsp//libhal_bsp.a(alt_get_fd.o)
 .data          0x0000ae5c        0x0 ../count_binary_bsp//libhal_bsp.a(alt_icache_flush.o)
 .data          0x0000ae5c        0x0 /home/patrick/altera/13.1/nios2eds/bin/gnu/H-i686-pc-linux-gnu/bin/../lib/gcc/nios2-elf/4.7.3/../../../../../H-i686-pc-linux-gnu/nios2-elf/lib/mno-hw-mul/libsmallc.a(lib_a-exit.o)
 .data          0x0000ae5c        0x0 /home/patrick/altera/13.1/nios2eds/bin/gnu/H-i686-pc-linux-gnu/bin/../lib/gcc/nios2-elf/4.7.3/../../../../../H-i686-pc-linux-gnu/nios2-elf/lib/mno-hw-mul/libsmallc.a(lib_a-memcmp.o)
 .data          0x0000ae5c        0x0 /home/patrick/altera/13.1/nios2eds/bin/gnu/H-i686-pc-linux-gnu/bin/../lib/gcc/nios2-elf/4.7.3/../../../../../H-i686-pc-linux-gnu/nios2-elf/lib/mno-hw-mul/libsmallc.a(lib_a-__call_atexit.o)
 .data          0x0000ae5c        0x0 ../count_binary_bsp//libhal_bsp.a(alt_exit.o)
                0x00012e5c                _gp = ABSOLUTE ((. + 0x8000))
                0x00012e5c                PROVIDE (gp, _gp)
 *(.rwdata .rwdata.*)
 *(.sdata .sdata.* .gnu.linkonce.s.*)
 .sdata         0x0000ae5c        0x8 /home/patrick/altera/13.1/nios2eds/bin/gnu/H-i686-pc-linux-gnu/bin/../lib/gcc/nios2-elf/4.7.3/../../../../../H-i686-pc-linux-gnu/nios2-elf/lib/mno-hw-mul/libsmallc.a(lib_a-impure.o)
                0x0000ae5c                _global_impure_ptr
                0x0000ae60                _impure_ptr
 .sdata         0x0000ae64       0x14 ../count_binary_bsp//libhal_bsp.a(alt_dev.o)
                0x0000ae64                alt_fs_list
                0x0000ae6c                alt_dev_list
                0x0000ae74                alt_max_fd
 .sdata         0x0000ae78        0x4 ../count_binary_bsp//libhal_bsp.a(alt_errno.o)
                0x0000ae78                alt_errno
 .sdata         0x0000ae7c        0x4 ../count_binary_bsp//libhal_bsp.a(alt_irq_vars.o)
                0x0000ae7c                alt_priority_mask
 .sdata         0x0000ae80        0x8 ../count_binary_bsp//libhal_bsp.a(alt_tick.o)
                0x0000ae80                alt_alarm_list
 *(.sdata2 .sdata2.* .gnu.linkonce.s2.*)
                0x0000ae88                . = ALIGN (0x4)
                0x0000ae88                _edata = ABSOLUTE (.)
                0x0000ae88                PROVIDE (edata, ABSOLUTE (.))
                0x0000ae88                PROVIDE (__ram_rwdata_end, ABSOLUTE (.))
                0x0000ae88                PROVIDE (__flash_rwdata_start, LOADADDR (.rwdata))

.bss            0x0000b168      0x124
                0x0000b168                __bss_start = ABSOLUTE (.)
                0x0000b168                PROVIDE (__sbss_start, ABSOLUTE (.))
                0x0000b168                PROVIDE (___sbss_start, ABSOLUTE (.))
 *(.dynsbss)
 *(.sbss .sbss.* .gnu.linkonce.sb.*)
 .sbss          0x0000b168        0x1 obj/default/count_binary.o
 *fill*         0x0000b169        0x3 
 .sbss          0x0000b16c        0x4 obj/default/count_binary.o
                0x0000b16c                edge_capture
 .sbss          0x0000b170        0x4 /home/patrick/altera/13.1/nios2eds/bin/gnu/H-i686-pc-linux-gnu/bin/../lib/gcc/nios2-elf/4.7.3/../../../../../H-i686-pc-linux-gnu/nios2-elf/lib/mno-hw-mul/libsmallc.a(lib_a-int_errno.o)
                0x0000b170                errno
 .sbss          0x0000b174        0xc ../count_binary_bsp//libhal_bsp.a(alt_main.o)
                0x0000b174                alt_argc
                0x0000b178                alt_argv
                0x0000b17c                alt_envp
 .sbss          0x0000b180        0x4 ../count_binary_bsp//libhal_bsp.a(alt_irq_vars.o)
                0x0000b180                alt_irq_active
 .sbss          0x0000b184        0x8 ../count_binary_bsp//libhal_bsp.a(alt_tick.o)
                0x0000b184                _alt_tick_rate
                0x0000b188                _alt_nticks
 *(.sbss2 .sbss2.* .gnu.linkonce.sb2.*)
 *(.scommon)
                0x0000b18c                PROVIDE (__sbss_end, ABSOLUTE (.))
                0x0000b18c                PROVIDE (___sbss_end, ABSOLUTE (.))
 *(.dynbss)
 *(.bss .bss.* .gnu.linkonce.b.*)
 .bss           0x0000b18c        0x0 ../count_binary_bsp//obj/HAL/src/crt0.o
 .bss           0x0000b18c        0x0 obj/default/count_binary.o
 .bss           0x0000b18c        0x0 /home/patrick/altera/13.1/nios2eds/bin/gnu/H-i686-pc-linux-gnu/bin/../lib/gcc/nios2-elf/4.7.3/mno-hw-mul/libgcc.a(lib2-divmod.o)
 .bss           0x0000b18c        0x0 /home/patrick/altera/13.1/nios2eds/bin/gnu/H-i686-pc-linux-gnu/bin/../lib/gcc/nios2-elf/4.7.3/../../../../../H-i686-pc-linux-gnu/nios2-elf/lib/mno-hw-mul/libsmallc.a(lib_a-printf.o)
 .bss           0x0000b18c        0x0 /home/patrick/altera/13.1/nios2eds/bin/gnu/H-i686-pc-linux-gnu/bin/../lib/gcc/nios2-elf/4.7.3/../../../../../H-i686-pc-linux-gnu/nios2-elf/lib/mno-hw-mul/libsmallc.a(lib_a-putchar.o)
 .bss           0x0000b18c        0x0 /home/patrick/altera/13.1/nios2eds/bin/gnu/H-i686-pc-linux-gnu/bin/../lib/gcc/nios2-elf/4.7.3/../../../../../H-i686-pc-linux-gnu/nios2-elf/lib/mno-hw-mul/libsmallc.a(lib_a-puts.o)
 .bss           0x0000b18c        0x0 /home/patrick/altera/13.1/nios2eds/bin/gnu/H-i686-pc-linux-gnu/bin/../lib/gcc/nios2-elf/4.7.3/../../../../../H-i686-pc-linux-gnu/nios2-elf/lib/mno-hw-mul/libsmallc.a(lib_a-strlen.o)
 .bss           0x0000b18c        0x0 /home/patrick/altera/13.1/nios2eds/bin/gnu/H-i686-pc-linux-gnu/bin/../lib/gcc/nios2-elf/4.7.3/../../../../../H-i686-pc-linux-gnu/nios2-elf/lib/mno-hw-mul/libsmallc.a(lib_a-vfprintf.o)
 .bss           0x0000b18c        0x0 /home/patrick/altera/13.1/nios2eds/bin/gnu/H-i686-pc-linux-gnu/bin/../lib/gcc/nios2-elf/4.7.3/../../../../../H-i686-pc-linux-gnu/nios2-elf/lib/mno-hw-mul/libsmallc.a(lib_a-fvwrite_small_dev.o)
 .bss           0x0000b18c        0x0 /home/patrick/altera/13.1/nios2eds/bin/gnu/H-i686-pc-linux-gnu/bin/../lib/gcc/nios2-elf/4.7.3/../../../../../H-i686-pc-linux-gnu/nios2-elf/lib/mno-hw-mul/libsmallc.a(lib_a-impure.o)
 .bss           0x0000b18c        0x0 /home/patrick/altera/13.1/nios2eds/bin/gnu/H-i686-pc-linux-gnu/bin/../lib/gcc/nios2-elf/4.7.3/../../../../../H-i686-pc-linux-gnu/nios2-elf/lib/mno-hw-mul/libsmallc.a(lib_a-putc.o)
 .bss           0x0000b18c        0x0 /home/patrick/altera/13.1/nios2eds/bin/gnu/H-i686-pc-linux-gnu/bin/../lib/gcc/nios2-elf/4.7.3/../../../../../H-i686-pc-linux-gnu/nios2-elf/lib/mno-hw-mul/libsmallc.a(lib_a-writer.o)
 .bss           0x0000b18c        0x0 /home/patrick/altera/13.1/nios2eds/bin/gnu/H-i686-pc-linux-gnu/bin/../lib/gcc/nios2-elf/4.7.3/../../../../../H-i686-pc-linux-gnu/nios2-elf/lib/mno-hw-mul/libsmallc.a(lib_a-int_errno.o)
 .bss           0x0000b18c        0x0 /home/patrick/altera/13.1/nios2eds/bin/gnu/H-i686-pc-linux-gnu/bin/../lib/gcc/nios2-elf/4.7.3/mno-hw-mul/libgcc.a(lib2-mul.o)
 .bss           0x0000b18c        0x0 ../count_binary_bsp//libhal_bsp.a(alt_load.o)
 .bss           0x0000b18c        0x0 ../count_binary_bsp//libhal_bsp.a(alt_main.o)
 .bss           0x0000b18c        0x0 ../count_binary_bsp//libhal_bsp.a(alt_usleep.o)
 .bss           0x0000b18c        0x0 ../count_binary_bsp//libhal_bsp.a(alt_write.o)
 .bss           0x0000b18c        0x0 ../count_binary_bsp//libhal_bsp.a(alt_sys_init.o)
 .bss           0x0000b18c        0x0 ../count_binary_bsp//libhal_bsp.a(altera_avalon_jtag_uart_fd.o)
 .bss           0x0000b18c        0x0 ../count_binary_bsp//libhal_bsp.a(altera_avalon_jtag_uart_read.o)
 .bss           0x0000b18c        0x0 ../count_binary_bsp//libhal_bsp.a(altera_avalon_jtag_uart_write.o)
 .bss           0x0000b18c        0x0 ../count_binary_bsp//libhal_bsp.a(altera_avalon_timer_sc.o)
 .bss           0x0000b18c        0x0 ../count_binary_bsp//libhal_bsp.a(alt_busy_sleep.o)
 .bss           0x0000b18c        0x0 ../count_binary_bsp//libhal_bsp.a(alt_close.o)
 .bss           0x0000b18c        0x0 ../count_binary_bsp//libhal_bsp.a(alt_dcache_flush_all.o)
 .bss           0x0000b18c        0x0 ../count_binary_bsp//libhal_bsp.a(alt_dev.o)
 .bss           0x0000b18c        0x0 ../count_binary_bsp//libhal_bsp.a(alt_dev_llist_insert.o)
 .bss           0x0000b18c        0x0 ../count_binary_bsp//libhal_bsp.a(alt_errno.o)
 .bss           0x0000b18c        0x0 ../count_binary_bsp//libhal_bsp.a(alt_icache_flush_all.o)
 .bss           0x0000b18c        0x0 ../count_binary_bsp//libhal_bsp.a(alt_iic.o)
 .bss           0x0000b18c        0x0 ../count_binary_bsp//libhal_bsp.a(alt_iic_isr_register.o)
 .bss           0x0000b18c        0x0 ../count_binary_bsp//libhal_bsp.a(alt_io_redirect.o)
 .bss           0x0000b18c        0x0 ../count_binary_bsp//libhal_bsp.a(alt_irq_entry.o)
 .bss           0x0000b18c        0x0 ../count_binary_bsp//libhal_bsp.a(alt_irq_handler.o)
 .bss           0x0000b18c        0x0 ../count_binary_bsp//libhal_bsp.a(alt_irq_vars.o)
 .bss           0x0000b18c        0x0 ../count_binary_bsp//libhal_bsp.a(alt_open.o)
 .bss           0x0000b18c        0x0 ../count_binary_bsp//libhal_bsp.a(alt_release_fd.o)
 .bss           0x0000b18c        0x0 ../count_binary_bsp//libhal_bsp.a(alt_tick.o)
 .bss           0x0000b18c        0x0 ../count_binary_bsp//libhal_bsp.a(altera_nios2_qsys_irq.o)
 .bss           0x0000b18c        0x0 ../count_binary_bsp//libhal_bsp.a(alt_exception_entry.o)
 .bss           0x0000b18c        0x0 ../count_binary_bsp//libhal_bsp.a(alt_find_dev.o)
 .bss           0x0000b18c        0x0 ../count_binary_bsp//libhal_bsp.a(alt_find_file.o)
 .bss           0x0000b18c        0x0 ../count_binary_bsp//libhal_bsp.a(alt_get_fd.o)
 .bss           0x0000b18c        0x0 ../count_binary_bsp//libhal_bsp.a(alt_icache_flush.o)
 .bss           0x0000b18c        0x0 /home/patrick/altera/13.1/nios2eds/bin/gnu/H-i686-pc-linux-gnu/bin/../lib/gcc/nios2-elf/4.7.3/../../../../../H-i686-pc-linux-gnu/nios2-elf/lib/mno-hw-mul/libsmallc.a(lib_a-exit.o)
 .bss           0x0000b18c        0x0 /home/patrick/altera/13.1/nios2eds/bin/gnu/H-i686-pc-linux-gnu/bin/../lib/gcc/nios2-elf/4.7.3/../../../../../H-i686-pc-linux-gnu/nios2-elf/lib/mno-hw-mul/libsmallc.a(lib_a-memcmp.o)
 .bss           0x0000b18c        0x0 /home/patrick/altera/13.1/nios2eds/bin/gnu/H-i686-pc-linux-gnu/bin/../lib/gcc/nios2-elf/4.7.3/../../../../../H-i686-pc-linux-gnu/nios2-elf/lib/mno-hw-mul/libsmallc.a(lib_a-__call_atexit.o)
 .bss           0x0000b18c        0x0 ../count_binary_bsp//libhal_bsp.a(alt_exit.o)
 *(COMMON)
 COMMON         0x0000b18c      0x100 ../count_binary_bsp//libhal_bsp.a(alt_irq_handler.o)
                0x0000b18c                alt_irq
                0x0000b28c                . = ALIGN (0x4)
                0x0000b28c                __bss_end = ABSOLUTE (.)

.onchip_mem     0x0000b28c        0x0
                0x0000b28c                PROVIDE (_alt_partition_onchip_mem_start, ABSOLUTE (.))
 *(.onchip_mem .onchip_mem. onchip_mem.*)
                0x0000b28c                . = ALIGN (0x4)
                0x0000b28c                PROVIDE (_alt_partition_onchip_mem_end, ABSOLUTE (.))
                0x0000b28c                _end = ABSOLUTE (.)
                0x0000b28c                end = ABSOLUTE (.)
                0x0000b28c                __alt_stack_base = ABSOLUTE (.)
                0x0000b28c                PROVIDE (_alt_partition_onchip_mem_load_addr, LOADADDR (.onchip_mem))

.stab
 *(.stab)

.stabstr
 *(.stabstr)

.stab.excl
 *(.stab.excl)

.stab.exclstr
 *(.stab.exclstr)

.stab.index
 *(.stab.index)

.stab.indexstr
 *(.stab.indexstr)

.comment        0x00000000       0x23
 *(.comment)
 .comment       0x00000000       0x23 obj/default/count_binary.o
                                 0x24 (size before relaxing)
 .comment       0x00000000       0x24 /home/patrick/altera/13.1/nios2eds/bin/gnu/H-i686-pc-linux-gnu/bin/../lib/gcc/nios2-elf/4.7.3/mno-hw-mul/libgcc.a(lib2-divmod.o)
 .comment       0x00000000       0x24 /home/patrick/altera/13.1/nios2eds/bin/gnu/H-i686-pc-linux-gnu/bin/../lib/gcc/nios2-elf/4.7.3/../../../../../H-i686-pc-linux-gnu/nios2-elf/lib/mno-hw-mul/libsmallc.a(lib_a-printf.o)
 .comment       0x00000000       0x24 /home/patrick/altera/13.1/nios2eds/bin/gnu/H-i686-pc-linux-gnu/bin/../lib/gcc/nios2-elf/4.7.3/../../../../../H-i686-pc-linux-gnu/nios2-elf/lib/mno-hw-mul/libsmallc.a(lib_a-putchar.o)
 .comment       0x00000000       0x24 /home/patrick/altera/13.1/nios2eds/bin/gnu/H-i686-pc-linux-gnu/bin/../lib/gcc/nios2-elf/4.7.3/../../../../../H-i686-pc-linux-gnu/nios2-elf/lib/mno-hw-mul/libsmallc.a(lib_a-puts.o)
 .comment       0x00000000       0x24 /home/patrick/altera/13.1/nios2eds/bin/gnu/H-i686-pc-linux-gnu/bin/../lib/gcc/nios2-elf/4.7.3/../../../../../H-i686-pc-linux-gnu/nios2-elf/lib/mno-hw-mul/libsmallc.a(lib_a-strlen.o)
 .comment       0x00000000       0x24 /home/patrick/altera/13.1/nios2eds/bin/gnu/H-i686-pc-linux-gnu/bin/../lib/gcc/nios2-elf/4.7.3/../../../../../H-i686-pc-linux-gnu/nios2-elf/lib/mno-hw-mul/libsmallc.a(lib_a-vfprintf.o)
 .comment       0x00000000       0x24 /home/patrick/altera/13.1/nios2eds/bin/gnu/H-i686-pc-linux-gnu/bin/../lib/gcc/nios2-elf/4.7.3/../../../../../H-i686-pc-linux-gnu/nios2-elf/lib/mno-hw-mul/libsmallc.a(lib_a-fvwrite_small_dev.o)
 .comment       0x00000000       0x24 /home/patrick/altera/13.1/nios2eds/bin/gnu/H-i686-pc-linux-gnu/bin/../lib/gcc/nios2-elf/4.7.3/../../../../../H-i686-pc-linux-gnu/nios2-elf/lib/mno-hw-mul/libsmallc.a(lib_a-impure.o)
 .comment       0x00000000       0x24 /home/patrick/altera/13.1/nios2eds/bin/gnu/H-i686-pc-linux-gnu/bin/../lib/gcc/nios2-elf/4.7.3/../../../../../H-i686-pc-linux-gnu/nios2-elf/lib/mno-hw-mul/libsmallc.a(lib_a-putc.o)
 .comment       0x00000000       0x24 /home/patrick/altera/13.1/nios2eds/bin/gnu/H-i686-pc-linux-gnu/bin/../lib/gcc/nios2-elf/4.7.3/../../../../../H-i686-pc-linux-gnu/nios2-elf/lib/mno-hw-mul/libsmallc.a(lib_a-writer.o)
 .comment       0x00000000       0x24 /home/patrick/altera/13.1/nios2eds/bin/gnu/H-i686-pc-linux-gnu/bin/../lib/gcc/nios2-elf/4.7.3/../../../../../H-i686-pc-linux-gnu/nios2-elf/lib/mno-hw-mul/libsmallc.a(lib_a-int_errno.o)
 .comment       0x00000000       0x24 /home/patrick/altera/13.1/nios2eds/bin/gnu/H-i686-pc-linux-gnu/bin/../lib/gcc/nios2-elf/4.7.3/mno-hw-mul/libgcc.a(lib2-mul.o)
 .comment       0x00000000       0x24 ../count_binary_bsp//libhal_bsp.a(alt_load.o)
 .comment       0x00000000       0x24 ../count_binary_bsp//libhal_bsp.a(alt_main.o)
 .comment       0x00000000       0x24 ../count_binary_bsp//libhal_bsp.a(alt_usleep.o)
 .comment       0x00000000       0x24 ../count_binary_bsp//libhal_bsp.a(alt_write.o)
 .comment       0x00000000       0x24 ../count_binary_bsp//libhal_bsp.a(alt_sys_init.o)
 .comment       0x00000000       0x24 ../count_binary_bsp//libhal_bsp.a(altera_avalon_jtag_uart_fd.o)
 .comment       0x00000000       0x24 ../count_binary_bsp//libhal_bsp.a(altera_avalon_jtag_uart_read.o)
 .comment       0x00000000       0x24 ../count_binary_bsp//libhal_bsp.a(altera_avalon_jtag_uart_write.o)
 .comment       0x00000000       0x24 ../count_binary_bsp//libhal_bsp.a(altera_avalon_timer_sc.o)
 .comment       0x00000000       0x24 ../count_binary_bsp//libhal_bsp.a(alt_busy_sleep.o)
 .comment       0x00000000       0x24 ../count_binary_bsp//libhal_bsp.a(alt_close.o)
 .comment       0x00000000       0x24 ../count_binary_bsp//libhal_bsp.a(alt_dcache_flush_all.o)
 .comment       0x00000000       0x24 ../count_binary_bsp//libhal_bsp.a(alt_dev.o)
 .comment       0x00000000       0x24 ../count_binary_bsp//libhal_bsp.a(alt_dev_llist_insert.o)
 .comment       0x00000000       0x24 ../count_binary_bsp//libhal_bsp.a(alt_errno.o)
 .comment       0x00000000       0x24 ../count_binary_bsp//libhal_bsp.a(alt_icache_flush_all.o)
 .comment       0x00000000       0x24 ../count_binary_bsp//libhal_bsp.a(alt_iic.o)
 .comment       0x00000000       0x24 ../count_binary_bsp//libhal_bsp.a(alt_iic_isr_register.o)
 .comment       0x00000000       0x24 ../count_binary_bsp//libhal_bsp.a(alt_io_redirect.o)
 .comment       0x00000000       0x24 ../count_binary_bsp//libhal_bsp.a(alt_irq_handler.o)
 .comment       0x00000000       0x24 ../count_binary_bsp//libhal_bsp.a(alt_irq_vars.o)
 .comment       0x00000000       0x24 ../count_binary_bsp//libhal_bsp.a(alt_open.o)
 .comment       0x00000000       0x24 ../count_binary_bsp//libhal_bsp.a(alt_release_fd.o)
 .comment       0x00000000       0x24 ../count_binary_bsp//libhal_bsp.a(alt_tick.o)
 .comment       0x00000000       0x24 ../count_binary_bsp//libhal_bsp.a(altera_nios2_qsys_irq.o)
 .comment       0x00000000       0x24 ../count_binary_bsp//libhal_bsp.a(alt_find_dev.o)
 .comment       0x00000000       0x24 ../count_binary_bsp//libhal_bsp.a(alt_find_file.o)
 .comment       0x00000000       0x24 ../count_binary_bsp//libhal_bsp.a(alt_get_fd.o)
 .comment       0x00000000       0x24 ../count_binary_bsp//libhal_bsp.a(alt_icache_flush.o)
 .comment       0x00000000       0x24 /home/patrick/altera/13.1/nios2eds/bin/gnu/H-i686-pc-linux-gnu/bin/../lib/gcc/nios2-elf/4.7.3/../../../../../H-i686-pc-linux-gnu/nios2-elf/lib/mno-hw-mul/libsmallc.a(lib_a-exit.o)
 .comment       0x00000000       0x24 /home/patrick/altera/13.1/nios2eds/bin/gnu/H-i686-pc-linux-gnu/bin/../lib/gcc/nios2-elf/4.7.3/../../../../../H-i686-pc-linux-gnu/nios2-elf/lib/mno-hw-mul/libsmallc.a(lib_a-memcmp.o)
 .comment       0x00000000       0x24 /home/patrick/altera/13.1/nios2eds/bin/gnu/H-i686-pc-linux-gnu/bin/../lib/gcc/nios2-elf/4.7.3/../../../../../H-i686-pc-linux-gnu/nios2-elf/lib/mno-hw-mul/libsmallc.a(lib_a-__call_atexit.o)
 .comment       0x00000000       0x24 ../count_binary_bsp//libhal_bsp.a(alt_exit.o)

.debug
 *(.debug)

.line
 *(.line)

.debug_srcinfo
 *(.debug_srcinfo)

.debug_sfnames
 *(.debug_sfnames)

.debug_aranges  0x00000000      0x630
 *(.debug_aranges)
 .debug_aranges
                0x00000000       0x28 ../count_binary_bsp//obj/HAL/src/crt0.o
 .debug_aranges
                0x00000028       0x20 obj/default/count_binary.o
 .debug_aranges
                0x00000048       0x20 /home/patrick/altera/13.1/nios2eds/bin/gnu/H-i686-pc-linux-gnu/bin/../lib/gcc/nios2-elf/4.7.3/mno-hw-mul/libgcc.a(lib2-divmod.o)
 .debug_aranges
                0x00000068       0x20 /home/patrick/altera/13.1/nios2eds/bin/gnu/H-i686-pc-linux-gnu/bin/../lib/gcc/nios2-elf/4.7.3/../../../../../H-i686-pc-linux-gnu/nios2-elf/lib/mno-hw-mul/libsmallc.a(lib_a-printf.o)
 .debug_aranges
                0x00000088       0x20 /home/patrick/altera/13.1/nios2eds/bin/gnu/H-i686-pc-linux-gnu/bin/../lib/gcc/nios2-elf/4.7.3/../../../../../H-i686-pc-linux-gnu/nios2-elf/lib/mno-hw-mul/libsmallc.a(lib_a-putchar.o)
 .debug_aranges
                0x000000a8       0x20 /home/patrick/altera/13.1/nios2eds/bin/gnu/H-i686-pc-linux-gnu/bin/../lib/gcc/nios2-elf/4.7.3/../../../../../H-i686-pc-linux-gnu/nios2-elf/lib/mno-hw-mul/libsmallc.a(lib_a-puts.o)
 .debug_aranges
                0x000000c8       0x20 /home/patrick/altera/13.1/nios2eds/bin/gnu/H-i686-pc-linux-gnu/bin/../lib/gcc/nios2-elf/4.7.3/../../../../../H-i686-pc-linux-gnu/nios2-elf/lib/mno-hw-mul/libsmallc.a(lib_a-strlen.o)
 .debug_aranges
                0x000000e8       0x20 /home/patrick/altera/13.1/nios2eds/bin/gnu/H-i686-pc-linux-gnu/bin/../lib/gcc/nios2-elf/4.7.3/../../../../../H-i686-pc-linux-gnu/nios2-elf/lib/mno-hw-mul/libsmallc.a(lib_a-vfprintf.o)
 .debug_aranges
                0x00000108       0x20 /home/patrick/altera/13.1/nios2eds/bin/gnu/H-i686-pc-linux-gnu/bin/../lib/gcc/nios2-elf/4.7.3/../../../../../H-i686-pc-linux-gnu/nios2-elf/lib/mno-hw-mul/libsmallc.a(lib_a-fvwrite_small_dev.o)
 .debug_aranges
                0x00000128       0x18 /home/patrick/altera/13.1/nios2eds/bin/gnu/H-i686-pc-linux-gnu/bin/../lib/gcc/nios2-elf/4.7.3/../../../../../H-i686-pc-linux-gnu/nios2-elf/lib/mno-hw-mul/libsmallc.a(lib_a-impure.o)
 .debug_aranges
                0x00000140       0x20 /home/patrick/altera/13.1/nios2eds/bin/gnu/H-i686-pc-linux-gnu/bin/../lib/gcc/nios2-elf/4.7.3/../../../../../H-i686-pc-linux-gnu/nios2-elf/lib/mno-hw-mul/libsmallc.a(lib_a-putc.o)
 .debug_aranges
                0x00000160       0x20 /home/patrick/altera/13.1/nios2eds/bin/gnu/H-i686-pc-linux-gnu/bin/../lib/gcc/nios2-elf/4.7.3/../../../../../H-i686-pc-linux-gnu/nios2-elf/lib/mno-hw-mul/libsmallc.a(lib_a-writer.o)
 .debug_aranges
                0x00000180       0x18 /home/patrick/altera/13.1/nios2eds/bin/gnu/H-i686-pc-linux-gnu/bin/../lib/gcc/nios2-elf/4.7.3/../../../../../H-i686-pc-linux-gnu/nios2-elf/lib/mno-hw-mul/libsmallc.a(lib_a-int_errno.o)
 .debug_aranges
                0x00000198       0x20 /home/patrick/altera/13.1/nios2eds/bin/gnu/H-i686-pc-linux-gnu/bin/../lib/gcc/nios2-elf/4.7.3/mno-hw-mul/libgcc.a(lib2-mul.o)
 .debug_aranges
                0x000001b8       0x20 ../count_binary_bsp//libhal_bsp.a(alt_load.o)
 .debug_aranges
                0x000001d8       0x20 ../count_binary_bsp//libhal_bsp.a(alt_main.o)
 .debug_aranges
                0x000001f8       0x20 ../count_binary_bsp//libhal_bsp.a(alt_usleep.o)
 .debug_aranges
                0x00000218       0x20 ../count_binary_bsp//libhal_bsp.a(alt_write.o)
 .debug_aranges
                0x00000238       0x20 ../count_binary_bsp//libhal_bsp.a(alt_sys_init.o)
 .debug_aranges
                0x00000258       0x20 ../count_binary_bsp//libhal_bsp.a(altera_avalon_jtag_uart_fd.o)
 .debug_aranges
                0x00000278       0x20 ../count_binary_bsp//libhal_bsp.a(altera_avalon_jtag_uart_read.o)
 .debug_aranges
                0x00000298       0x20 ../count_binary_bsp//libhal_bsp.a(altera_avalon_jtag_uart_write.o)
 .debug_aranges
                0x000002b8       0x20 ../count_binary_bsp//libhal_bsp.a(altera_avalon_timer_sc.o)
 .debug_aranges
                0x000002d8       0x20 ../count_binary_bsp//libhal_bsp.a(alt_busy_sleep.o)
 .debug_aranges
                0x000002f8       0x20 ../count_binary_bsp//libhal_bsp.a(alt_close.o)
 .debug_aranges
                0x00000318       0x20 ../count_binary_bsp//libhal_bsp.a(alt_dcache_flush_all.o)
 .debug_aranges
                0x00000338       0x20 ../count_binary_bsp//libhal_bsp.a(alt_dev.o)
 .debug_aranges
                0x00000358       0x20 ../count_binary_bsp//libhal_bsp.a(alt_dev_llist_insert.o)
 .debug_aranges
                0x00000378       0x18 ../count_binary_bsp//libhal_bsp.a(alt_errno.o)
 .debug_aranges
                0x00000390       0x20 ../count_binary_bsp//libhal_bsp.a(alt_icache_flush_all.o)
 .debug_aranges
                0x000003b0       0x20 ../count_binary_bsp//libhal_bsp.a(alt_iic.o)
 .debug_aranges
                0x000003d0       0x20 ../count_binary_bsp//libhal_bsp.a(alt_iic_isr_register.o)
 .debug_aranges
                0x000003f0       0x20 ../count_binary_bsp//libhal_bsp.a(alt_io_redirect.o)
 .debug_aranges
                0x00000410       0x30 ../count_binary_bsp//libhal_bsp.a(alt_irq_entry.o)
 .debug_aranges
                0x00000440       0x20 ../count_binary_bsp//libhal_bsp.a(alt_irq_handler.o)
 .debug_aranges
                0x00000460       0x18 ../count_binary_bsp//libhal_bsp.a(alt_irq_vars.o)
 .debug_aranges
                0x00000478       0x20 ../count_binary_bsp//libhal_bsp.a(alt_open.o)
 .debug_aranges
                0x00000498       0x20 ../count_binary_bsp//libhal_bsp.a(alt_release_fd.o)
 .debug_aranges
                0x000004b8       0x20 ../count_binary_bsp//libhal_bsp.a(alt_tick.o)
 .debug_aranges
                0x000004d8       0x20 ../count_binary_bsp//libhal_bsp.a(altera_nios2_qsys_irq.o)
 .debug_aranges
                0x000004f8       0x38 ../count_binary_bsp//libhal_bsp.a(alt_exception_entry.o)
 .debug_aranges
                0x00000530       0x20 ../count_binary_bsp//libhal_bsp.a(alt_find_dev.o)
 .debug_aranges
                0x00000550       0x20 ../count_binary_bsp//libhal_bsp.a(alt_find_file.o)
 .debug_aranges
                0x00000570       0x20 ../count_binary_bsp//libhal_bsp.a(alt_get_fd.o)
 .debug_aranges
                0x00000590       0x20 ../count_binary_bsp//libhal_bsp.a(alt_icache_flush.o)
 .debug_aranges
                0x000005b0       0x20 /home/patrick/altera/13.1/nios2eds/bin/gnu/H-i686-pc-linux-gnu/bin/../lib/gcc/nios2-elf/4.7.3/../../../../../H-i686-pc-linux-gnu/nios2-elf/lib/mno-hw-mul/libsmallc.a(lib_a-exit.o)
 .debug_aranges
                0x000005d0       0x20 /home/patrick/altera/13.1/nios2eds/bin/gnu/H-i686-pc-linux-gnu/bin/../lib/gcc/nios2-elf/4.7.3/../../../../../H-i686-pc-linux-gnu/nios2-elf/lib/mno-hw-mul/libsmallc.a(lib_a-memcmp.o)
 .debug_aranges
                0x000005f0       0x20 /home/patrick/altera/13.1/nios2eds/bin/gnu/H-i686-pc-linux-gnu/bin/../lib/gcc/nios2-elf/4.7.3/../../../../../H-i686-pc-linux-gnu/nios2-elf/lib/mno-hw-mul/libsmallc.a(lib_a-__call_atexit.o)
 .debug_aranges
                0x00000610       0x20 ../count_binary_bsp//libhal_bsp.a(alt_exit.o)

.debug_pubnames
 *(.debug_pubnames)

.debug_info     0x00000000     0x99db
 *(.debug_info .gnu.linkonce.wi.*)
 .debug_info    0x00000000       0x8f ../count_binary_bsp//obj/HAL/src/crt0.o
 .debug_info    0x0000008f      0xa87 obj/default/count_binary.o
 .debug_info    0x00000b16      0x289 /home/patrick/altera/13.1/nios2eds/bin/gnu/H-i686-pc-linux-gnu/bin/../lib/gcc/nios2-elf/4.7.3/mno-hw-mul/libgcc.a(lib2-divmod.o)
 .debug_info    0x00000d9f      0x765 /home/patrick/altera/13.1/nios2eds/bin/gnu/H-i686-pc-linux-gnu/bin/../lib/gcc/nios2-elf/4.7.3/../../../../../H-i686-pc-linux-gnu/nios2-elf/lib/mno-hw-mul/libsmallc.a(lib_a-printf.o)
 .debug_info    0x00001504      0x6d0 /home/patrick/altera/13.1/nios2eds/bin/gnu/H-i686-pc-linux-gnu/bin/../lib/gcc/nios2-elf/4.7.3/../../../../../H-i686-pc-linux-gnu/nios2-elf/lib/mno-hw-mul/libsmallc.a(lib_a-putchar.o)
 .debug_info    0x00001bd4      0x6f4 /home/patrick/altera/13.1/nios2eds/bin/gnu/H-i686-pc-linux-gnu/bin/../lib/gcc/nios2-elf/4.7.3/../../../../../H-i686-pc-linux-gnu/nios2-elf/lib/mno-hw-mul/libsmallc.a(lib_a-puts.o)
 .debug_info    0x000022c8       0xc6 /home/patrick/altera/13.1/nios2eds/bin/gnu/H-i686-pc-linux-gnu/bin/../lib/gcc/nios2-elf/4.7.3/../../../../../H-i686-pc-linux-gnu/nios2-elf/lib/mno-hw-mul/libsmallc.a(lib_a-strlen.o)
 .debug_info    0x0000238e      0xc69 /home/patrick/altera/13.1/nios2eds/bin/gnu/H-i686-pc-linux-gnu/bin/../lib/gcc/nios2-elf/4.7.3/../../../../../H-i686-pc-linux-gnu/nios2-elf/lib/mno-hw-mul/libsmallc.a(lib_a-vfprintf.o)
 .debug_info    0x00002ff7      0x6d9 /home/patrick/altera/13.1/nios2eds/bin/gnu/H-i686-pc-linux-gnu/bin/../lib/gcc/nios2-elf/4.7.3/../../../../../H-i686-pc-linux-gnu/nios2-elf/lib/mno-hw-mul/libsmallc.a(lib_a-fvwrite_small_dev.o)
 .debug_info    0x000036d0      0x631 /home/patrick/altera/13.1/nios2eds/bin/gnu/H-i686-pc-linux-gnu/bin/../lib/gcc/nios2-elf/4.7.3/../../../../../H-i686-pc-linux-gnu/nios2-elf/lib/mno-hw-mul/libsmallc.a(lib_a-impure.o)
 .debug_info    0x00003d01      0x6ec /home/patrick/altera/13.1/nios2eds/bin/gnu/H-i686-pc-linux-gnu/bin/../lib/gcc/nios2-elf/4.7.3/../../../../../H-i686-pc-linux-gnu/nios2-elf/lib/mno-hw-mul/libsmallc.a(lib_a-putc.o)
 .debug_info    0x000043ed      0x6cb /home/patrick/altera/13.1/nios2eds/bin/gnu/H-i686-pc-linux-gnu/bin/../lib/gcc/nios2-elf/4.7.3/../../../../../H-i686-pc-linux-gnu/nios2-elf/lib/mno-hw-mul/libsmallc.a(lib_a-writer.o)
 .debug_info    0x00004ab8       0x84 /home/patrick/altera/13.1/nios2eds/bin/gnu/H-i686-pc-linux-gnu/bin/../lib/gcc/nios2-elf/4.7.3/../../../../../H-i686-pc-linux-gnu/nios2-elf/lib/mno-hw-mul/libsmallc.a(lib_a-int_errno.o)
 .debug_info    0x00004b3c       0xb8 /home/patrick/altera/13.1/nios2eds/bin/gnu/H-i686-pc-linux-gnu/bin/../lib/gcc/nios2-elf/4.7.3/mno-hw-mul/libgcc.a(lib2-mul.o)
 .debug_info    0x00004bf4      0x135 ../count_binary_bsp//libhal_bsp.a(alt_load.o)
 .debug_info    0x00004d29      0x139 ../count_binary_bsp//libhal_bsp.a(alt_main.o)
 .debug_info    0x00004e62       0xad ../count_binary_bsp//libhal_bsp.a(alt_usleep.o)
 .debug_info    0x00004f0f      0x507 ../count_binary_bsp//libhal_bsp.a(alt_write.o)
 .debug_info    0x00005416      0x420 ../count_binary_bsp//libhal_bsp.a(alt_sys_init.o)
 .debug_info    0x00005836      0x3da ../count_binary_bsp//libhal_bsp.a(altera_avalon_jtag_uart_fd.o)
 .debug_info    0x00005c10      0x1bc ../count_binary_bsp//libhal_bsp.a(altera_avalon_jtag_uart_read.o)
 .debug_info    0x00005dcc      0x19f ../count_binary_bsp//libhal_bsp.a(altera_avalon_jtag_uart_write.o)
 .debug_info    0x00005f6b      0x235 ../count_binary_bsp//libhal_bsp.a(altera_avalon_timer_sc.o)
 .debug_info    0x000061a0       0xd5 ../count_binary_bsp//libhal_bsp.a(alt_busy_sleep.o)
 .debug_info    0x00006275      0x350 ../count_binary_bsp//libhal_bsp.a(alt_close.o)
 .debug_info    0x000065c5       0x90 ../count_binary_bsp//libhal_bsp.a(alt_dcache_flush_all.o)
 .debug_info    0x00006655      0x4e3 ../count_binary_bsp//libhal_bsp.a(alt_dev.o)
 .debug_info    0x00006b38      0x1b9 ../count_binary_bsp//libhal_bsp.a(alt_dev_llist_insert.o)
 .debug_info    0x00006cf1       0xa3 ../count_binary_bsp//libhal_bsp.a(alt_errno.o)
 .debug_info    0x00006d94       0x90 ../count_binary_bsp//libhal_bsp.a(alt_icache_flush_all.o)
 .debug_info    0x00006e24      0x364 ../count_binary_bsp//libhal_bsp.a(alt_iic.o)
 .debug_info    0x00007188      0x1f6 ../count_binary_bsp//libhal_bsp.a(alt_iic_isr_register.o)
 .debug_info    0x0000737e      0x4f0 ../count_binary_bsp//libhal_bsp.a(alt_io_redirect.o)
 .debug_info    0x0000786e       0x98 ../count_binary_bsp//libhal_bsp.a(alt_irq_entry.o)
 .debug_info    0x00007906      0x190 ../count_binary_bsp//libhal_bsp.a(alt_irq_handler.o)
 .debug_info    0x00007a96       0x8a ../count_binary_bsp//libhal_bsp.a(alt_irq_vars.o)
 .debug_info    0x00007b20      0x3f0 ../count_binary_bsp//libhal_bsp.a(alt_open.o)
 .debug_info    0x00007f10      0x2dd ../count_binary_bsp//libhal_bsp.a(alt_release_fd.o)
 .debug_info    0x000081ed      0x2b1 ../count_binary_bsp//libhal_bsp.a(alt_tick.o)
 .debug_info    0x0000849e       0x90 ../count_binary_bsp//libhal_bsp.a(altera_nios2_qsys_irq.o)
 .debug_info    0x0000852e       0x9e ../count_binary_bsp//libhal_bsp.a(alt_exception_entry.o)
 .debug_info    0x000085cc      0x30d ../count_binary_bsp//libhal_bsp.a(alt_find_dev.o)
 .debug_info    0x000088d9      0x30c ../count_binary_bsp//libhal_bsp.a(alt_find_file.o)
 .debug_info    0x00008be5      0x339 ../count_binary_bsp//libhal_bsp.a(alt_get_fd.o)
 .debug_info    0x00008f1e       0xda ../count_binary_bsp//libhal_bsp.a(alt_icache_flush.o)
 .debug_info    0x00008ff8       0xf8 /home/patrick/altera/13.1/nios2eds/bin/gnu/H-i686-pc-linux-gnu/bin/../lib/gcc/nios2-elf/4.7.3/../../../../../H-i686-pc-linux-gnu/nios2-elf/lib/mno-hw-mul/libsmallc.a(lib_a-exit.o)
 .debug_info    0x000090f0       0xf1 /home/patrick/altera/13.1/nios2eds/bin/gnu/H-i686-pc-linux-gnu/bin/../lib/gcc/nios2-elf/4.7.3/../../../../../H-i686-pc-linux-gnu/nios2-elf/lib/mno-hw-mul/libsmallc.a(lib_a-memcmp.o)
 .debug_info    0x000091e1      0x70e /home/patrick/altera/13.1/nios2eds/bin/gnu/H-i686-pc-linux-gnu/bin/../lib/gcc/nios2-elf/4.7.3/../../../../../H-i686-pc-linux-gnu/nios2-elf/lib/mno-hw-mul/libsmallc.a(lib_a-__call_atexit.o)
 .debug_info    0x000098ef       0xec ../count_binary_bsp//libhal_bsp.a(alt_exit.o)

.debug_abbrev   0x00000000     0x2fa3
 *(.debug_abbrev)
 .debug_abbrev  0x00000000       0x12 ../count_binary_bsp//obj/HAL/src/crt0.o
 .debug_abbrev  0x00000012      0x20e obj/default/count_binary.o
 .debug_abbrev  0x00000220      0x112 /home/patrick/altera/13.1/nios2eds/bin/gnu/H-i686-pc-linux-gnu/bin/../lib/gcc/nios2-elf/4.7.3/mno-hw-mul/libgcc.a(lib2-divmod.o)
 .debug_abbrev  0x00000332      0x1e2 /home/patrick/altera/13.1/nios2eds/bin/gnu/H-i686-pc-linux-gnu/bin/../lib/gcc/nios2-elf/4.7.3/../../../../../H-i686-pc-linux-gnu/nios2-elf/lib/mno-hw-mul/libsmallc.a(lib_a-printf.o)
 .debug_abbrev  0x00000514      0x1a6 /home/patrick/altera/13.1/nios2eds/bin/gnu/H-i686-pc-linux-gnu/bin/../lib/gcc/nios2-elf/4.7.3/../../../../../H-i686-pc-linux-gnu/nios2-elf/lib/mno-hw-mul/libsmallc.a(lib_a-putchar.o)
 .debug_abbrev  0x000006ba      0x1d4 /home/patrick/altera/13.1/nios2eds/bin/gnu/H-i686-pc-linux-gnu/bin/../lib/gcc/nios2-elf/4.7.3/../../../../../H-i686-pc-linux-gnu/nios2-elf/lib/mno-hw-mul/libsmallc.a(lib_a-puts.o)
 .debug_abbrev  0x0000088e       0x7f /home/patrick/altera/13.1/nios2eds/bin/gnu/H-i686-pc-linux-gnu/bin/../lib/gcc/nios2-elf/4.7.3/../../../../../H-i686-pc-linux-gnu/nios2-elf/lib/mno-hw-mul/libsmallc.a(lib_a-strlen.o)
 .debug_abbrev  0x0000090d      0x2db /home/patrick/altera/13.1/nios2eds/bin/gnu/H-i686-pc-linux-gnu/bin/../lib/gcc/nios2-elf/4.7.3/../../../../../H-i686-pc-linux-gnu/nios2-elf/lib/mno-hw-mul/libsmallc.a(lib_a-vfprintf.o)
 .debug_abbrev  0x00000be8      0x1a8 /home/patrick/altera/13.1/nios2eds/bin/gnu/H-i686-pc-linux-gnu/bin/../lib/gcc/nios2-elf/4.7.3/../../../../../H-i686-pc-linux-gnu/nios2-elf/lib/mno-hw-mul/libsmallc.a(lib_a-fvwrite_small_dev.o)
 .debug_abbrev  0x00000d90      0x13b /home/patrick/altera/13.1/nios2eds/bin/gnu/H-i686-pc-linux-gnu/bin/../lib/gcc/nios2-elf/4.7.3/../../../../../H-i686-pc-linux-gnu/nios2-elf/lib/mno-hw-mul/libsmallc.a(lib_a-impure.o)
 .debug_abbrev  0x00000ecb      0x19b /home/patrick/altera/13.1/nios2eds/bin/gnu/H-i686-pc-linux-gnu/bin/../lib/gcc/nios2-elf/4.7.3/../../../../../H-i686-pc-linux-gnu/nios2-elf/lib/mno-hw-mul/libsmallc.a(lib_a-putc.o)
 .debug_abbrev  0x00001066      0x199 /home/patrick/altera/13.1/nios2eds/bin/gnu/H-i686-pc-linux-gnu/bin/../lib/gcc/nios2-elf/4.7.3/../../../../../H-i686-pc-linux-gnu/nios2-elf/lib/mno-hw-mul/libsmallc.a(lib_a-writer.o)
 .debug_abbrev  0x000011ff       0x37 /home/patrick/altera/13.1/nios2eds/bin/gnu/H-i686-pc-linux-gnu/bin/../lib/gcc/nios2-elf/4.7.3/../../../../../H-i686-pc-linux-gnu/nios2-elf/lib/mno-hw-mul/libsmallc.a(lib_a-int_errno.o)
 .debug_abbrev  0x00001236       0x6f /home/patrick/altera/13.1/nios2eds/bin/gnu/H-i686-pc-linux-gnu/bin/../lib/gcc/nios2-elf/4.7.3/mno-hw-mul/libgcc.a(lib2-mul.o)
 .debug_abbrev  0x000012a5       0x9d ../count_binary_bsp//libhal_bsp.a(alt_load.o)
 .debug_abbrev  0x00001342       0xba ../count_binary_bsp//libhal_bsp.a(alt_main.o)
 .debug_abbrev  0x000013fc       0x60 ../count_binary_bsp//libhal_bsp.a(alt_usleep.o)
 .debug_abbrev  0x0000145c      0x133 ../count_binary_bsp//libhal_bsp.a(alt_write.o)
 .debug_abbrev  0x0000158f      0x155 ../count_binary_bsp//libhal_bsp.a(alt_sys_init.o)
 .debug_abbrev  0x000016e4       0xf7 ../count_binary_bsp//libhal_bsp.a(altera_avalon_jtag_uart_fd.o)
 .debug_abbrev  0x000017db       0xd5 ../count_binary_bsp//libhal_bsp.a(altera_avalon_jtag_uart_read.o)
 .debug_abbrev  0x000018b0       0xd5 ../count_binary_bsp//libhal_bsp.a(altera_avalon_jtag_uart_write.o)
 .debug_abbrev  0x00001985      0x155 ../count_binary_bsp//libhal_bsp.a(altera_avalon_timer_sc.o)
 .debug_abbrev  0x00001ada       0x7e ../count_binary_bsp//libhal_bsp.a(alt_busy_sleep.o)
 .debug_abbrev  0x00001b58      0x11f ../count_binary_bsp//libhal_bsp.a(alt_close.o)
 .debug_abbrev  0x00001c77       0x42 ../count_binary_bsp//libhal_bsp.a(alt_dcache_flush_all.o)
 .debug_abbrev  0x00001cb9       0xd9 ../count_binary_bsp//libhal_bsp.a(alt_dev.o)
 .debug_abbrev  0x00001d92      0x114 ../count_binary_bsp//libhal_bsp.a(alt_dev_llist_insert.o)
 .debug_abbrev  0x00001ea6       0x5a ../count_binary_bsp//libhal_bsp.a(alt_errno.o)
 .debug_abbrev  0x00001f00       0x42 ../count_binary_bsp//libhal_bsp.a(alt_icache_flush_all.o)
 .debug_abbrev  0x00001f42      0x16a ../count_binary_bsp//libhal_bsp.a(alt_iic.o)
 .debug_abbrev  0x000020ac      0x169 ../count_binary_bsp//libhal_bsp.a(alt_iic_isr_register.o)
 .debug_abbrev  0x00002215      0x114 ../count_binary_bsp//libhal_bsp.a(alt_io_redirect.o)
 .debug_abbrev  0x00002329       0x12 ../count_binary_bsp//libhal_bsp.a(alt_irq_entry.o)
 .debug_abbrev  0x0000233b      0x124 ../count_binary_bsp//libhal_bsp.a(alt_irq_handler.o)
 .debug_abbrev  0x0000245f       0x40 ../count_binary_bsp//libhal_bsp.a(alt_irq_vars.o)
 .debug_abbrev  0x0000249f      0x148 ../count_binary_bsp//libhal_bsp.a(alt_open.o)
 .debug_abbrev  0x000025e7       0xde ../count_binary_bsp//libhal_bsp.a(alt_release_fd.o)
 .debug_abbrev  0x000026c5      0x15a ../count_binary_bsp//libhal_bsp.a(alt_tick.o)
 .debug_abbrev  0x0000281f       0x42 ../count_binary_bsp//libhal_bsp.a(altera_nios2_qsys_irq.o)
 .debug_abbrev  0x00002861       0x12 ../count_binary_bsp//libhal_bsp.a(alt_exception_entry.o)
 .debug_abbrev  0x00002873       0xf0 ../count_binary_bsp//libhal_bsp.a(alt_find_dev.o)
 .debug_abbrev  0x00002963       0xf0 ../count_binary_bsp//libhal_bsp.a(alt_find_file.o)
 .debug_abbrev  0x00002a53      0x10d ../count_binary_bsp//libhal_bsp.a(alt_get_fd.o)
 .debug_abbrev  0x00002b60       0x8c ../count_binary_bsp//libhal_bsp.a(alt_icache_flush.o)
 .debug_abbrev  0x00002bec       0xa9 /home/patrick/altera/13.1/nios2eds/bin/gnu/H-i686-pc-linux-gnu/bin/../lib/gcc/nios2-elf/4.7.3/../../../../../H-i686-pc-linux-gnu/nios2-elf/lib/mno-hw-mul/libsmallc.a(lib_a-exit.o)
 .debug_abbrev  0x00002c95       0x7f /home/patrick/altera/13.1/nios2eds/bin/gnu/H-i686-pc-linux-gnu/bin/../lib/gcc/nios2-elf/4.7.3/../../../../../H-i686-pc-linux-gnu/nios2-elf/lib/mno-hw-mul/libsmallc.a(lib_a-memcmp.o)
 .debug_abbrev  0x00002d14      0x1e9 /home/patrick/altera/13.1/nios2eds/bin/gnu/H-i686-pc-linux-gnu/bin/../lib/gcc/nios2-elf/4.7.3/../../../../../H-i686-pc-linux-gnu/nios2-elf/lib/mno-hw-mul/libsmallc.a(lib_a-__call_atexit.o)
 .debug_abbrev  0x00002efd       0xa6 ../count_binary_bsp//libhal_bsp.a(alt_exit.o)

.debug_line     0x00000000     0x378e
 *(.debug_line)
 .debug_line    0x00000000       0x6c ../count_binary_bsp//obj/HAL/src/crt0.o
 .debug_line    0x0000006c      0x270 obj/default/count_binary.o
 .debug_line    0x000002dc       0xd6 /home/patrick/altera/13.1/nios2eds/bin/gnu/H-i686-pc-linux-gnu/bin/../lib/gcc/nios2-elf/4.7.3/mno-hw-mul/libgcc.a(lib2-divmod.o)
 .debug_line    0x000003b2      0x219 /home/patrick/altera/13.1/nios2eds/bin/gnu/H-i686-pc-linux-gnu/bin/../lib/gcc/nios2-elf/4.7.3/../../../../../H-i686-pc-linux-gnu/nios2-elf/lib/mno-hw-mul/libsmallc.a(lib_a-printf.o)
 .debug_line    0x000005cb      0x1fc /home/patrick/altera/13.1/nios2eds/bin/gnu/H-i686-pc-linux-gnu/bin/../lib/gcc/nios2-elf/4.7.3/../../../../../H-i686-pc-linux-gnu/nios2-elf/lib/mno-hw-mul/libsmallc.a(lib_a-putchar.o)
 .debug_line    0x000007c7      0x212 /home/patrick/altera/13.1/nios2eds/bin/gnu/H-i686-pc-linux-gnu/bin/../lib/gcc/nios2-elf/4.7.3/../../../../../H-i686-pc-linux-gnu/nios2-elf/lib/mno-hw-mul/libsmallc.a(lib_a-puts.o)
 .debug_line    0x000009d9      0x174 /home/patrick/altera/13.1/nios2eds/bin/gnu/H-i686-pc-linux-gnu/bin/../lib/gcc/nios2-elf/4.7.3/../../../../../H-i686-pc-linux-gnu/nios2-elf/lib/mno-hw-mul/libsmallc.a(lib_a-strlen.o)
 .debug_line    0x00000b4d      0x40e /home/patrick/altera/13.1/nios2eds/bin/gnu/H-i686-pc-linux-gnu/bin/../lib/gcc/nios2-elf/4.7.3/../../../../../H-i686-pc-linux-gnu/nios2-elf/lib/mno-hw-mul/libsmallc.a(lib_a-vfprintf.o)
 .debug_line    0x00000f5b      0x225 /home/patrick/altera/13.1/nios2eds/bin/gnu/H-i686-pc-linux-gnu/bin/../lib/gcc/nios2-elf/4.7.3/../../../../../H-i686-pc-linux-gnu/nios2-elf/lib/mno-hw-mul/libsmallc.a(lib_a-fvwrite_small_dev.o)
 .debug_line    0x00001180      0x16c /home/patrick/altera/13.1/nios2eds/bin/gnu/H-i686-pc-linux-gnu/bin/../lib/gcc/nios2-elf/4.7.3/../../../../../H-i686-pc-linux-gnu/nios2-elf/lib/mno-hw-mul/libsmallc.a(lib_a-impure.o)
 .debug_line    0x000012ec      0x20c /home/patrick/altera/13.1/nios2eds/bin/gnu/H-i686-pc-linux-gnu/bin/../lib/gcc/nios2-elf/4.7.3/../../../../../H-i686-pc-linux-gnu/nios2-elf/lib/mno-hw-mul/libsmallc.a(lib_a-putc.o)
 .debug_line    0x000014f8      0x20c /home/patrick/altera/13.1/nios2eds/bin/gnu/H-i686-pc-linux-gnu/bin/../lib/gcc/nios2-elf/4.7.3/../../../../../H-i686-pc-linux-gnu/nios2-elf/lib/mno-hw-mul/libsmallc.a(lib_a-writer.o)
 .debug_line    0x00001704       0x60 /home/patrick/altera/13.1/nios2eds/bin/gnu/H-i686-pc-linux-gnu/bin/../lib/gcc/nios2-elf/4.7.3/../../../../../H-i686-pc-linux-gnu/nios2-elf/lib/mno-hw-mul/libsmallc.a(lib_a-int_errno.o)
 .debug_line    0x00001764       0x80 /home/patrick/altera/13.1/nios2eds/bin/gnu/H-i686-pc-linux-gnu/bin/../lib/gcc/nios2-elf/4.7.3/mno-hw-mul/libgcc.a(lib2-mul.o)
 .debug_line    0x000017e4       0x92 ../count_binary_bsp//libhal_bsp.a(alt_load.o)
 .debug_line    0x00001876       0x9e ../count_binary_bsp//libhal_bsp.a(alt_main.o)
 .debug_line    0x00001914       0xde ../count_binary_bsp//libhal_bsp.a(alt_usleep.o)
 .debug_line    0x000019f2      0x218 ../count_binary_bsp//libhal_bsp.a(alt_write.o)
 .debug_line    0x00001c0a      0x142 ../count_binary_bsp//libhal_bsp.a(alt_sys_init.o)
 .debug_line    0x00001d4c      0x114 ../count_binary_bsp//libhal_bsp.a(altera_avalon_jtag_uart_fd.o)
 .debug_line    0x00001e60      0x101 ../count_binary_bsp//libhal_bsp.a(altera_avalon_jtag_uart_read.o)
 .debug_line    0x00001f61       0xf8 ../count_binary_bsp//libhal_bsp.a(altera_avalon_jtag_uart_write.o)
 .debug_line    0x00002059       0xfd ../count_binary_bsp//libhal_bsp.a(altera_avalon_timer_sc.o)
 .debug_line    0x00002156       0xa0 ../count_binary_bsp//libhal_bsp.a(alt_busy_sleep.o)
 .debug_line    0x000021f6      0x196 ../count_binary_bsp//libhal_bsp.a(alt_close.o)
 .debug_line    0x0000238c       0x51 ../count_binary_bsp//libhal_bsp.a(alt_dcache_flush_all.o)
 .debug_line    0x000023dd      0x129 ../count_binary_bsp//libhal_bsp.a(alt_dev.o)
 .debug_line    0x00002506       0xd0 ../count_binary_bsp//libhal_bsp.a(alt_dev_llist_insert.o)
 .debug_line    0x000025d6       0x51 ../count_binary_bsp//libhal_bsp.a(alt_errno.o)
 .debug_line    0x00002627       0x50 ../count_binary_bsp//libhal_bsp.a(alt_icache_flush_all.o)
 .debug_line    0x00002677       0xed ../count_binary_bsp//libhal_bsp.a(alt_iic.o)
 .debug_line    0x00002764       0xdb ../count_binary_bsp//libhal_bsp.a(alt_iic_isr_register.o)
 .debug_line    0x0000283f      0x166 ../count_binary_bsp//libhal_bsp.a(alt_io_redirect.o)
 .debug_line    0x000029a5       0x6b ../count_binary_bsp//libhal_bsp.a(alt_irq_entry.o)
 .debug_line    0x00002a10       0xae ../count_binary_bsp//libhal_bsp.a(alt_irq_handler.o)
 .debug_line    0x00002abe       0x50 ../count_binary_bsp//libhal_bsp.a(alt_irq_vars.o)
 .debug_line    0x00002b0e      0x128 ../count_binary_bsp//libhal_bsp.a(alt_open.o)
 .debug_line    0x00002c36       0xb0 ../count_binary_bsp//libhal_bsp.a(alt_release_fd.o)
 .debug_line    0x00002ce6      0x102 ../count_binary_bsp//libhal_bsp.a(alt_tick.o)
 .debug_line    0x00002de8       0x51 ../count_binary_bsp//libhal_bsp.a(altera_nios2_qsys_irq.o)
 .debug_line    0x00002e39       0xab ../count_binary_bsp//libhal_bsp.a(alt_exception_entry.o)
 .debug_line    0x00002ee4       0xb9 ../count_binary_bsp//libhal_bsp.a(alt_find_dev.o)
 .debug_line    0x00002f9d       0xd5 ../count_binary_bsp//libhal_bsp.a(alt_find_file.o)
 .debug_line    0x00003072       0xd4 ../count_binary_bsp//libhal_bsp.a(alt_get_fd.o)
 .debug_line    0x00003146       0x81 ../count_binary_bsp//libhal_bsp.a(alt_icache_flush.o)
 .debug_line    0x000031c7      0x170 /home/patrick/altera/13.1/nios2eds/bin/gnu/H-i686-pc-linux-gnu/bin/../lib/gcc/nios2-elf/4.7.3/../../../../../H-i686-pc-linux-gnu/nios2-elf/lib/mno-hw-mul/libsmallc.a(lib_a-exit.o)
 .debug_line    0x00003337      0x17f /home/patrick/altera/13.1/nios2eds/bin/gnu/H-i686-pc-linux-gnu/bin/../lib/gcc/nios2-elf/4.7.3/../../../../../H-i686-pc-linux-gnu/nios2-elf/lib/mno-hw-mul/libsmallc.a(lib_a-memcmp.o)
 .debug_line    0x000034b6      0x267 /home/patrick/altera/13.1/nios2eds/bin/gnu/H-i686-pc-linux-gnu/bin/../lib/gcc/nios2-elf/4.7.3/../../../../../H-i686-pc-linux-gnu/nios2-elf/lib/mno-hw-mul/libsmallc.a(lib_a-__call_atexit.o)
 .debug_line    0x0000371d       0x71 ../count_binary_bsp//libhal_bsp.a(alt_exit.o)

.debug_frame    0x00000000      0xa3c
 *(.debug_frame)
 .debug_frame   0x00000000       0xf0 obj/default/count_binary.o
 .debug_frame   0x000000f0       0x70 /home/patrick/altera/13.1/nios2eds/bin/gnu/H-i686-pc-linux-gnu/bin/../lib/gcc/nios2-elf/4.7.3/mno-hw-mul/libgcc.a(lib2-divmod.o)
 .debug_frame   0x00000160       0x40 /home/patrick/altera/13.1/nios2eds/bin/gnu/H-i686-pc-linux-gnu/bin/../lib/gcc/nios2-elf/4.7.3/../../../../../H-i686-pc-linux-gnu/nios2-elf/lib/mno-hw-mul/libsmallc.a(lib_a-printf.o)
 .debug_frame   0x000001a0       0x30 /home/patrick/altera/13.1/nios2eds/bin/gnu/H-i686-pc-linux-gnu/bin/../lib/gcc/nios2-elf/4.7.3/../../../../../H-i686-pc-linux-gnu/nios2-elf/lib/mno-hw-mul/libsmallc.a(lib_a-putchar.o)
 .debug_frame   0x000001d0       0x3c /home/patrick/altera/13.1/nios2eds/bin/gnu/H-i686-pc-linux-gnu/bin/../lib/gcc/nios2-elf/4.7.3/../../../../../H-i686-pc-linux-gnu/nios2-elf/lib/mno-hw-mul/libsmallc.a(lib_a-puts.o)
 .debug_frame   0x0000020c       0x20 /home/patrick/altera/13.1/nios2eds/bin/gnu/H-i686-pc-linux-gnu/bin/../lib/gcc/nios2-elf/4.7.3/../../../../../H-i686-pc-linux-gnu/nios2-elf/lib/mno-hw-mul/libsmallc.a(lib_a-strlen.o)
 .debug_frame   0x0000022c       0x4c /home/patrick/altera/13.1/nios2eds/bin/gnu/H-i686-pc-linux-gnu/bin/../lib/gcc/nios2-elf/4.7.3/../../../../../H-i686-pc-linux-gnu/nios2-elf/lib/mno-hw-mul/libsmallc.a(lib_a-vfprintf.o)
 .debug_frame   0x00000278       0x30 /home/patrick/altera/13.1/nios2eds/bin/gnu/H-i686-pc-linux-gnu/bin/../lib/gcc/nios2-elf/4.7.3/../../../../../H-i686-pc-linux-gnu/nios2-elf/lib/mno-hw-mul/libsmallc.a(lib_a-fvwrite_small_dev.o)
 .debug_frame   0x000002a8       0x44 /home/patrick/altera/13.1/nios2eds/bin/gnu/H-i686-pc-linux-gnu/bin/../lib/gcc/nios2-elf/4.7.3/../../../../../H-i686-pc-linux-gnu/nios2-elf/lib/mno-hw-mul/libsmallc.a(lib_a-putc.o)
 .debug_frame   0x000002ec       0x2c /home/patrick/altera/13.1/nios2eds/bin/gnu/H-i686-pc-linux-gnu/bin/../lib/gcc/nios2-elf/4.7.3/../../../../../H-i686-pc-linux-gnu/nios2-elf/lib/mno-hw-mul/libsmallc.a(lib_a-writer.o)
 .debug_frame   0x00000318       0x20 /home/patrick/altera/13.1/nios2eds/bin/gnu/H-i686-pc-linux-gnu/bin/../lib/gcc/nios2-elf/4.7.3/mno-hw-mul/libgcc.a(lib2-mul.o)
 .debug_frame   0x00000338       0x48 ../count_binary_bsp//libhal_bsp.a(alt_load.o)
 .debug_frame   0x00000380       0x2c ../count_binary_bsp//libhal_bsp.a(alt_main.o)
 .debug_frame   0x000003ac       0x2c ../count_binary_bsp//libhal_bsp.a(alt_usleep.o)
 .debug_frame   0x000003d8       0x48 ../count_binary_bsp//libhal_bsp.a(alt_write.o)
 .debug_frame   0x00000420       0x64 ../count_binary_bsp//libhal_bsp.a(alt_sys_init.o)
 .debug_frame   0x00000484       0x48 ../count_binary_bsp//libhal_bsp.a(altera_avalon_jtag_uart_fd.o)
 .debug_frame   0x000004cc       0x2c ../count_binary_bsp//libhal_bsp.a(altera_avalon_jtag_uart_read.o)
 .debug_frame   0x000004f8       0x2c ../count_binary_bsp//libhal_bsp.a(altera_avalon_jtag_uart_write.o)
 .debug_frame   0x00000524       0x48 ../count_binary_bsp//libhal_bsp.a(altera_avalon_timer_sc.o)
 .debug_frame   0x0000056c       0x2c ../count_binary_bsp//libhal_bsp.a(alt_busy_sleep.o)
 .debug_frame   0x00000598       0x48 ../count_binary_bsp//libhal_bsp.a(alt_close.o)
 .debug_frame   0x000005e0       0x2c ../count_binary_bsp//libhal_bsp.a(alt_dcache_flush_all.o)
 .debug_frame   0x0000060c       0x2c ../count_binary_bsp//libhal_bsp.a(alt_dev.o)
 .debug_frame   0x00000638       0x48 ../count_binary_bsp//libhal_bsp.a(alt_dev_llist_insert.o)
 .debug_frame   0x00000680       0x2c ../count_binary_bsp//libhal_bsp.a(alt_icache_flush_all.o)
 .debug_frame   0x000006ac       0x80 ../count_binary_bsp//libhal_bsp.a(alt_iic.o)
 .debug_frame   0x0000072c       0x2c ../count_binary_bsp//libhal_bsp.a(alt_iic_isr_register.o)
 .debug_frame   0x00000758       0x4c ../count_binary_bsp//libhal_bsp.a(alt_io_redirect.o)
 .debug_frame   0x000007a4       0x2c ../count_binary_bsp//libhal_bsp.a(alt_irq_handler.o)
 .debug_frame   0x000007d0       0x68 ../count_binary_bsp//libhal_bsp.a(alt_open.o)
 .debug_frame   0x00000838       0x30 ../count_binary_bsp//libhal_bsp.a(alt_release_fd.o)
 .debug_frame   0x00000868       0x48 ../count_binary_bsp//libhal_bsp.a(alt_tick.o)
 .debug_frame   0x000008b0       0x2c ../count_binary_bsp//libhal_bsp.a(altera_nios2_qsys_irq.o)
 .debug_frame   0x000008dc       0x2c ../count_binary_bsp//libhal_bsp.a(alt_find_dev.o)
 .debug_frame   0x00000908       0x2c ../count_binary_bsp//libhal_bsp.a(alt_find_file.o)
 .debug_frame   0x00000934       0x30 ../count_binary_bsp//libhal_bsp.a(alt_get_fd.o)
 .debug_frame   0x00000964       0x2c ../count_binary_bsp//libhal_bsp.a(alt_icache_flush.o)
 .debug_frame   0x00000990       0x28 /home/patrick/altera/13.1/nios2eds/bin/gnu/H-i686-pc-linux-gnu/bin/../lib/gcc/nios2-elf/4.7.3/../../../../../H-i686-pc-linux-gnu/nios2-elf/lib/mno-hw-mul/libsmallc.a(lib_a-exit.o)
 .debug_frame   0x000009b8       0x20 /home/patrick/altera/13.1/nios2eds/bin/gnu/H-i686-pc-linux-gnu/bin/../lib/gcc/nios2-elf/4.7.3/../../../../../H-i686-pc-linux-gnu/nios2-elf/lib/mno-hw-mul/libsmallc.a(lib_a-memcmp.o)
 .debug_frame   0x000009d8       0x38 /home/patrick/altera/13.1/nios2eds/bin/gnu/H-i686-pc-linux-gnu/bin/../lib/gcc/nios2-elf/4.7.3/../../../../../H-i686-pc-linux-gnu/nios2-elf/lib/mno-hw-mul/libsmallc.a(lib_a-__call_atexit.o)
 .debug_frame   0x00000a10       0x2c ../count_binary_bsp//libhal_bsp.a(alt_exit.o)

.debug_str      0x00000000     0x199a
 *(.debug_str)
 .debug_str     0x00000000      0x48f obj/default/count_binary.o
                                0x526 (size before relaxing)
 .debug_str     0x0000048f      0x113 /home/patrick/altera/13.1/nios2eds/bin/gnu/H-i686-pc-linux-gnu/bin/../lib/gcc/nios2-elf/4.7.3/mno-hw-mul/libgcc.a(lib2-divmod.o)
                                0x16a (size before relaxing)
 .debug_str     0x000005a2      0x18c /home/patrick/altera/13.1/nios2eds/bin/gnu/H-i686-pc-linux-gnu/bin/../lib/gcc/nios2-elf/4.7.3/../../../../../H-i686-pc-linux-gnu/nios2-elf/lib/mno-hw-mul/libsmallc.a(lib_a-printf.o)
                                0x4b5 (size before relaxing)
 .debug_str     0x0000072e       0x59 /home/patrick/altera/13.1/nios2eds/bin/gnu/H-i686-pc-linux-gnu/bin/../lib/gcc/nios2-elf/4.7.3/../../../../../H-i686-pc-linux-gnu/nios2-elf/lib/mno-hw-mul/libsmallc.a(lib_a-putchar.o)
                                0x46c (size before relaxing)
 .debug_str     0x00000787       0x4f /home/patrick/altera/13.1/nios2eds/bin/gnu/H-i686-pc-linux-gnu/bin/../lib/gcc/nios2-elf/4.7.3/../../../../../H-i686-pc-linux-gnu/nios2-elf/lib/mno-hw-mul/libsmallc.a(lib_a-puts.o)
                                0x464 (size before relaxing)
 .debug_str     0x000007d6       0xdf /home/patrick/altera/13.1/nios2eds/bin/gnu/H-i686-pc-linux-gnu/bin/../lib/gcc/nios2-elf/4.7.3/../../../../../H-i686-pc-linux-gnu/nios2-elf/lib/mno-hw-mul/libsmallc.a(lib_a-strlen.o)
                                0x191 (size before relaxing)
 .debug_str     0x000008b5      0x196 /home/patrick/altera/13.1/nios2eds/bin/gnu/H-i686-pc-linux-gnu/bin/../lib/gcc/nios2-elf/4.7.3/../../../../../H-i686-pc-linux-gnu/nios2-elf/lib/mno-hw-mul/libsmallc.a(lib_a-vfprintf.o)
                                0x635 (size before relaxing)
 .debug_str     0x00000a4b       0x82 /home/patrick/altera/13.1/nios2eds/bin/gnu/H-i686-pc-linux-gnu/bin/../lib/gcc/nios2-elf/4.7.3/../../../../../H-i686-pc-linux-gnu/nios2-elf/lib/mno-hw-mul/libsmallc.a(lib_a-fvwrite_small_dev.o)
                                0x490 (size before relaxing)
 .debug_str     0x00000acd       0xfc /home/patrick/altera/13.1/nios2eds/bin/gnu/H-i686-pc-linux-gnu/bin/../lib/gcc/nios2-elf/4.7.3/../../../../../H-i686-pc-linux-gnu/nios2-elf/lib/mno-hw-mul/libsmallc.a(lib_a-impure.o)
                                0x46a (size before relaxing)
 .debug_str     0x00000bc9       0x47 /home/patrick/altera/13.1/nios2eds/bin/gnu/H-i686-pc-linux-gnu/bin/../lib/gcc/nios2-elf/4.7.3/../../../../../H-i686-pc-linux-gnu/nios2-elf/lib/mno-hw-mul/libsmallc.a(lib_a-putc.o)
                                0x462 (size before relaxing)
 .debug_str     0x00000c10       0x3d /home/patrick/altera/13.1/nios2eds/bin/gnu/H-i686-pc-linux-gnu/bin/../lib/gcc/nios2-elf/4.7.3/../../../../../H-i686-pc-linux-gnu/nios2-elf/lib/mno-hw-mul/libsmallc.a(lib_a-writer.o)
                                0x464 (size before relaxing)
 .debug_str     0x00000c4d       0x40 /home/patrick/altera/13.1/nios2eds/bin/gnu/H-i686-pc-linux-gnu/bin/../lib/gcc/nios2-elf/4.7.3/../../../../../H-i686-pc-linux-gnu/nios2-elf/lib/mno-hw-mul/libsmallc.a(lib_a-int_errno.o)
                                0x184 (size before relaxing)
 .debug_str     0x00000c8d       0x40 /home/patrick/altera/13.1/nios2eds/bin/gnu/H-i686-pc-linux-gnu/bin/../lib/gcc/nios2-elf/4.7.3/mno-hw-mul/libgcc.a(lib2-mul.o)
                                0x12b (size before relaxing)
 .debug_str     0x00000ccd      0x14c ../count_binary_bsp//libhal_bsp.a(alt_load.o)
                                0x1ea (size before relaxing)
 .debug_str     0x00000e19       0x70 ../count_binary_bsp//libhal_bsp.a(alt_main.o)
                                0x175 (size before relaxing)
 .debug_str     0x00000e89       0x27 ../count_binary_bsp//libhal_bsp.a(alt_usleep.o)
                                0x120 (size before relaxing)
 .debug_str     0x00000eb0      0x159 ../count_binary_bsp//libhal_bsp.a(alt_write.o)
                                0x2d0 (size before relaxing)
 .debug_str     0x00001009      0x136 ../count_binary_bsp//libhal_bsp.a(alt_sys_init.o)
                                0x2e2 (size before relaxing)
 .debug_str     0x0000113f       0x77 ../count_binary_bsp//libhal_bsp.a(altera_avalon_jtag_uart_fd.o)
                                0x2ad (size before relaxing)
 .debug_str     0x000011b6       0x48 ../count_binary_bsp//libhal_bsp.a(altera_avalon_jtag_uart_read.o)
                                0x1f7 (size before relaxing)
 .debug_str     0x000011fe       0x4a ../count_binary_bsp//libhal_bsp.a(altera_avalon_jtag_uart_write.o)
                                0x1ed (size before relaxing)
 .debug_str     0x00001248       0xb6 ../count_binary_bsp//libhal_bsp.a(altera_avalon_timer_sc.o)
                                0x223 (size before relaxing)
 .debug_str     0x000012fe       0x42 ../count_binary_bsp//libhal_bsp.a(alt_busy_sleep.o)
                                0x143 (size before relaxing)
 .debug_str     0x00001340       0x1b ../count_binary_bsp//libhal_bsp.a(alt_close.o)
                                0x1e3 (size before relaxing)
 .debug_str     0x0000135b       0x34 ../count_binary_bsp//libhal_bsp.a(alt_dcache_flush_all.o)
                                0x12d (size before relaxing)
 .debug_str     0x0000138f       0x50 ../count_binary_bsp//libhal_bsp.a(alt_dev.o)
                                0x2dd (size before relaxing)
 .debug_str     0x000013df       0x4b ../count_binary_bsp//libhal_bsp.a(alt_dev_llist_insert.o)
                                0x1a4 (size before relaxing)
 .debug_str     0x0000142a       0x14 ../count_binary_bsp//libhal_bsp.a(alt_errno.o)
                                0x11d (size before relaxing)
 .debug_str     0x0000143e       0x34 ../count_binary_bsp//libhal_bsp.a(alt_icache_flush_all.o)
                                0x12d (size before relaxing)
 .debug_str     0x00001472       0xc4 ../count_binary_bsp//libhal_bsp.a(alt_iic.o)
                                0x216 (size before relaxing)
 .debug_str     0x00001536       0x4c ../count_binary_bsp//libhal_bsp.a(alt_iic_isr_register.o)
                                0x1c0 (size before relaxing)
 .debug_str     0x00001582       0x56 ../count_binary_bsp//libhal_bsp.a(alt_io_redirect.o)
                                0x2ee (size before relaxing)
 .debug_str     0x000015d8       0x3a ../count_binary_bsp//libhal_bsp.a(alt_irq_handler.o)
                                0x16f (size before relaxing)
 .debug_str     0x00001612       0x17 ../count_binary_bsp//libhal_bsp.a(alt_irq_vars.o)
                                0x11e (size before relaxing)
 .debug_str     0x00001629       0x2f ../count_binary_bsp//libhal_bsp.a(alt_open.o)
                                0x223 (size before relaxing)
 .debug_str     0x00001658       0x28 ../count_binary_bsp//libhal_bsp.a(alt_release_fd.o)
                                0x1b7 (size before relaxing)
 .debug_str     0x00001680       0x78 ../count_binary_bsp//libhal_bsp.a(alt_tick.o)
                                0x22a (size before relaxing)
 .debug_str     0x000016f8       0x3b ../count_binary_bsp//libhal_bsp.a(altera_nios2_qsys_irq.o)
                                0x134 (size before relaxing)
 .debug_str     0x00001733       0x24 ../count_binary_bsp//libhal_bsp.a(alt_find_dev.o)
                                0x1c4 (size before relaxing)
 .debug_str     0x00001757       0x26 ../count_binary_bsp//libhal_bsp.a(alt_find_file.o)
                                0x1d2 (size before relaxing)
 .debug_str     0x0000177d       0x30 ../count_binary_bsp//libhal_bsp.a(alt_get_fd.o)
                                0x1f4 (size before relaxing)
 .debug_str     0x000017ad       0x2c ../count_binary_bsp//libhal_bsp.a(alt_icache_flush.o)
                                0x133 (size before relaxing)
 .debug_str     0x000017d9       0xee /home/patrick/altera/13.1/nios2eds/bin/gnu/H-i686-pc-linux-gnu/bin/../lib/gcc/nios2-elf/4.7.3/../../../../../H-i686-pc-linux-gnu/nios2-elf/lib/mno-hw-mul/libsmallc.a(lib_a-exit.o)
                                0x19c (size before relaxing)
 .debug_str     0x000018c7       0x45 /home/patrick/altera/13.1/nios2eds/bin/gnu/H-i686-pc-linux-gnu/bin/../lib/gcc/nios2-elf/4.7.3/../../../../../H-i686-pc-linux-gnu/nios2-elf/lib/mno-hw-mul/libsmallc.a(lib_a-memcmp.o)
                                0x18b (size before relaxing)
 .debug_str     0x0000190c       0x64 /home/patrick/altera/13.1/nios2eds/bin/gnu/H-i686-pc-linux-gnu/bin/../lib/gcc/nios2-elf/4.7.3/../../../../../H-i686-pc-linux-gnu/nios2-elf/lib/mno-hw-mul/libsmallc.a(lib_a-__call_atexit.o)
                                0x495 (size before relaxing)
 .debug_str     0x00001970       0x2a ../count_binary_bsp//libhal_bsp.a(alt_exit.o)
                                0x129 (size before relaxing)

.debug_loc      0x00000000     0x2198
 *(.debug_loc)
 .debug_loc     0x00000000      0x160 obj/default/count_binary.o
 .debug_loc     0x00000160      0x338 /home/patrick/altera/13.1/nios2eds/bin/gnu/H-i686-pc-linux-gnu/bin/../lib/gcc/nios2-elf/4.7.3/mno-hw-mul/libgcc.a(lib2-divmod.o)
 .debug_loc     0x00000498      0x125 /home/patrick/altera/13.1/nios2eds/bin/gnu/H-i686-pc-linux-gnu/bin/../lib/gcc/nios2-elf/4.7.3/../../../../../H-i686-pc-linux-gnu/nios2-elf/lib/mno-hw-mul/libsmallc.a(lib_a-printf.o)
 .debug_loc     0x000005bd       0x6e /home/patrick/altera/13.1/nios2eds/bin/gnu/H-i686-pc-linux-gnu/bin/../lib/gcc/nios2-elf/4.7.3/../../../../../H-i686-pc-linux-gnu/nios2-elf/lib/mno-hw-mul/libsmallc.a(lib_a-putchar.o)
 .debug_loc     0x0000062b       0xb7 /home/patrick/altera/13.1/nios2eds/bin/gnu/H-i686-pc-linux-gnu/bin/../lib/gcc/nios2-elf/4.7.3/../../../../../H-i686-pc-linux-gnu/nios2-elf/lib/mno-hw-mul/libsmallc.a(lib_a-puts.o)
 .debug_loc     0x000006e2       0x29 /home/patrick/altera/13.1/nios2eds/bin/gnu/H-i686-pc-linux-gnu/bin/../lib/gcc/nios2-elf/4.7.3/../../../../../H-i686-pc-linux-gnu/nios2-elf/lib/mno-hw-mul/libsmallc.a(lib_a-strlen.o)
 .debug_loc     0x0000070b      0xc9d /home/patrick/altera/13.1/nios2eds/bin/gnu/H-i686-pc-linux-gnu/bin/../lib/gcc/nios2-elf/4.7.3/../../../../../H-i686-pc-linux-gnu/nios2-elf/lib/mno-hw-mul/libsmallc.a(lib_a-vfprintf.o)
 .debug_loc     0x000013a8      0x19e /home/patrick/altera/13.1/nios2eds/bin/gnu/H-i686-pc-linux-gnu/bin/../lib/gcc/nios2-elf/4.7.3/../../../../../H-i686-pc-linux-gnu/nios2-elf/lib/mno-hw-mul/libsmallc.a(lib_a-fvwrite_small_dev.o)
 .debug_loc     0x00001546      0x138 /home/patrick/altera/13.1/nios2eds/bin/gnu/H-i686-pc-linux-gnu/bin/../lib/gcc/nios2-elf/4.7.3/../../../../../H-i686-pc-linux-gnu/nios2-elf/lib/mno-hw-mul/libsmallc.a(lib_a-putc.o)
 .debug_loc     0x0000167e       0xde /home/patrick/altera/13.1/nios2eds/bin/gnu/H-i686-pc-linux-gnu/bin/../lib/gcc/nios2-elf/4.7.3/../../../../../H-i686-pc-linux-gnu/nios2-elf/lib/mno-hw-mul/libsmallc.a(lib_a-writer.o)
 .debug_loc     0x0000175c       0x93 /home/patrick/altera/13.1/nios2eds/bin/gnu/H-i686-pc-linux-gnu/bin/../lib/gcc/nios2-elf/4.7.3/mno-hw-mul/libgcc.a(lib2-mul.o)
 .debug_loc     0x000017ef       0x58 ../count_binary_bsp//libhal_bsp.a(alt_load.o)
 .debug_loc     0x00001847       0x2c ../count_binary_bsp//libhal_bsp.a(alt_main.o)
 .debug_loc     0x00001873       0x2c ../count_binary_bsp//libhal_bsp.a(alt_usleep.o)
 .debug_loc     0x0000189f       0x58 ../count_binary_bsp//libhal_bsp.a(alt_write.o)
 .debug_loc     0x000018f7       0x84 ../count_binary_bsp//libhal_bsp.a(alt_sys_init.o)
 .debug_loc     0x0000197b       0x58 ../count_binary_bsp//libhal_bsp.a(altera_avalon_jtag_uart_fd.o)
 .debug_loc     0x000019d3       0x2c ../count_binary_bsp//libhal_bsp.a(altera_avalon_jtag_uart_read.o)
 .debug_loc     0x000019ff       0x2c ../count_binary_bsp//libhal_bsp.a(altera_avalon_jtag_uart_write.o)
 .debug_loc     0x00001a2b       0x58 ../count_binary_bsp//libhal_bsp.a(altera_avalon_timer_sc.o)
 .debug_loc     0x00001a83       0x2c ../count_binary_bsp//libhal_bsp.a(alt_busy_sleep.o)
 .debug_loc     0x00001aaf       0x58 ../count_binary_bsp//libhal_bsp.a(alt_close.o)
 .debug_loc     0x00001b07       0x2c ../count_binary_bsp//libhal_bsp.a(alt_dcache_flush_all.o)
 .debug_loc     0x00001b33       0x2c ../count_binary_bsp//libhal_bsp.a(alt_dev.o)
 .debug_loc     0x00001b5f       0x58 ../count_binary_bsp//libhal_bsp.a(alt_dev_llist_insert.o)
 .debug_loc     0x00001bb7       0x2c ../count_binary_bsp//libhal_bsp.a(alt_icache_flush_all.o)
 .debug_loc     0x00001be3       0xb0 ../count_binary_bsp//libhal_bsp.a(alt_iic.o)
 .debug_loc     0x00001c93       0x2c ../count_binary_bsp//libhal_bsp.a(alt_iic_isr_register.o)
 .debug_loc     0x00001cbf       0x58 ../count_binary_bsp//libhal_bsp.a(alt_io_redirect.o)
 .debug_loc     0x00001d17       0x2c ../count_binary_bsp//libhal_bsp.a(alt_irq_handler.o)
 .debug_loc     0x00001d43       0x84 ../count_binary_bsp//libhal_bsp.a(alt_open.o)
 .debug_loc     0x00001dc7       0x2c ../count_binary_bsp//libhal_bsp.a(alt_release_fd.o)
 .debug_loc     0x00001df3       0x58 ../count_binary_bsp//libhal_bsp.a(alt_tick.o)
 .debug_loc     0x00001e4b       0x2c ../count_binary_bsp//libhal_bsp.a(altera_nios2_qsys_irq.o)
 .debug_loc     0x00001e77       0x2c ../count_binary_bsp//libhal_bsp.a(alt_find_dev.o)
 .debug_loc     0x00001ea3       0x2c ../count_binary_bsp//libhal_bsp.a(alt_find_file.o)
 .debug_loc     0x00001ecf       0x2c ../count_binary_bsp//libhal_bsp.a(alt_get_fd.o)
 .debug_loc     0x00001efb       0x2c ../count_binary_bsp//libhal_bsp.a(alt_icache_flush.o)
 .debug_loc     0x00001f27       0x3e /home/patrick/altera/13.1/nios2eds/bin/gnu/H-i686-pc-linux-gnu/bin/../lib/gcc/nios2-elf/4.7.3/../../../../../H-i686-pc-linux-gnu/nios2-elf/lib/mno-hw-mul/libsmallc.a(lib_a-exit.o)
 .debug_loc     0x00001f65       0x6f /home/patrick/altera/13.1/nios2eds/bin/gnu/H-i686-pc-linux-gnu/bin/../lib/gcc/nios2-elf/4.7.3/../../../../../H-i686-pc-linux-gnu/nios2-elf/lib/mno-hw-mul/libsmallc.a(lib_a-memcmp.o)
 .debug_loc     0x00001fd4      0x198 /home/patrick/altera/13.1/nios2eds/bin/gnu/H-i686-pc-linux-gnu/bin/../lib/gcc/nios2-elf/4.7.3/../../../../../H-i686-pc-linux-gnu/nios2-elf/lib/mno-hw-mul/libsmallc.a(lib_a-__call_atexit.o)
 .debug_loc     0x0000216c       0x2c ../count_binary_bsp//libhal_bsp.a(alt_exit.o)

.debug_macinfo
 *(.debug_macinfo)

.debug_weaknames
 *(.debug_weaknames)

.debug_funcnames
 *(.debug_funcnames)

.debug_typenames
 *(.debug_typenames)

.debug_varnames
 *(.debug_varnames)

.debug_alt_sim_info
                0x00000000       0x50
 *(.debug_alt_sim_info)
 .debug_alt_sim_info
                0x00000000       0x20 ../count_binary_bsp//obj/HAL/src/crt0.o
 .debug_alt_sim_info
                0x00000020       0x30 ../count_binary_bsp//libhal_bsp.a(alt_busy_sleep.o)
                0x0000d000                __alt_data_end = 0xd000
                0x0000d000                PROVIDE (__alt_stack_pointer, __alt_data_end)
                0x0000b28c                PROVIDE (__alt_stack_limit, __alt_stack_base)
                0x0000b28c                PROVIDE (__alt_heap_start, end)
                0x0000d000                PROVIDE (__alt_heap_limit, 0xd000)
OUTPUT(count_binary.elf elf32-littlenios2)

.debug_ranges   0x00000000      0x288
 .debug_ranges  0x00000000       0x20 ../count_binary_bsp//obj/HAL/src/crt0.o
 .debug_ranges  0x00000020      0x188 /home/patrick/altera/13.1/nios2eds/bin/gnu/H-i686-pc-linux-gnu/bin/../lib/gcc/nios2-elf/4.7.3/../../../../../H-i686-pc-linux-gnu/nios2-elf/lib/mno-hw-mul/libsmallc.a(lib_a-vfprintf.o)
 .debug_ranges  0x000001a8       0x18 /home/patrick/altera/13.1/nios2eds/bin/gnu/H-i686-pc-linux-gnu/bin/../lib/gcc/nios2-elf/4.7.3/../../../../../H-i686-pc-linux-gnu/nios2-elf/lib/mno-hw-mul/libsmallc.a(lib_a-fvwrite_small_dev.o)
 .debug_ranges  0x000001c0       0x18 ../count_binary_bsp//libhal_bsp.a(altera_avalon_jtag_uart_read.o)
 .debug_ranges  0x000001d8       0x30 ../count_binary_bsp//libhal_bsp.a(alt_iic.o)
 .debug_ranges  0x00000208       0x28 ../count_binary_bsp//libhal_bsp.a(alt_irq_entry.o)
 .debug_ranges  0x00000230       0x10 ../count_binary_bsp//libhal_bsp.a(alt_irq_handler.o)
 .debug_ranges  0x00000240       0x30 ../count_binary_bsp//libhal_bsp.a(alt_exception_entry.o)
 .debug_ranges  0x00000270       0x18 /home/patrick/altera/13.1/nios2eds/bin/gnu/H-i686-pc-linux-gnu/bin/../lib/gcc/nios2-elf/4.7.3/../../../../../H-i686-pc-linux-gnu/nios2-elf/lib/mno-hw-mul/libsmallc.a(lib_a-__call_atexit.o)
