Archive member included because of file (symbol)

/home/patrick/altera/13.1/nios2eds/bin/gnu/H-i686-pc-linux-gnu/bin/../lib/gcc/nios2-elf/4.7.3/mno-hw-mul/libgcc.a(_sf_to_df.o)
                              obj/default/count_binary.o (__extendsfdf2)
/home/patrick/altera/13.1/nios2eds/bin/gnu/H-i686-pc-linux-gnu/bin/../lib/gcc/nios2-elf/4.7.3/mno-hw-mul/libgcc.a(_usi_to_sf.o)
                              obj/default/count_binary.o (__floatunsisf)
/home/patrick/altera/13.1/nios2eds/bin/gnu/H-i686-pc-linux-gnu/bin/../lib/gcc/nios2-elf/4.7.3/mno-hw-mul/libgcc.a(_make_df.o)
                              /home/patrick/altera/13.1/nios2eds/bin/gnu/H-i686-pc-linux-gnu/bin/../lib/gcc/nios2-elf/4.7.3/mno-hw-mul/libgcc.a(_sf_to_df.o) (__make_dp)
/home/patrick/altera/13.1/nios2eds/bin/gnu/H-i686-pc-linux-gnu/bin/../lib/gcc/nios2-elf/4.7.3/mno-hw-mul/libgcc.a(_clzsi2.o)
                              /home/patrick/altera/13.1/nios2eds/bin/gnu/H-i686-pc-linux-gnu/bin/../lib/gcc/nios2-elf/4.7.3/mno-hw-mul/libgcc.a(_usi_to_sf.o) (__clzsi2)
/home/patrick/altera/13.1/nios2eds/bin/gnu/H-i686-pc-linux-gnu/bin/../lib/gcc/nios2-elf/4.7.3/mno-hw-mul/libgcc.a(_pack_sf.o)
                              /home/patrick/altera/13.1/nios2eds/bin/gnu/H-i686-pc-linux-gnu/bin/../lib/gcc/nios2-elf/4.7.3/mno-hw-mul/libgcc.a(_usi_to_sf.o) (__pack_f)
/home/patrick/altera/13.1/nios2eds/bin/gnu/H-i686-pc-linux-gnu/bin/../lib/gcc/nios2-elf/4.7.3/mno-hw-mul/libgcc.a(_unpack_sf.o)
                              /home/patrick/altera/13.1/nios2eds/bin/gnu/H-i686-pc-linux-gnu/bin/../lib/gcc/nios2-elf/4.7.3/mno-hw-mul/libgcc.a(_sf_to_df.o) (__unpack_f)
/home/patrick/altera/13.1/nios2eds/bin/gnu/H-i686-pc-linux-gnu/bin/../lib/gcc/nios2-elf/4.7.3/mno-hw-mul/libgcc.a(_pack_df.o)
                              /home/patrick/altera/13.1/nios2eds/bin/gnu/H-i686-pc-linux-gnu/bin/../lib/gcc/nios2-elf/4.7.3/mno-hw-mul/libgcc.a(_make_df.o) (__pack_d)
/home/patrick/altera/13.1/nios2eds/bin/gnu/H-i686-pc-linux-gnu/bin/../lib/gcc/nios2-elf/4.7.3/mno-hw-mul/libgcc.a(_lshrdi3.o)
                              /home/patrick/altera/13.1/nios2eds/bin/gnu/H-i686-pc-linux-gnu/bin/../lib/gcc/nios2-elf/4.7.3/mno-hw-mul/libgcc.a(_pack_df.o) (__lshrdi3)
/home/patrick/altera/13.1/nios2eds/bin/gnu/H-i686-pc-linux-gnu/bin/../lib/gcc/nios2-elf/4.7.3/mno-hw-mul/libgcc.a(_ashldi3.o)
                              /home/patrick/altera/13.1/nios2eds/bin/gnu/H-i686-pc-linux-gnu/bin/../lib/gcc/nios2-elf/4.7.3/mno-hw-mul/libgcc.a(_pack_df.o) (__ashldi3)
/home/patrick/altera/13.1/nios2eds/bin/gnu/H-i686-pc-linux-gnu/bin/../lib/gcc/nios2-elf/4.7.3/mno-hw-mul/libgcc.a(_clz.o)
                              /home/patrick/altera/13.1/nios2eds/bin/gnu/H-i686-pc-linux-gnu/bin/../lib/gcc/nios2-elf/4.7.3/mno-hw-mul/libgcc.a(_clzsi2.o) (__clz_tab)
/home/patrick/altera/13.1/nios2eds/bin/gnu/H-i686-pc-linux-gnu/bin/../lib/gcc/nios2-elf/4.7.3/../../../../../H-i686-pc-linux-gnu/nios2-elf/lib/mno-hw-mul/libsmallc.a(lib_a-printf.o)
                              obj/default/count_binary.o (printf)
/home/patrick/altera/13.1/nios2eds/bin/gnu/H-i686-pc-linux-gnu/bin/../lib/gcc/nios2-elf/4.7.3/../../../../../H-i686-pc-linux-gnu/nios2-elf/lib/mno-hw-mul/libsmallc.a(lib_a-vfprintf.o)
                              /home/patrick/altera/13.1/nios2eds/bin/gnu/H-i686-pc-linux-gnu/bin/../lib/gcc/nios2-elf/4.7.3/../../../../../H-i686-pc-linux-gnu/nios2-elf/lib/mno-hw-mul/libsmallc.a(lib_a-printf.o) (___vfprintf_internal_r)
/home/patrick/altera/13.1/nios2eds/bin/gnu/H-i686-pc-linux-gnu/bin/../lib/gcc/nios2-elf/4.7.3/../../../../../H-i686-pc-linux-gnu/nios2-elf/lib/mno-hw-mul/libsmallc.a(lib_a-fvwrite_small_dev.o)
                              /home/patrick/altera/13.1/nios2eds/bin/gnu/H-i686-pc-linux-gnu/bin/../lib/gcc/nios2-elf/4.7.3/../../../../../H-i686-pc-linux-gnu/nios2-elf/lib/mno-hw-mul/libsmallc.a(lib_a-printf.o) (__sfvwrite_small_dev)
/home/patrick/altera/13.1/nios2eds/bin/gnu/H-i686-pc-linux-gnu/bin/../lib/gcc/nios2-elf/4.7.3/../../../../../H-i686-pc-linux-gnu/nios2-elf/lib/mno-hw-mul/libsmallc.a(lib_a-impure.o)
                              /home/patrick/altera/13.1/nios2eds/bin/gnu/H-i686-pc-linux-gnu/bin/../lib/gcc/nios2-elf/4.7.3/../../../../../H-i686-pc-linux-gnu/nios2-elf/lib/mno-hw-mul/libsmallc.a(lib_a-printf.o) (_impure_ptr)
/home/patrick/altera/13.1/nios2eds/bin/gnu/H-i686-pc-linux-gnu/bin/../lib/gcc/nios2-elf/4.7.3/../../../../../H-i686-pc-linux-gnu/nios2-elf/lib/mno-hw-mul/libsmallc.a(lib_a-strlen.o)
                              /home/patrick/altera/13.1/nios2eds/bin/gnu/H-i686-pc-linux-gnu/bin/../lib/gcc/nios2-elf/4.7.3/../../../../../H-i686-pc-linux-gnu/nios2-elf/lib/mno-hw-mul/libsmallc.a(lib_a-vfprintf.o) (strlen)
/home/patrick/altera/13.1/nios2eds/bin/gnu/H-i686-pc-linux-gnu/bin/../lib/gcc/nios2-elf/4.7.3/../../../../../H-i686-pc-linux-gnu/nios2-elf/lib/mno-hw-mul/libsmallc.a(lib_a-writer.o)
[...]
Memory Configuration

Name             Origin             Length             Attributes
reset            0x00008000         0x00000020
onchip_mem       0x00008020         0x00004fe0
*default*        0x00000000         0xffffffff

Linker script and memory map

LOAD ../count_binary_bsp//obj/HAL/src/crt0.o
LOAD obj/default/count_binary.o
LOAD /home/patrick/altera/13.1/nios2eds/bin/gnu/H-i686-pc-linux-gnu/bin/../lib/gcc/nios2-elf/4.7.3/../../../../../H-i686-pc-linux-gnu/nios2-elf/lib/mno-hw-mul/libstdc++.a
LOAD /home/patrick/altera/13.1/nios2eds/bin/gnu/H-i686-pc-linux-gnu/bin/../lib/gcc/nios2-elf/4.7.3/../../../../../H-i686-pc-linux-gnu/nios2-elf/lib/mno-hw-mul/libm.a
LOAD /home/patrick/altera/13.1/nios2eds/bin/gnu/H-i686-pc-linux-gnu/bin/../lib/gcc/nios2-elf/4.7.3/mno-hw-mul/libgcc.a
START GROUP
LOAD /home/patrick/altera/13.1/nios2eds/bin/gnu/H-i686-pc-linux-gnu/bin/../lib/gcc/nios2-elf/4.7.3/../../../../../H-i686-pc-linux-gnu/nios2-elf/lib/mno-hw-mul/libsmallc.a
LOAD /home/patrick/altera/13.1/nios2eds/bin/gnu/H-i686-pc-linux-gnu/bin/../lib/gcc/nios2-elf/4.7.3/mno-hw-mul/libgcc.a
LOAD ../count_binary_bsp//libhal_bsp.a
END GROUP
LOAD /home/patrick/altera/13.1/nios2eds/bin/gnu/H-i686-pc-linux-gnu/bin/../lib/gcc/nios2-elf/4.7.3/mno-hw-mul/libgcc.a
                0x00008000                __alt_mem_onchip_mem = 0x8000

.entry          0x00008000       0x20
 *(.entry)
 .entry         0x00008000       0x20 ../count_binary_bsp//obj/HAL/src/crt0.o
                0x00008000                __reset

.exceptions     0x00008020      0x198
                0x00008020                PROVIDE (__ram_exceptions_start, ABSOLUTE (.))
                0x00008020                . = ALIGN (0x20)
 *(.irq)
 *(.exceptions.entry.label)
 .exceptions.entry.label
                0x00008020        0x0 ../count_binary_bsp//libhal_bsp.a(alt_irq_entry.o)
                0x00008020                alt_irq_entry
 .exceptions.entry.label
                0x00008020        0x0 ../count_binary_bsp//libhal_bsp.a(alt_exception_entry.o)
                0x00008020                alt_exception
 *(.exceptions.entry.user)
 *(.exceptions.entry.ecc_fatal)
 *(.exceptions.entry)
 .exceptions.entry
                0x00008020       0x54 ../count_binary_bsp//libhal_bsp.a(alt_exception_entry.o)
 *(.exceptions.irqtest.user)
 *(.exceptions.irqtest)
 .exceptions.irqtest
                0x00008074       0x10 ../count_binary_bsp//libhal_bsp.a(alt_irq_entry.o)
 *(.exceptions.irqhandler.user)
 *(.exceptions.irqhandler)
 .exceptions.irqhandler
                0x00008084        0x4 ../count_binary_bsp//libhal_bsp.a(alt_irq_entry.o)
 *(.exceptions.irqreturn.user)
 *(.exceptions.irqreturn)
 .exceptions.irqreturn
                0x00008088        0x4 ../count_binary_bsp//libhal_bsp.a(alt_irq_entry.o)
 *(.exceptions.notirq.label)
 .exceptions.notirq.label
                0x0000808c        0x0 ../count_binary_bsp//libhal_bsp.a(alt_irq_entry.o)
 *(.exceptions.notirq.user)
 *(.exceptions.notirq)
 .exceptions.notirq
                0x0000808c        0x8 ../count_binary_bsp//libhal_bsp.a(alt_exception_entry.o)
 *(.exceptions.soft.user)
 *(.exceptions.soft)
 *(.exceptions.unknown.user)
 *(.exceptions.unknown)
 .exceptions.unknown
                0x00008094        0x4 ../count_binary_bsp//libhal_bsp.a(alt_exception_entry.o)
 *(.exceptions.exit.label)
 .exceptions.exit.label
                0x00008098        0x0 ../count_binary_bsp//libhal_bsp.a(alt_irq_entry.o)
 .exceptions.exit.label
                0x00008098        0x0 ../count_binary_bsp//libhal_bsp.a(alt_exception_entry.o)
 *(.exceptions.exit.user)
 *(.exceptions.exit)
 .exceptions.exit
                0x00008098       0x54 ../count_binary_bsp//libhal_bsp.a(alt_exception_entry.o)
 *(.exceptions)
 .exceptions    0x000080ec       0xcc ../count_binary_bsp//libhal_bsp.a(alt_irq_handler.o)
                0x000080ec                alt_irq_handler
                0x000081b8                PROVIDE (__ram_exceptions_end, ABSOLUTE (.))
                0x00008020                PROVIDE (__flash_exceptions_start, LOADADDR (.exceptions))

.text           0x000081b8     0x2c04
                0x000081b8                PROVIDE (stext, ABSOLUTE (.))
 *(.interp)
 *(.hash)
 *(.dynsym)
 *(.dynstr)
 *(.gnu.version)
 *(.gnu.version_d)
 *(.gnu.version_r)
 *(.rel.init)
 *(.rela.init)
 *(.rel.text .rel.text.* .rel.gnu.linkonce.t.*)
 *(.rela.text .rela.text.* .rela.gnu.linkonce.t.*)
 *(.rel.fini)
 *(.rela.fini)
 *(.rel.rodata .rel.rodata.* .rel.gnu.linkonce.r.*)
 *(.rela.rodata .rela.rodata.* .rela.gnu.linkonce.r.*)
 *(.rel.data .rel.data.* .rel.gnu.linkonce.d.*)
 *(.rela.data .rela.data.* .rela.gnu.linkonce.d.*)
 *(.rel.tdata .rel.tdata.* .rel.gnu.linkonce.td.*)
 *(.rela.tdata .rela.tdata.* .rela.gnu.linkonce.td.*)
 *(.rel.tbss .rel.tbss.* .rel.gnu.linkonce.tb.*)
 *(.rela.tbss .rela.tbss.* .rela.gnu.linkonce.tb.*)
 *(.rel.ctors)
 *(.rela.ctors)
 *(.rel.dtors)
 *(.rela.dtors)
 *(.rel.got)
 *(.rela.got)
 *(.rel.sdata .rel.sdata.* .rel.gnu.linkonce.s.*)
 *(.rela.sdata .rela.sdata.* .rela.gnu.linkonce.s.*)
 *(.rel.sbss .rel.sbss.* .rel.gnu.linkonce.sb.*)
 *(.rela.sbss .rela.sbss.* .rela.gnu.linkonce.sb.*)
 *(.rel.sdata2 .rel.sdata2.* .rel.gnu.linkonce.s2.*)
 *(.rela.sdata2 .rela.sdata2.* .rela.gnu.linkonce.s2.*)
 *(.rel.sbss2 .rel.sbss2.* .rel.gnu.linkonce.sb2.*)
 *(.rela.sbss2 .rela.sbss2.* .rela.gnu.linkonce.sb2.*)
 *(.rel.bss .rel.bss.* .rel.gnu.linkonce.b.*)
 *(.rela.bss .rela.bss.* .rela.gnu.linkonce.b.*)
 *(.rel.plt)
 *(.rela.plt)
 *(.rel.dyn)
 *(.init)
 *(.plt)
 *(.text .stub .text.* .gnu.linkonce.t.*)
 .text          0x000081b8       0x3c ../count_binary_bsp//obj/HAL/src/crt0.o
                0x000081b8                _start
 .text          0x000081f4      0x170 obj/default/count_binary.o
                0x00008270                swap
                0x000082bc                fft
                0x000082e0                main
 .text          0x00008364       0x44 /home/patrick/altera/13.1/nios2eds/bin/gnu/H-i686-pc-linux-gnu/bin/../lib/gcc/nios2-elf/4.7.3/mno-hw-mul/libgcc.a(_sf_to_df.o)
                0x00008364                __extendsfdf2
 .text          0x000083a8       0xd4 /home/patrick/altera/13.1/nios2eds/bin/gnu/H-i686-pc-linux-gnu/bin/../lib/gcc/nios2-elf/4.7.3/mno-hw-mul/libgcc.a(_usi_to_sf.o)
                0x000083a8                __floatunsisf
 .text          0x0000847c       0x38 /home/patrick/altera/13.1/nios2eds/bin/gnu/H-i686-pc-linux-gnu/bin/../lib/gcc/nios2-elf/4.7.3/mno-hw-mul/libgcc.a(_make_df.o)
                0x0000847c                __make_dp
 .text          0x000084b4       0xac /home/patrick/altera/13.1/nios2eds/bin/gnu/H-i686-pc-linux-gnu/bin/../lib/gcc/nios2-elf/4.7.3/mno-hw-mul/libgcc.a(_clzsi2.o)
                0x000084b4                __clzsi2
 .text          0x00008560      0x12c /home/patrick/altera/13.1/nios2eds/bin/gnu/H-i686-pc-linux-gnu/bin/../lib/gcc/nios2-elf/4.7.3/mno-hw-mul/libgcc.a(_pack_sf.o)
                0x00008560                __pack_f
 .text          0x0000868c       0xc8 /home/patrick/altera/13.1/nios2eds/bin/gnu/H-i686-pc-linux-gnu/bin/../lib/gcc/nios2-elf/4.7.3/mno-hw-mul/libgcc.a(_unpack_sf.o)
                0x0000868c                __unpack_f
 .text          0x00008754      0x224 /home/patrick/altera/13.1/nios2eds/bin/gnu/H-i686-pc-linux-gnu/bin/../lib/gcc/nios2-elf/4.7.3/mno-hw-mul/libgcc.a(_pack_df.o)
                0x00008754                __pack_d
 .text          0x00008978       0x44 /home/patrick/altera/13.1/nios2eds/bin/gnu/H-i686-pc-linux-gnu/bin/../lib/gcc/nios2-elf/4.7.3/mno-hw-mul/libgcc.a(_lshrdi3.o)
                0x00008978                __lshrdi3
 .text          0x000089bc       0x44 /home/patrick/altera/13.1/nios2eds/bin/gnu/H-i686-pc-linux-gnu/bin/../lib/gcc/nios2-elf/4.7.3/mno-hw-mul/libgcc.a(_ashldi3.o)
                0x000089bc                __ashldi3
 .text          0x00008a00        0x0 /home/patrick/altera/13.1/nios2eds/bin/gnu/H-i686-pc-linux-gnu/bin/../lib/gcc/nios2-elf/4.7.3/mno-hw-mul/libgcc.a(_clz.o)
 .text          0x00008a00       0x88 /home/patrick/altera/13.1/nios2eds/bin/gnu/H-i686-pc-linux-gnu/bin/../lib/gcc/nios2-elf/4.7.3/../../../../../H-i686-pc-linux-gnu/nios2-elf/lib/mno-hw-mul/libsmallc.a(lib_a-printf.o)
                0x00008a00                _printf_r
                0x00008a3c                printf
 .text          0x00008a88      0x758 /home/patrick/altera/13.1/nios2eds/bin/gnu/H-i686-pc-linux-gnu/bin/../lib/gcc/nios2-elf/4.7.3/../../../../../H-i686-pc-linux-gnu/nios2-elf/lib/mno-hw-mul/libsmallc.a(lib_a-vfprintf.o)
                0x00008a88                ___vfprintf_internal_r
                0x000091bc                __vfprintf_internal
 .text          0x000091e0       0xe0 /home/patrick/altera/13.1/nios2eds/bin/gnu/H-i686-pc-linux-gnu/bin/../lib/gcc/nios2-elf/4.7.3/../../../../../H-i686-pc-linux-gnu/nios2-elf/lib/mno-hw-mul/libsmallc.a(lib_a-fvwrite_small_dev.o)
                0x000091e0                __sfvwrite_small_dev
 .text          0x000092c0        0x0 /home/patrick/altera/13.1/nios2eds/bin/gnu/H-i686-pc-linux-gnu/bin/../lib/gcc/nios2-elf/4.7.3/../../../../../H-i686-pc-linux-gnu/nios2-elf/lib/mno-hw-mul/libsmallc.a(lib_a-impure.o)
 .text          0x000092c0       0x28 /home/patrick/altera/13.1/nios2eds/bin/gnu/H-i686-pc-linux-gnu/bin/../lib/gcc/nios2-elf/4.7.3/../../../../../H-i686-pc-linux-gnu/nios2-elf/lib/mno-hw-mul/libsmallc.a(lib_a-strlen.o)
                0x000092c0                strlen
 .text          0x000092e8       0x6c /home/patrick/altera/13.1/nios2eds/bin/gnu/H-i686-pc-linux-gnu/bin/../lib/gcc/nios2-elf/4.7.3/../../../../../H-i686-pc-linux-gnu/nios2-elf/lib/mno-hw-mul/libsmallc.a(lib_a-writer.o)
                0x000092e8                _write_r
 .text          0x00009354        0x0 /home/patrick/altera/13.1/nios2eds/bin/gnu/H-i686-pc-linux-gnu/bin/../lib/gcc/nios2-elf/4.7.3/../../../../../H-i686-pc-linux-gnu/nios2-elf/lib/mno-hw-mul/libsmallc.a(lib_a-int_errno.o)
 .text          0x00009354      0x130 /home/patrick/altera/13.1/nios2eds/bin/gnu/H-i686-pc-linux-gnu/bin/../lib/gcc/nios2-elf/4.7.3/mno-hw-mul/libgcc.a(lib2-divmod.o)
                0x000093c8                __divsi3
                0x00009418                __modsi3
                0x00009474                __udivsi3
                0x0000947c                __umodsi3
 .text          0x00009484       0x28 /home/patrick/altera/13.1/nios2eds/bin/gnu/H-i686-pc-linux-gnu/bin/../lib/gcc/nios2-elf/4.7.3/mno-hw-mul/libgcc.a(lib2-mul.o)
                0x00009484                __mulsi3
 .text          0x000094ac       0xec ../count_binary_bsp//libhal_bsp.a(alt_load.o)
                0x00009518                alt_load
 .text          0x00009598       0x68 ../count_binary_bsp//libhal_bsp.a(alt_main.o)
                0x00009598                alt_main
 .text          0x00009600       0x30 ../count_binary_bsp//libhal_bsp.a(alt_usleep.o)
                0x00009600                usleep
 .text          0x00009630      0x140 ../count_binary_bsp//libhal_bsp.a(alt_write.o)
                0x00009680                write
 .text          0x00009770       0xb8 ../count_binary_bsp//libhal_bsp.a(alt_sys_init.o)
                0x000097a8                alt_irq_init
                0x000097dc                alt_sys_init
 .text          0x00009828       0xc0 ../count_binary_bsp//libhal_bsp.a(altera_avalon_jtag_uart_fd.o)
                0x00009828                altera_avalon_jtag_uart_read_fd
                0x00009888                altera_avalon_jtag_uart_write_fd
 .text          0x000098e8       0xf4 ../count_binary_bsp//libhal_bsp.a(altera_avalon_jtag_uart_read.o)
                0x000098e8                altera_avalon_jtag_uart_read
 .text          0x000099dc       0x98 ../count_binary_bsp//libhal_bsp.a(altera_avalon_jtag_uart_write.o)
                0x000099dc                altera_avalon_jtag_uart_write
 .text          0x00009a74       0xfc ../count_binary_bsp//libhal_bsp.a(altera_avalon_timer_sc.o)
                0x00009ae8                alt_avalon_timer_sc_init
 .text          0x00009b70      0x154 ../count_binary_bsp//libhal_bsp.a(alt_busy_sleep.o)
                0x00009b70                alt_busy_sleep
 .text          0x00009cc4      0x11c ../count_binary_bsp//libhal_bsp.a(alt_close.o)
                0x00009d14                close
 .text          0x00009de0       0x1c ../count_binary_bsp//libhal_bsp.a(alt_dcache_flush_all.o)
                0x00009de0                alt_dcache_flush_all
 .text          0x00009dfc       0x2c ../count_binary_bsp//libhal_bsp.a(alt_dev.o)
 .text          0x00009e28       0xf0 ../count_binary_bsp//libhal_bsp.a(alt_dev_llist_insert.o)
                0x00009e78                alt_dev_llist_insert
 .text          0x00009f18        0x0 ../count_binary_bsp//libhal_bsp.a(alt_errno.o)
 .text          0x00009f18       0x30 ../count_binary_bsp//libhal_bsp.a(alt_icache_flush_all.o)
                0x00009f18                alt_icache_flush_all
 .text          0x00009f48      0x1d8 ../count_binary_bsp//libhal_bsp.a(alt_iic.o)
                0x00009f48                alt_ic_isr_register
                0x00009f98                alt_ic_irq_enable
                0x0000a034                alt_ic_irq_disable
                0x0000a0d4                alt_ic_irq_enabled
 .text          0x0000a120       0xf0 ../count_binary_bsp//libhal_bsp.a(alt_iic_isr_register.o)
                0x0000a120                alt_iic_isr_register
 .text          0x0000a210      0x158 ../count_binary_bsp//libhal_bsp.a(alt_io_redirect.o)
                0x0000a2f0                alt_io_redirect
 .text          0x0000a368        0x0 ../count_binary_bsp//libhal_bsp.a(alt_irq_entry.o)
 .text          0x0000a368        0x0 ../count_binary_bsp//libhal_bsp.a(alt_irq_handler.o)
 .text          0x0000a368        0x0 ../count_binary_bsp//libhal_bsp.a(alt_irq_vars.o)
 .text          0x0000a368      0x298 ../count_binary_bsp//libhal_bsp.a(alt_open.o)
                0x0000a4a8                open
 .text          0x0000a600       0x80 ../count_binary_bsp//libhal_bsp.a(alt_release_fd.o)
                0x0000a600                alt_release_fd
 .text          0x0000a680      0x19c ../count_binary_bsp//libhal_bsp.a(alt_tick.o)
                0x0000a680                alt_alarm_stop
                0x0000a718                alt_tick
 .text          0x0000a81c       0x20 ../count_binary_bsp//libhal_bsp.a(altera_nios2_qsys_irq.o)
                0x0000a81c                altera_nios2_qsys_irq_init
 .text          0x0000a83c        0x0 ../count_binary_bsp//libhal_bsp.a(alt_exception_entry.o)
 .text          0x0000a83c       0x90 ../count_binary_bsp//libhal_bsp.a(alt_find_dev.o)
                0x0000a83c                alt_find_dev
 .text          0x0000a8cc      0x114 ../count_binary_bsp//libhal_bsp.a(alt_find_file.o)
                0x0000a8cc                alt_find_file
 .text          0x0000a9e0       0xd4 ../count_binary_bsp//libhal_bsp.a(alt_get_fd.o)
                0x0000a9e0                alt_get_fd
 .text          0x0000aab4       0x8c ../count_binary_bsp//libhal_bsp.a(alt_icache_flush.o)
                0x0000aab4                alt_icache_flush
 .text          0x0000ab40       0x20 /home/patrick/altera/13.1/nios2eds/bin/gnu/H-i686-pc-linux-gnu/bin/../lib/gcc/nios2-elf/4.7.3/../../../../../H-i686-pc-linux-gnu/nios2-elf/lib/mno-hw-mul/libsmallc.a(lib_a-exit.o)
                0x0000ab40                exit
 .text          0x0000ab60       0x48 /home/patrick/altera/13.1/nios2eds/bin/gnu/H-i686-pc-linux-gnu/bin/../lib/gcc/nios2-elf/4.7.3/../../../../../H-i686-pc-linux-gnu/nios2-elf/lib/mno-hw-mul/libsmallc.a(lib_a-memcmp.o)
                0x0000ab60                memcmp
 .text          0x0000aba8      0x1d8 /home/patrick/altera/13.1/nios2eds/bin/gnu/H-i686-pc-linux-gnu/bin/../lib/gcc/nios2-elf/4.7.3/../../../../../H-i686-pc-linux-gnu/nios2-elf/lib/mno-hw-mul/libsmallc.a(lib_a-__call_atexit.o)
                0x0000aba8                __call_exitprocs
 .text          0x0000ad80       0x3c ../count_binary_bsp//libhal_bsp.a(alt_exit.o)
                0x0000ad80                _exit
 *(.gnu.warning.*)
 *(.fini)
                0x0000adbc                PROVIDE (__etext, ABSOLUTE (.))
                0x0000adbc                PROVIDE (_etext, ABSOLUTE (.))
                0x0000adbc                PROVIDE (etext, ABSOLUTE (.))
 *(.eh_frame_hdr)
                0x0000adbc                . = ALIGN (0x4)
                0x0000adbc                PROVIDE (__preinit_array_start, ABSOLUTE (.))
 *(.preinit_array)
                0x0000adbc                PROVIDE (__preinit_array_end, ABSOLUTE (.))
                0x0000adbc                PROVIDE (__init_array_start, ABSOLUTE (.))
 *(.init_array)
                0x0000adbc                PROVIDE (__init_array_end, ABSOLUTE (.))
                0x0000adbc                PROVIDE (__fini_array_start, ABSOLUTE (.))
 *(.fini_array)
                0x0000adbc                PROVIDE (__fini_array_end, ABSOLUTE (.))
 *(.eh_frame)
 *(.gcc_except_table .gcc_except_table.*)
 *(.dynamic)
                0x0000adbc                PROVIDE (__CTOR_LIST__, ABSOLUTE (.))
 *(.ctors)
 *(SORT(.ctors.*))
                0x0000adbc                PROVIDE (__CTOR_END__, ABSOLUTE (.))
                0x0000adbc                PROVIDE (__DTOR_LIST__, ABSOLUTE (.))
 *(.dtors)
 *(SORT(.dtors.*))
                0x0000adbc                PROVIDE (__DTOR_END__, ABSOLUTE (.))
 *(.jcr)
                0x0000adbc                . = ALIGN (0x4)

.rodata         0x0000adbc      0x158
                0x0000adbc                PROVIDE (__ram_rodata_start, ABSOLUTE (.))
                0x0000adbc                . = ALIGN (0x4)
 *(.rodata .rodata.* .gnu.linkonce.r.*)
 .rodata        0x0000adbc       0x2c obj/default/count_binary.o
 .rodata        0x0000ade8      0x100 /home/patrick/altera/13.1/nios2eds/bin/gnu/H-i686-pc-linux-gnu/bin/../lib/gcc/nios2-elf/4.7.3/mno-hw-mul/libgcc.a(_clz.o)
                0x0000ade8                __clz_tab
 .rodata        0x0000aee8       0x10 ../count_binary_bsp//libhal_bsp.a(alt_main.o)
 .rodata        0x0000aef8       0x10 ../count_binary_bsp//libhal_bsp.a(alt_sys_init.o)
 .rodata        0x0000af08        0xc ../count_binary_bsp//libhal_bsp.a(alt_dev.o)
 *(.rodata1)
                0x0000af14                . = ALIGN (0x4)
                0x0000af14                PROVIDE (__ram_rodata_end, ABSOLUTE (.))
                0x0000adbc                PROVIDE (__flash_rodata_start, LOADADDR (.rodata))

.rwdata         0x0000af14      0x2e0 load address 0x0000b1f4
                0x0000af14                PROVIDE (__ram_rwdata_start, ABSOLUTE (.))
                0x0000af14                . = ALIGN (0x4)
 *(.got.plt)
 *(.got)
 *(.data1)
 *(.data .data.* .gnu.linkonce.d.*)
 .data          0x0000af14        0x0 ../count_binary_bsp//obj/HAL/src/crt0.o
 .data          0x0000af14        0x0 obj/default/count_binary.o
 .data          0x0000af14        0x0 /home/patrick/altera/13.1/nios2eds/bin/gnu/H-i686-pc-linux-gnu/bin/../lib/gcc/nios2-elf/4.7.3/mno-hw-mul/libgcc.a(_sf_to_df.o)
 .data          0x0000af14        0x0 /home/patrick/altera/13.1/nios2eds/bin/gnu/H-i686-pc-linux-gnu/bin/../lib/gcc/nios2-elf/4.7.3/mno-hw-mul/libgcc.a(_usi_to_sf.o)
 .data          0x0000af14        0x0 /home/patrick/altera/13.1/nios2eds/bin/gnu/H-i686-pc-linux-gnu/bin/../lib/gcc/nios2-elf/4.7.3/mno-hw-mul/libgcc.a(_make_df.o)
 .data          0x0000af14        0x0 /home/patrick/altera/13.1/nios2eds/bin/gnu/H-i686-pc-linux-gnu/bin/../lib/gcc/nios2-elf/4.7.3/mno-hw-mul/libgcc.a(_clzsi2.o)
 .data          0x0000af14        0x0 /home/patrick/altera/13.1/nios2eds/bin/gnu/H-i686-pc-linux-gnu/bin/../lib/gcc/nios2-elf/4.7.3/mno-hw-mul/libgcc.a(_pack_sf.o)
 .data          0x0000af14        0x0 /home/patrick/altera/13.1/nios2eds/bin/gnu/H-i686-pc-linux-gnu/bin/../lib/gcc/nios2-elf/4.7.3/mno-hw-mul/libgcc.a(_unpack_sf.o)
 .data          0x0000af14        0x0 /home/patrick/altera/13.1/nios2eds/bin/gnu/H-i686-pc-linux-gnu/bin/../lib/gcc/nios2-elf/4.7.3/mno-hw-mul/libgcc.a(_pack_df.o)
 .data          0x0000af14        0x0 /home/patrick/altera/13.1/nios2eds/bin/gnu/H-i686-pc-linux-gnu/bin/../lib/gcc/nios2-elf/4.7.3/mno-hw-mul/libgcc.a(_lshrdi3.o)
 .data          0x0000af14        0x0 /home/patrick/altera/13.1/nios2eds/bin/gnu/H-i686-pc-linux-gnu/bin/../lib/gcc/nios2-elf/4.7.3/mno-hw-mul/libgcc.a(_ashldi3.o)
 .data          0x0000af14        0x0 /home/patrick/altera/13.1/nios2eds/bin/gnu/H-i686-pc-linux-gnu/bin/../lib/gcc/nios2-elf/4.7.3/mno-hw-mul/libgcc.a(_clz.o)
 .data          0x0000af14        0x0 /home/patrick/altera/13.1/nios2eds/bin/gnu/H-i686-pc-linux-gnu/bin/../lib/gcc/nios2-elf/4.7.3/../../../../../H-i686-pc-linux-gnu/nios2-elf/lib/mno-hw-mul/libsmallc.a(lib_a-printf.o)
 .data          0x0000af14        0x0 /home/patrick/altera/13.1/nios2eds/bin/gnu/H-i686-pc-linux-gnu/bin/../lib/gcc/nios2-elf/4.7.3/../../../../../H-i686-pc-linux-gnu/nios2-elf/lib/mno-hw-mul/libsmallc.a(lib_a-vfprintf.o)
 .data          0x0000af14        0x0 /home/patrick/altera/13.1/nios2eds/bin/gnu/H-i686-pc-linux-gnu/bin/../lib/gcc/nios2-elf/4.7.3/../../../../../H-i686-pc-linux-gnu/nios2-elf/lib/mno-hw-mul/libsmallc.a(lib_a-fvwrite_small_dev.o)
 .data          0x0000af14       0xe0 /home/patrick/altera/13.1/nios2eds/bin/gnu/H-i686-pc-linux-gnu/bin/../lib/gcc/nios2-elf/4.7.3/../../../../../H-i686-pc-linux-gnu/nios2-elf/lib/mno-hw-mul/libsmallc.a(lib_a-impure.o)
 .data          0x0000aff4        0x0 /home/patrick/altera/13.1/nios2eds/bin/gnu/H-i686-pc-linux-gnu/bin/../lib/gcc/nios2-elf/4.7.3/../../../../../H-i686-pc-linux-gnu/nios2-elf/lib/mno-hw-mul/libsmallc.a(lib_a-strlen.o)
 .data          0x0000aff4        0x0 /home/patrick/altera/13.1/nios2eds/bin/gnu/H-i686-pc-linux-gnu/bin/../lib/gcc/nios2-elf/4.7.3/../../../../../H-i686-pc-linux-gnu/nios2-elf/lib/mno-hw-mul/libsmallc.a(lib_a-writer.o)
 .data          0x0000aff4        0x0 /home/patrick/altera/13.1/nios2eds/bin/gnu/H-i686-pc-linux-gnu/bin/../lib/gcc/nios2-elf/4.7.3/../../../../../H-i686-pc-linux-gnu/nios2-elf/lib/mno-hw-mul/libsmallc.a(lib_a-int_errno.o)
 .data          0x0000aff4        0x0 /home/patrick/altera/13.1/nios2eds/bin/gnu/H-i686-pc-linux-gnu/bin/../lib/gcc/nios2-elf/4.7.3/mno-hw-mul/libgcc.a(lib2-divmod.o)
 .data          0x0000aff4        0x0 /home/patrick/altera/13.1/nios2eds/bin/gnu/H-i686-pc-linux-gnu/bin/../lib/gcc/nios2-elf/4.7.3/mno-hw-mul/libgcc.a(lib2-mul.o)
 .data          0x0000aff4        0x0 ../count_binary_bsp//libhal_bsp.a(alt_load.o)
 .data          0x0000aff4        0x0 ../count_binary_bsp//libhal_bsp.a(alt_main.o)
 .data          0x0000aff4        0x0 ../count_binary_bsp//libhal_bsp.a(alt_usleep.o)
 .data          0x0000aff4        0x0 ../count_binary_bsp//libhal_bsp.a(alt_write.o)
 .data          0x0000aff4       0x2c ../count_binary_bsp//libhal_bsp.a(alt_sys_init.o)
 .data          0x0000b020        0x0 ../count_binary_bsp//libhal_bsp.a(altera_avalon_jtag_uart_fd.o)
 .data          0x0000b020        0x0 ../count_binary_bsp//libhal_bsp.a(altera_avalon_jtag_uart_read.o)
 .data          0x0000b020        0x0 ../count_binary_bsp//libhal_bsp.a(altera_avalon_jtag_uart_write.o)
 .data          0x0000b020        0x0 ../count_binary_bsp//libhal_bsp.a(altera_avalon_timer_sc.o)
 .data          0x0000b020        0x0 ../count_binary_bsp//libhal_bsp.a(alt_busy_sleep.o)
 .data          0x0000b020        0x0 ../count_binary_bsp//libhal_bsp.a(alt_close.o)
 .data          0x0000b020        0x0 ../count_binary_bsp//libhal_bsp.a(alt_dcache_flush_all.o)
 .data          0x0000b020      0x1a8 ../count_binary_bsp//libhal_bsp.a(alt_dev.o)
                0x0000b020                alt_dev_null
                0x0000b048                alt_fd_list
 .data          0x0000b1c8        0x0 ../count_binary_bsp//libhal_bsp.a(alt_dev_llist_insert.o)
 .data          0x0000b1c8        0x0 ../count_binary_bsp//libhal_bsp.a(alt_errno.o)
 .data          0x0000b1c8        0x0 ../count_binary_bsp//libhal_bsp.a(alt_icache_flush_all.o)
 .data          0x0000b1c8        0x0 ../count_binary_bsp//libhal_bsp.a(alt_iic.o)
 .data          0x0000b1c8        0x0 ../count_binary_bsp//libhal_bsp.a(alt_iic_isr_register.o)
 .data          0x0000b1c8        0x0 ../count_binary_bsp//libhal_bsp.a(alt_io_redirect.o)
 .data          0x0000b1c8        0x0 ../count_binary_bsp//libhal_bsp.a(alt_irq_entry.o)
 .data          0x0000b1c8        0x0 ../count_binary_bsp//libhal_bsp.a(alt_irq_handler.o)
 .data          0x0000b1c8        0x0 ../count_binary_bsp//libhal_bsp.a(alt_irq_vars.o)
 .data          0x0000b1c8        0x0 ../count_binary_bsp//libhal_bsp.a(alt_open.o)
 .data          0x0000b1c8        0x0 ../count_binary_bsp//libhal_bsp.a(alt_release_fd.o)
 .data          0x0000b1c8        0x0 ../count_binary_bsp//libhal_bsp.a(alt_tick.o)
 .data          0x0000b1c8        0x0 ../count_binary_bsp//libhal_bsp.a(altera_nios2_qsys_irq.o)
 .data          0x0000b1c8        0x0 ../count_binary_bsp//libhal_bsp.a(alt_exception_entry.o)
 .data          0x0000b1c8        0x0 ../count_binary_bsp//libhal_bsp.a(alt_find_dev.o)
 .data          0x0000b1c8        0x0 ../count_binary_bsp//libhal_bsp.a(alt_find_file.o)
 .data          0x0000b1c8        0x0 ../count_binary_bsp//libhal_bsp.a(alt_get_fd.o)
 .data          0x0000b1c8        0x0 ../count_binary_bsp//libhal_bsp.a(alt_icache_flush.o)
 .data          0x0000b1c8        0x0 /home/patrick/altera/13.1/nios2eds/bin/gnu/H-i686-pc-linux-gnu/bin/../lib/gcc/nios2-elf/4.7.3/../../../../../H-i686-pc-linux-gnu/nios2-elf/lib/mno-hw-mul/libsmallc.a(lib_a-exit.o)
 .data          0x0000b1c8        0x0 /home/patrick/altera/13.1/nios2eds/bin/gnu/H-i686-pc-linux-gnu/bin/../lib/gcc/nios2-elf/4.7.3/../../../../../H-i686-pc-linux-gnu/nios2-elf/lib/mno-hw-mul/libsmallc.a(lib_a-memcmp.o)
 .data          0x0000b1c8        0x0 /home/patrick/altera/13.1/nios2eds/bin/gnu/H-i686-pc-linux-gnu/bin/../lib/gcc/nios2-elf/4.7.3/../../../../../H-i686-pc-linux-gnu/nios2-elf/lib/mno-hw-mul/libsmallc.a(lib_a-__call_atexit.o)
 .data          0x0000b1c8        0x0 ../count_binary_bsp//libhal_bsp.a(alt_exit.o)
                0x000131c8                _gp = ABSOLUTE ((. + 0x8000))
                0x000131c8                PROVIDE (gp, _gp)
 *(.rwdata .rwdata.*)
 *(.sdata .sdata.* .gnu.linkonce.s.*)
 .sdata         0x0000b1c8        0x8 /home/patrick/altera/13.1/nios2eds/bin/gnu/H-i686-pc-linux-gnu/bin/../lib/gcc/nios2-elf/4.7.3/../../../../../H-i686-pc-linux-gnu/nios2-elf/lib/mno-hw-mul/libsmallc.a(lib_a-impure.o)
                0x0000b1c8                _global_impure_ptr
                0x0000b1cc                _impure_ptr
 .sdata         0x0000b1d0       0x14 ../count_binary_bsp//libhal_bsp.a(alt_dev.o)
                0x0000b1d0                alt_fs_list
                0x0000b1d8                alt_dev_list
                0x0000b1e0                alt_max_fd
 .sdata         0x0000b1e4        0x4 ../count_binary_bsp//libhal_bsp.a(alt_errno.o)
                0x0000b1e4                alt_errno
 .sdata         0x0000b1e8        0x4 ../count_binary_bsp//libhal_bsp.a(alt_irq_vars.o)
                0x0000b1e8                alt_priority_mask
 .sdata         0x0000b1ec        0x8 ../count_binary_bsp//libhal_bsp.a(alt_tick.o)
                0x0000b1ec                alt_alarm_list
 *(.sdata2 .sdata2.* .gnu.linkonce.s2.*)
                0x0000b1f4                . = ALIGN (0x4)
                0x0000b1f4                _edata = ABSOLUTE (.)
                0x0000b1f4                PROVIDE (edata, ABSOLUTE (.))
                0x0000b1f4                PROVIDE (__ram_rwdata_end, ABSOLUTE (.))
                0x0000b1f4                PROVIDE (__flash_rwdata_start, LOADADDR (.rwdata))

.bss            0x0000b4d4      0x124
                0x0000b4d4                __bss_start = ABSOLUTE (.)
                0x0000b4d4                PROVIDE (__sbss_start, ABSOLUTE (.))
                0x0000b4d4                PROVIDE (___sbss_start, ABSOLUTE (.))
 *(.dynsbss)
 *(.sbss .sbss.* .gnu.linkonce.sb.*)
 .sbss          0x0000b4d4        0x2 obj/default/count_binary.o
 *fill*         0x0000b4d6        0x2 
 .sbss          0x0000b4d8        0x4 obj/default/count_binary.o
                0x0000b4d8                buffer
 .sbss          0x0000b4dc        0x4 /home/patrick/altera/13.1/nios2eds/bin/gnu/H-i686-pc-linux-gnu/bin/../lib/gcc/nios2-elf/4.7.3/../../../../../H-i686-pc-linux-gnu/nios2-elf/lib/mno-hw-mul/libsmallc.a(lib_a-int_errno.o)
                0x0000b4dc                errno
 .sbss          0x0000b4e0        0xc ../count_binary_bsp//libhal_bsp.a(alt_main.o)
                0x0000b4e0                alt_argc
                0x0000b4e4                alt_argv
                0x0000b4e8                alt_envp
 .sbss          0x0000b4ec        0x4 ../count_binary_bsp//libhal_bsp.a(alt_irq_vars.o)
                0x0000b4ec                alt_irq_active
 .sbss          0x0000b4f0        0x8 ../count_binary_bsp//libhal_bsp.a(alt_tick.o)
                0x0000b4f0                _alt_tick_rate
                0x0000b4f4                _alt_nticks
 *(.sbss2 .sbss2.* .gnu.linkonce.sb2.*)
 *(.scommon)
                0x0000b4f8                PROVIDE (__sbss_end, ABSOLUTE (.))
                0x0000b4f8                PROVIDE (___sbss_end, ABSOLUTE (.))
 *(.dynbss)
 *(.bss .bss.* .gnu.linkonce.b.*)
 .bss           0x0000b4f8        0x0 ../count_binary_bsp//obj/HAL/src/crt0.o
 .bss           0x0000b4f8        0x0 obj/default/count_binary.o
 .bss           0x0000b4f8        0x0 /home/patrick/altera/13.1/nios2eds/bin/gnu/H-i686-pc-linux-gnu/bin/../lib/gcc/nios2-elf/4.7.3/mno-hw-mul/libgcc.a(_sf_to_df.o)
 .bss           0x0000b4f8        0x0 /home/patrick/altera/13.1/nios2eds/bin/gnu/H-i686-pc-linux-gnu/bin/../lib/gcc/nios2-elf/4.7.3/mno-hw-mul/libgcc.a(_usi_to_sf.o)
 .bss           0x0000b4f8        0x0 /home/patrick/altera/13.1/nios2eds/bin/gnu/H-i686-pc-linux-gnu/bin/../lib/gcc/nios2-elf/4.7.3/mno-hw-mul/libgcc.a(_make_df.o)
 .bss           0x0000b4f8        0x0 /home/patrick/altera/13.1/nios2eds/bin/gnu/H-i686-pc-linux-gnu/bin/../lib/gcc/nios2-elf/4.7.3/mno-hw-mul/libgcc.a(_clzsi2.o)
 .bss           0x0000b4f8        0x0 /home/patrick/altera/13.1/nios2eds/bin/gnu/H-i686-pc-linux-gnu/bin/../lib/gcc/nios2-elf/4.7.3/mno-hw-mul/libgcc.a(_pack_sf.o)
 .bss           0x0000b4f8        0x0 /home/patrick/altera/13.1/nios2eds/bin/gnu/H-i686-pc-linux-gnu/bin/../lib/gcc/nios2-elf/4.7.3/mno-hw-mul/libgcc.a(_unpack_sf.o)
 .bss           0x0000b4f8        0x0 /home/patrick/altera/13.1/nios2eds/bin/gnu/H-i686-pc-linux-gnu/bin/../lib/gcc/nios2-elf/4.7.3/mno-hw-mul/libgcc.a(_pack_df.o)
 .bss           0x0000b4f8        0x0 /home/patrick/altera/13.1/nios2eds/bin/gnu/H-i686-pc-linux-gnu/bin/../lib/gcc/nios2-elf/4.7.3/mno-hw-mul/libgcc.a(_lshrdi3.o)
 .bss           0x0000b4f8        0x0 /home/patrick/altera/13.1/nios2eds/bin/gnu/H-i686-pc-linux-gnu/bin/../lib/gcc/nios2-elf/4.7.3/mno-hw-mul/libgcc.a(_ashldi3.o)
 .bss           0x0000b4f8        0x0 /home/patrick/altera/13.1/nios2eds/bin/gnu/H-i686-pc-linux-gnu/bin/../lib/gcc/nios2-elf/4.7.3/mno-hw-mul/libgcc.a(_clz.o)
 .bss           0x0000b4f8        0x0 /home/patrick/altera/13.1/nios2eds/bin/gnu/H-i686-pc-linux-gnu/bin/../lib/gcc/nios2-elf/4.7.3/../../../../../H-i686-pc-linux-gnu/nios2-elf/lib/mno-hw-mul/libsmallc.a(lib_a-printf.o)
 .bss           0x0000b4f8        0x0 /home/patrick/altera/13.1/nios2eds/bin/gnu/H-i686-pc-linux-gnu/bin/../lib/gcc/nios2-elf/4.7.3/../../../../../H-i686-pc-linux-gnu/nios2-elf/lib/mno-hw-mul/libsmallc.a(lib_a-vfprintf.o)
 .bss           0x0000b4f8        0x0 /home/patrick/altera/13.1/nios2eds/bin/gnu/H-i686-pc-linux-gnu/bin/../lib/gcc/nios2-elf/4.7.3/../../../../../H-i686-pc-linux-gnu/nios2-elf/lib/mno-hw-mul/libsmallc.a(lib_a-fvwrite_small_dev.o)
 .bss           0x0000b4f8        0x0 /home/patrick/altera/13.1/nios2eds/bin/gnu/H-i686-pc-linux-gnu/bin/../lib/gcc/nios2-elf/4.7.3/../../../../../H-i686-pc-linux-gnu/nios2-elf/lib/mno-hw-mul/libsmallc.a(lib_a-impure.o)
 .bss           0x0000b4f8        0x0 /home/patrick/altera/13.1/nios2eds/bin/gnu/H-i686-pc-linux-gnu/bin/../lib/gcc/nios2-elf/4.7.3/../../../../../H-i686-pc-linux-gnu/nios2-elf/lib/mno-hw-mul/libsmallc.a(lib_a-strlen.o)
 .bss           0x0000b4f8        0x0 /home/patrick/altera/13.1/nios2eds/bin/gnu/H-i686-pc-linux-gnu/bin/../lib/gcc/nios2-elf/4.7.3/../../../../../H-i686-pc-linux-gnu/nios2-elf/lib/mno-hw-mul/libsmallc.a(lib_a-writer.o)
 .bss           0x0000b4f8        0x0 /home/patrick/altera/13.1/nios2eds/bin/gnu/H-i686-pc-linux-gnu/bin/../lib/gcc/nios2-elf/4.7.3/../../../../../H-i686-pc-linux-gnu/nios2-elf/lib/mno-hw-mul/libsmallc.a(lib_a-int_errno.o)
 .bss           0x0000b4f8        0x0 /home/patrick/altera/13.1/nios2eds/bin/gnu/H-i686-pc-linux-gnu/bin/../lib/gcc/nios2-elf/4.7.3/mno-hw-mul/libgcc.a(lib2-divmod.o)
 .bss           0x0000b4f8        0x0 /home/patrick/altera/13.1/nios2eds/bin/gnu/H-i686-pc-linux-gnu/bin/../lib/gcc/nios2-elf/4.7.3/mno-hw-mul/libgcc.a(lib2-mul.o)
 .bss           0x0000b4f8        0x0 ../count_binary_bsp//libhal_bsp.a(alt_load.o)
 .bss           0x0000b4f8        0x0 ../count_binary_bsp//libhal_bsp.a(alt_main.o)
 .bss           0x0000b4f8        0x0 ../count_binary_bsp//libhal_bsp.a(alt_usleep.o)
 .bss           0x0000b4f8        0x0 ../count_binary_bsp//libhal_bsp.a(alt_write.o)
 .bss           0x0000b4f8        0x0 ../count_binary_bsp//libhal_bsp.a(alt_sys_init.o)
 .bss           0x0000b4f8        0x0 ../count_binary_bsp//libhal_bsp.a(altera_avalon_jtag_uart_fd.o)
 .bss           0x0000b4f8        0x0 ../count_binary_bsp//libhal_bsp.a(altera_avalon_jtag_uart_read.o)
 .bss           0x0000b4f8        0x0 ../count_binary_bsp//libhal_bsp.a(altera_avalon_jtag_uart_write.o)
 .bss           0x0000b4f8        0x0 ../count_binary_bsp//libhal_bsp.a(altera_avalon_timer_sc.o)
 .bss           0x0000b4f8        0x0 ../count_binary_bsp//libhal_bsp.a(alt_busy_sleep.o)
 .bss           0x0000b4f8        0x0 ../count_binary_bsp//libhal_bsp.a(alt_close.o)
 .bss           0x0000b4f8        0x0 ../count_binary_bsp//libhal_bsp.a(alt_dcache_flush_all.o)
 .bss           0x0000b4f8        0x0 ../count_binary_bsp//libhal_bsp.a(alt_dev.o)
 .bss           0x0000b4f8        0x0 ../count_binary_bsp//libhal_bsp.a(alt_dev_llist_insert.o)
 .bss           0x0000b4f8        0x0 ../count_binary_bsp//libhal_bsp.a(alt_errno.o)
 .bss           0x0000b4f8        0x0 ../count_binary_bsp//libhal_bsp.a(alt_icache_flush_all.o)
 .bss           0x0000b4f8        0x0 ../count_binary_bsp//libhal_bsp.a(alt_iic.o)
 .bss           0x0000b4f8        0x0 ../count_binary_bsp//libhal_bsp.a(alt_iic_isr_register.o)
 .bss           0x0000b4f8        0x0 ../count_binary_bsp//libhal_bsp.a(alt_io_redirect.o)
 .bss           0x0000b4f8        0x0 ../count_binary_bsp//libhal_bsp.a(alt_irq_entry.o)
 .bss           0x0000b4f8        0x0 ../count_binary_bsp//libhal_bsp.a(alt_irq_handler.o)
 .bss           0x0000b4f8        0x0 ../count_binary_bsp//libhal_bsp.a(alt_irq_vars.o)
 .bss           0x0000b4f8        0x0 ../count_binary_bsp//libhal_bsp.a(alt_open.o)
 .bss           0x0000b4f8        0x0 ../count_binary_bsp//libhal_bsp.a(alt_release_fd.o)
 .bss           0x0000b4f8        0x0 ../count_binary_bsp//libhal_bsp.a(alt_tick.o)
 .bss           0x0000b4f8        0x0 ../count_binary_bsp//libhal_bsp.a(altera_nios2_qsys_irq.o)
 .bss           0x0000b4f8        0x0 ../count_binary_bsp//libhal_bsp.a(alt_exception_entry.o)
 .bss           0x0000b4f8        0x0 ../count_binary_bsp//libhal_bsp.a(alt_find_dev.o)
 .bss           0x0000b4f8        0x0 ../count_binary_bsp//libhal_bsp.a(alt_find_file.o)
 .bss           0x0000b4f8        0x0 ../count_binary_bsp//libhal_bsp.a(alt_get_fd.o)
 .bss           0x0000b4f8        0x0 ../count_binary_bsp//libhal_bsp.a(alt_icache_flush.o)
 .bss           0x0000b4f8        0x0 /home/patrick/altera/13.1/nios2eds/bin/gnu/H-i686-pc-linux-gnu/bin/../lib/gcc/nios2-elf/4.7.3/../../../../../H-i686-pc-linux-gnu/nios2-elf/lib/mno-hw-mul/libsmallc.a(lib_a-exit.o)
 .bss           0x0000b4f8        0x0 /home/patrick/altera/13.1/nios2eds/bin/gnu/H-i686-pc-linux-gnu/bin/../lib/gcc/nios2-elf/4.7.3/../../../../../H-i686-pc-linux-gnu/nios2-elf/lib/mno-hw-mul/libsmallc.a(lib_a-memcmp.o)
 .bss           0x0000b4f8        0x0 /home/patrick/altera/13.1/nios2eds/bin/gnu/H-i686-pc-linux-gnu/bin/../lib/gcc/nios2-elf/4.7.3/../../../../../H-i686-pc-linux-gnu/nios2-elf/lib/mno-hw-mul/libsmallc.a(lib_a-__call_atexit.o)
 .bss           0x0000b4f8        0x0 ../count_binary_bsp//libhal_bsp.a(alt_exit.o)
 *(COMMON)
 COMMON         0x0000b4f8      0x100 ../count_binary_bsp//libhal_bsp.a(alt_irq_handler.o)
                0x0000b4f8                alt_irq
                0x0000b5f8                . = ALIGN (0x4)
                0x0000b5f8                __bss_end = ABSOLUTE (.)

.onchip_mem     0x0000b5f8        0x0
                0x0000b5f8                PROVIDE (_alt_partition_onchip_mem_start, ABSOLUTE (.))
 *(.onchip_mem .onchip_mem. onchip_mem.*)
                0x0000b5f8                . = ALIGN (0x4)
                0x0000b5f8                PROVIDE (_alt_partition_onchip_mem_end, ABSOLUTE (.))
                0x0000b5f8                _end = ABSOLUTE (.)
                0x0000b5f8                end = ABSOLUTE (.)
                0x0000b5f8                __alt_stack_base = ABSOLUTE (.)
                0x0000b5f8                PROVIDE (_alt_partition_onchip_mem_load_addr, LOADADDR (.onchip_mem))

.stab
 *(.stab)

.stabstr
 *(.stabstr)

.stab.excl
 *(.stab.excl)

.stab.exclstr
 *(.stab.exclstr)

.stab.index
 *(.stab.index)

.stab.indexstr
 *(.stab.indexstr)

.comment        0x00000000       0x23
 *(.comment)
 .comment       0x00000000       0x23 obj/default/count_binary.o
                                 0x24 (size before relaxing)
 .comment       0x00000000       0x24 /home/patrick/altera/13.1/nios2eds/bin/gnu/H-i686-pc-linux-gnu/bin/../lib/gcc/nios2-elf/4.7.3/mno-hw-mul/libgcc.a(_sf_to_df.o)
 .comment       0x00000000       0x24 /home/patrick/altera/13.1/nios2eds/bin/gnu/H-i686-pc-linux-gnu/bin/../lib/gcc/nios2-elf/4.7.3/mno-hw-mul/libgcc.a(_usi_to_sf.o)
 .comment       0x00000000       0x24 /home/patrick/altera/13.1/nios2eds/bin/gnu/H-i686-pc-linux-gnu/bin/../lib/gcc/nios2-elf/4.7.3/mno-hw-mul/libgcc.a(_make_df.o)
 .comment       0x00000000       0x24 /home/patrick/altera/13.1/nios2eds/bin/gnu/H-i686-pc-linux-gnu/bin/../lib/gcc/nios2-elf/4.7.3/mno-hw-mul/libgcc.a(_clzsi2.o)
 .comment       0x00000000       0x24 /home/patrick/altera/13.1/nios2eds/bin/gnu/H-i686-pc-linux-gnu/bin/../lib/gcc/nios2-elf/4.7.3/mno-hw-mul/libgcc.a(_pack_sf.o)
 .comment       0x00000000       0x24 /home/patrick/altera/13.1/nios2eds/bin/gnu/H-i686-pc-linux-gnu/bin/../lib/gcc/nios2-elf/4.7.3/mno-hw-mul/libgcc.a(_unpack_sf.o)
 .comment       0x00000000       0x24 /home/patrick/altera/13.1/nios2eds/bin/gnu/H-i686-pc-linux-gnu/bin/../lib/gcc/nios2-elf/4.7.3/mno-hw-mul/libgcc.a(_pack_df.o)
 .comment       0x00000000       0x24 /home/patrick/altera/13.1/nios2eds/bin/gnu/H-i686-pc-linux-gnu/bin/../lib/gcc/nios2-elf/4.7.3/mno-hw-mul/libgcc.a(_lshrdi3.o)
 .comment       0x00000000       0x24 /home/patrick/altera/13.1/nios2eds/bin/gnu/H-i686-pc-linux-gnu/bin/../lib/gcc/nios2-elf/4.7.3/mno-hw-mul/libgcc.a(_ashldi3.o)
 .comment       0x00000000       0x24 /home/patrick/altera/13.1/nios2eds/bin/gnu/H-i686-pc-linux-gnu/bin/../lib/gcc/nios2-elf/4.7.3/mno-hw-mul/libgcc.a(_clz.o)
 .comment       0x00000000       0x24 /home/patrick/altera/13.1/nios2eds/bin/gnu/H-i686-pc-linux-gnu/bin/../lib/gcc/nios2-elf/4.7.3/../../../../../H-i686-pc-linux-gnu/nios2-elf/lib/mno-hw-mul/libsmallc.a(lib_a-printf.o)
 .comment       0x00000000       0x24 /home/patrick/altera/13.1/nios2eds/bin/gnu/H-i686-pc-linux-gnu/bin/../lib/gcc/nios2-elf/4.7.3/../../../../../H-i686-pc-linux-gnu/nios2-elf/lib/mno-hw-mul/libsmallc.a(lib_a-vfprintf.o)
 .comment       0x00000000       0x24 /home/patrick/altera/13.1/nios2eds/bin/gnu/H-i686-pc-linux-gnu/bin/../lib/gcc/nios2-elf/4.7.3/../../../../../H-i686-pc-linux-gnu/nios2-elf/lib/mno-hw-mul/libsmallc.a(lib_a-fvwrite_small_dev.o)
 .comment       0x00000000       0x24 /home/patrick/altera/13.1/nios2eds/bin/gnu/H-i686-pc-linux-gnu/bin/../lib/gcc/nios2-elf/4.7.3/../../../../../H-i686-pc-linux-gnu/nios2-elf/lib/mno-hw-mul/libsmallc.a(lib_a-impure.o)
 .comment       0x00000000       0x24 /home/patrick/altera/13.1/nios2eds/bin/gnu/H-i686-pc-linux-gnu/bin/../lib/gcc/nios2-elf/4.7.3/../../../../../H-i686-pc-linux-gnu/nios2-elf/lib/mno-hw-mul/libsmallc.a(lib_a-strlen.o)
 .comment       0x00000000       0x24 /home/patrick/altera/13.1/nios2eds/bin/gnu/H-i686-pc-linux-gnu/bin/../lib/gcc/nios2-elf/4.7.3/../../../../../H-i686-pc-linux-gnu/nios2-elf/lib/mno-hw-mul/libsmallc.a(lib_a-writer.o)
 .comment       0x00000000       0x24 /home/patrick/altera/13.1/nios2eds/bin/gnu/H-i686-pc-linux-gnu/bin/../lib/gcc/nios2-elf/4.7.3/../../../../../H-i686-pc-linux-gnu/nios2-elf/lib/mno-hw-mul/libsmallc.a(lib_a-int_errno.o)
 .comment       0x00000000       0x24 /home/patrick/altera/13.1/nios2eds/bin/gnu/H-i686-pc-linux-gnu/bin/../lib/gcc/nios2-elf/4.7.3/mno-hw-mul/libgcc.a(lib2-divmod.o)
 .comment       0x00000000       0x24 /home/patrick/altera/13.1/nios2eds/bin/gnu/H-i686-pc-linux-gnu/bin/../lib/gcc/nios2-elf/4.7.3/mno-hw-mul/libgcc.a(lib2-mul.o)
 .comment       0x00000000       0x24 ../count_binary_bsp//libhal_bsp.a(alt_load.o)
 .comment       0x00000000       0x24 ../count_binary_bsp//libhal_bsp.a(alt_main.o)
 .comment       0x00000000       0x24 ../count_binary_bsp//libhal_bsp.a(alt_usleep.o)
 .comment       0x00000000       0x24 ../count_binary_bsp//libhal_bsp.a(alt_write.o)
 .comment       0x00000000       0x24 ../count_binary_bsp//libhal_bsp.a(alt_sys_init.o)
 .comment       0x00000000       0x24 ../count_binary_bsp//libhal_bsp.a(altera_avalon_jtag_uart_fd.o)
 .comment       0x00000000       0x24 ../count_binary_bsp//libhal_bsp.a(altera_avalon_jtag_uart_read.o)
 .comment       0x00000000       0x24 ../count_binary_bsp//libhal_bsp.a(altera_avalon_jtag_uart_write.o)
 .comment       0x00000000       0x24 ../count_binary_bsp//libhal_bsp.a(altera_avalon_timer_sc.o)
 .comment       0x00000000       0x24 ../count_binary_bsp//libhal_bsp.a(alt_busy_sleep.o)
 .comment       0x00000000       0x24 ../count_binary_bsp//libhal_bsp.a(alt_close.o)
 .comment       0x00000000       0x24 ../count_binary_bsp//libhal_bsp.a(alt_dcache_flush_all.o)
 .comment       0x00000000       0x24 ../count_binary_bsp//libhal_bsp.a(alt_dev.o)
 .comment       0x00000000       0x24 ../count_binary_bsp//libhal_bsp.a(alt_dev_llist_insert.o)
 .comment       0x00000000       0x24 ../count_binary_bsp//libhal_bsp.a(alt_errno.o)
 .comment       0x00000000       0x24 ../count_binary_bsp//libhal_bsp.a(alt_icache_flush_all.o)
 .comment       0x00000000       0x24 ../count_binary_bsp//libhal_bsp.a(alt_iic.o)
 .comment       0x00000000       0x24 ../count_binary_bsp//libhal_bsp.a(alt_iic_isr_register.o)
 .comment       0x00000000       0x24 ../count_binary_bsp//libhal_bsp.a(alt_io_redirect.o)
 .comment       0x00000000       0x24 ../count_binary_bsp//libhal_bsp.a(alt_irq_handler.o)
 .comment       0x00000000       0x24 ../count_binary_bsp//libhal_bsp.a(alt_irq_vars.o)
 .comment       0x00000000       0x24 ../count_binary_bsp//libhal_bsp.a(alt_open.o)
 .comment       0x00000000       0x24 ../count_binary_bsp//libhal_bsp.a(alt_release_fd.o)
 .comment       0x00000000       0x24 ../count_binary_bsp//libhal_bsp.a(alt_tick.o)
 .comment       0x00000000       0x24 ../count_binary_bsp//libhal_bsp.a(altera_nios2_qsys_irq.o)
 .comment       0x00000000       0x24 ../count_binary_bsp//libhal_bsp.a(alt_find_dev.o)
 .comment       0x00000000       0x24 ../count_binary_bsp//libhal_bsp.a(alt_find_file.o)
 .comment       0x00000000       0x24 ../count_binary_bsp//libhal_bsp.a(alt_get_fd.o)
 .comment       0x00000000       0x24 ../count_binary_bsp//libhal_bsp.a(alt_icache_flush.o)
 .comment       0x00000000       0x24 /home/patrick/altera/13.1/nios2eds/bin/gnu/H-i686-pc-linux-gnu/bin/../lib/gcc/nios2-elf/4.7.3/../../../../../H-i686-pc-linux-gnu/nios2-elf/lib/mno-hw-mul/libsmallc.a(lib_a-exit.o)
 .comment       0x00000000       0x24 /home/patrick/altera/13.1/nios2eds/bin/gnu/H-i686-pc-linux-gnu/bin/../lib/gcc/nios2-elf/4.7.3/../../../../../H-i686-pc-linux-gnu/nios2-elf/lib/mno-hw-mul/libsmallc.a(lib_a-memcmp.o)
 .comment       0x00000000       0x24 /home/patrick/altera/13.1/nios2eds/bin/gnu/H-i686-pc-linux-gnu/bin/../lib/gcc/nios2-elf/4.7.3/../../../../../H-i686-pc-linux-gnu/nios2-elf/lib/mno-hw-mul/libsmallc.a(lib_a-__call_atexit.o)
 .comment       0x00000000       0x24 ../count_binary_bsp//libhal_bsp.a(alt_exit.o)

.debug
 *(.debug)

.line
 *(.line)

.debug_srcinfo
 *(.debug_srcinfo)

.debug_sfnames
 *(.debug_sfnames)

.debug_aranges  0x00000000      0x708
 *(.debug_aranges)
 .debug_aranges
                0x00000000       0x28 ../count_binary_bsp//obj/HAL/src/crt0.o
 .debug_aranges
                0x00000028       0x20 obj/default/count_binary.o
 .debug_aranges
                0x00000048       0x20 /home/patrick/altera/13.1/nios2eds/bin/gnu/H-i686-pc-linux-gnu/bin/../lib/gcc/nios2-elf/4.7.3/mno-hw-mul/libgcc.a(_sf_to_df.o)
 .debug_aranges
                0x00000068       0x20 /home/patrick/altera/13.1/nios2eds/bin/gnu/H-i686-pc-linux-gnu/bin/../lib/gcc/nios2-elf/4.7.3/mno-hw-mul/libgcc.a(_usi_to_sf.o)
 .debug_aranges
                0x00000088       0x20 /home/patrick/altera/13.1/nios2eds/bin/gnu/H-i686-pc-linux-gnu/bin/../lib/gcc/nios2-elf/4.7.3/mno-hw-mul/libgcc.a(_make_df.o)
 .debug_aranges
                0x000000a8       0x20 /home/patrick/altera/13.1/nios2eds/bin/gnu/H-i686-pc-linux-gnu/bin/../lib/gcc/nios2-elf/4.7.3/mno-hw-mul/libgcc.a(_clzsi2.o)
 .debug_aranges
                0x000000c8       0x20 /home/patrick/altera/13.1/nios2eds/bin/gnu/H-i686-pc-linux-gnu/bin/../lib/gcc/nios2-elf/4.7.3/mno-hw-mul/libgcc.a(_pack_sf.o)
 .debug_aranges
                0x000000e8       0x20 /home/patrick/altera/13.1/nios2eds/bin/gnu/H-i686-pc-linux-gnu/bin/../lib/gcc/nios2-elf/4.7.3/mno-hw-mul/libgcc.a(_unpack_sf.o)
 .debug_aranges
                0x00000108       0x20 /home/patrick/altera/13.1/nios2eds/bin/gnu/H-i686-pc-linux-gnu/bin/../lib/gcc/nios2-elf/4.7.3/mno-hw-mul/libgcc.a(_pack_df.o)
 .debug_aranges
                0x00000128       0x20 /home/patrick/altera/13.1/nios2eds/bin/gnu/H-i686-pc-linux-gnu/bin/../lib/gcc/nios2-elf/4.7.3/mno-hw-mul/libgcc.a(_lshrdi3.o)
 .debug_aranges
                0x00000148       0x20 /home/patrick/altera/13.1/nios2eds/bin/gnu/H-i686-pc-linux-gnu/bin/../lib/gcc/nios2-elf/4.7.3/mno-hw-mul/libgcc.a(_ashldi3.o)
 .debug_aranges
                0x00000168       0x18 /home/patrick/altera/13.1/nios2eds/bin/gnu/H-i686-pc-linux-gnu/bin/../lib/gcc/nios2-elf/4.7.3/mno-hw-mul/libgcc.a(_clz.o)
 .debug_aranges
                0x00000180       0x20 /home/patrick/altera/13.1/nios2eds/bin/gnu/H-i686-pc-linux-gnu/bin/../lib/gcc/nios2-elf/4.7.3/../../../../../H-i686-pc-linux-gnu/nios2-elf/lib/mno-hw-mul/libsmallc.a(lib_a-printf.o)
 .debug_aranges
                0x000001a0       0x20 /home/patrick/altera/13.1/nios2eds/bin/gnu/H-i686-pc-linux-gnu/bin/../lib/gcc/nios2-elf/4.7.3/../../../../../H-i686-pc-linux-gnu/nios2-elf/lib/mno-hw-mul/libsmallc.a(lib_a-vfprintf.o)
 .debug_aranges
                0x000001c0       0x20 /home/patrick/altera/13.1/nios2eds/bin/gnu/H-i686-pc-linux-gnu/bin/../lib/gcc/nios2-elf/4.7.3/../../../../../H-i686-pc-linux-gnu/nios2-elf/lib/mno-hw-mul/libsmallc.a(lib_a-fvwrite_small_dev.o)
 .debug_aranges
                0x000001e0       0x18 /home/patrick/altera/13.1/nios2eds/bin/gnu/H-i686-pc-linux-gnu/bin/../lib/gcc/nios2-elf/4.7.3/../../../../../H-i686-pc-linux-gnu/nios2-elf/lib/mno-hw-mul/libsmallc.a(lib_a-impure.o)
 .debug_aranges
                0x000001f8       0x20 /home/patrick/altera/13.1/nios2eds/bin/gnu/H-i686-pc-linux-gnu/bin/../lib/gcc/nios2-elf/4.7.3/../../../../../H-i686-pc-linux-gnu/nios2-elf/lib/mno-hw-mul/libsmallc.a(lib_a-strlen.o)
 .debug_aranges
                0x00000218       0x20 /home/patrick/altera/13.1/nios2eds/bin/gnu/H-i686-pc-linux-gnu/bin/../lib/gcc/nios2-elf/4.7.3/../../../../../H-i686-pc-linux-gnu/nios2-elf/lib/mno-hw-mul/libsmallc.a(lib_a-writer.o)
 .debug_aranges
                0x00000238       0x18 /home/patrick/altera/13.1/nios2eds/bin/gnu/H-i686-pc-linux-gnu/bin/../lib/gcc/nios2-elf/4.7.3/../../../../../H-i686-pc-linux-gnu/nios2-elf/lib/mno-hw-mul/libsmallc.a(lib_a-int_errno.o)
 .debug_aranges
                0x00000250       0x20 /home/patrick/altera/13.1/nios2eds/bin/gnu/H-i686-pc-linux-gnu/bin/../lib/gcc/nios2-elf/4.7.3/mno-hw-mul/libgcc.a(lib2-divmod.o)
 .debug_aranges
                0x00000270       0x20 /home/patrick/altera/13.1/nios2eds/bin/gnu/H-i686-pc-linux-gnu/bin/../lib/gcc/nios2-elf/4.7.3/mno-hw-mul/libgcc.a(lib2-mul.o)
 .debug_aranges
                0x00000290       0x20 ../count_binary_bsp//libhal_bsp.a(alt_load.o)
 .debug_aranges
                0x000002b0       0x20 ../count_binary_bsp//libhal_bsp.a(alt_main.o)
 .debug_aranges
                0x000002d0       0x20 ../count_binary_bsp//libhal_bsp.a(alt_usleep.o)
 .debug_aranges
                0x000002f0       0x20 ../count_binary_bsp//libhal_bsp.a(alt_write.o)
 .debug_aranges
                0x00000310       0x20 ../count_binary_bsp//libhal_bsp.a(alt_sys_init.o)
 .debug_aranges
                0x00000330       0x20 ../count_binary_bsp//libhal_bsp.a(altera_avalon_jtag_uart_fd.o)
 .debug_aranges
                0x00000350       0x20 ../count_binary_bsp//libhal_bsp.a(altera_avalon_jtag_uart_read.o)
 .debug_aranges
                0x00000370       0x20 ../count_binary_bsp//libhal_bsp.a(altera_avalon_jtag_uart_write.o)
 .debug_aranges
                0x00000390       0x20 ../count_binary_bsp//libhal_bsp.a(altera_avalon_timer_sc.o)
 .debug_aranges
                0x000003b0       0x20 ../count_binary_bsp//libhal_bsp.a(alt_busy_sleep.o)
 .debug_aranges
                0x000003d0       0x20 ../count_binary_bsp//libhal_bsp.a(alt_close.o)
 .debug_aranges
                0x000003f0       0x20 ../count_binary_bsp//libhal_bsp.a(alt_dcache_flush_all.o)
 .debug_aranges
                0x00000410       0x20 ../count_binary_bsp//libhal_bsp.a(alt_dev.o)
 .debug_aranges
                0x00000430       0x20 ../count_binary_bsp//libhal_bsp.a(alt_dev_llist_insert.o)
 .debug_aranges
                0x00000450       0x18 ../count_binary_bsp//libhal_bsp.a(alt_errno.o)
 .debug_aranges
                0x00000468       0x20 ../count_binary_bsp//libhal_bsp.a(alt_icache_flush_all.o)
 .debug_aranges
                0x00000488       0x20 ../count_binary_bsp//libhal_bsp.a(alt_iic.o)
 .debug_aranges
                0x000004a8       0x20 ../count_binary_bsp//libhal_bsp.a(alt_iic_isr_register.o)
 .debug_aranges
                0x000004c8       0x20 ../count_binary_bsp//libhal_bsp.a(alt_io_redirect.o)
 .debug_aranges
                0x000004e8       0x30 ../count_binary_bsp//libhal_bsp.a(alt_irq_entry.o)
 .debug_aranges
                0x00000518       0x20 ../count_binary_bsp//libhal_bsp.a(alt_irq_handler.o)
 .debug_aranges
                0x00000538       0x18 ../count_binary_bsp//libhal_bsp.a(alt_irq_vars.o)
 .debug_aranges
                0x00000550       0x20 ../count_binary_bsp//libhal_bsp.a(alt_open.o)
 .debug_aranges
                0x00000570       0x20 ../count_binary_bsp//libhal_bsp.a(alt_release_fd.o)
 .debug_aranges
                0x00000590       0x20 ../count_binary_bsp//libhal_bsp.a(alt_tick.o)
 .debug_aranges
                0x000005b0       0x20 ../count_binary_bsp//libhal_bsp.a(altera_nios2_qsys_irq.o)
 .debug_aranges
                0x000005d0       0x38 ../count_binary_bsp//libhal_bsp.a(alt_exception_entry.o)
 .debug_aranges
                0x00000608       0x20 ../count_binary_bsp//libhal_bsp.a(alt_find_dev.o)
 .debug_aranges
                0x00000628       0x20 ../count_binary_bsp//libhal_bsp.a(alt_find_file.o)
 .debug_aranges
                0x00000648       0x20 ../count_binary_bsp//libhal_bsp.a(alt_get_fd.o)
 .debug_aranges
                0x00000668       0x20 ../count_binary_bsp//libhal_bsp.a(alt_icache_flush.o)
 .debug_aranges
                0x00000688       0x20 /home/patrick/altera/13.1/nios2eds/bin/gnu/H-i686-pc-linux-gnu/bin/../lib/gcc/nios2-elf/4.7.3/../../../../../H-i686-pc-linux-gnu/nios2-elf/lib/mno-hw-mul/libsmallc.a(lib_a-exit.o)
 .debug_aranges
                0x000006a8       0x20 /home/patrick/altera/13.1/nios2eds/bin/gnu/H-i686-pc-linux-gnu/bin/../lib/gcc/nios2-elf/4.7.3/../../../../../H-i686-pc-linux-gnu/nios2-elf/lib/mno-hw-mul/libsmallc.a(lib_a-memcmp.o)
 .debug_aranges
                0x000006c8       0x20 /home/patrick/altera/13.1/nios2eds/bin/gnu/H-i686-pc-linux-gnu/bin/../lib/gcc/nios2-elf/4.7.3/../../../../../H-i686-pc-linux-gnu/nios2-elf/lib/mno-hw-mul/libsmallc.a(lib_a-__call_atexit.o)
 .debug_aranges
                0x000006e8       0x20 ../count_binary_bsp//libhal_bsp.a(alt_exit.o)

.debug_pubnames
 *(.debug_pubnames)

.debug_info     0x00000000     0x90bc
 *(.debug_info .gnu.linkonce.wi.*)
 .debug_info    0x00000000       0x8f ../count_binary_bsp//obj/HAL/src/crt0.o
 .debug_info    0x0000008f      0x1a4 obj/default/count_binary.o
 .debug_info    0x00000233      0x2b7 /home/patrick/altera/13.1/nios2eds/bin/gnu/H-i686-pc-linux-gnu/bin/../lib/gcc/nios2-elf/4.7.3/mno-hw-mul/libgcc.a(_sf_to_df.o)
 .debug_info    0x000004ea      0x288 /home/patrick/altera/13.1/nios2eds/bin/gnu/H-i686-pc-linux-gnu/bin/../lib/gcc/nios2-elf/4.7.3/mno-hw-mul/libgcc.a(_usi_to_sf.o)
 .debug_info    0x00000772      0x209 /home/patrick/altera/13.1/nios2eds/bin/gnu/H-i686-pc-linux-gnu/bin/../lib/gcc/nios2-elf/4.7.3/mno-hw-mul/libgcc.a(_make_df.o)
 .debug_info    0x0000097b      0x123 /home/patrick/altera/13.1/nios2eds/bin/gnu/H-i686-pc-linux-gnu/bin/../lib/gcc/nios2-elf/4.7.3/mno-hw-mul/libgcc.a(_clzsi2.o)
 .debug_info    0x00000a9e      0x2f2 /home/patrick/altera/13.1/nios2eds/bin/gnu/H-i686-pc-linux-gnu/bin/../lib/gcc/nios2-elf/4.7.3/mno-hw-mul/libgcc.a(_pack_sf.o)
 .debug_info    0x00000d90      0x26a /home/patrick/altera/13.1/nios2eds/bin/gnu/H-i686-pc-linux-gnu/bin/../lib/gcc/nios2-elf/4.7.3/mno-hw-mul/libgcc.a(_unpack_sf.o)
 .debug_info    0x00000ffa      0x2f7 /home/patrick/altera/13.1/nios2eds/bin/gnu/H-i686-pc-linux-gnu/bin/../lib/gcc/nios2-elf/4.7.3/mno-hw-mul/libgcc.a(_pack_df.o)
 .debug_info    0x000012f1      0x185 /home/patrick/altera/13.1/nios2eds/bin/gnu/H-i686-pc-linux-gnu/bin/../lib/gcc/nios2-elf/4.7.3/mno-hw-mul/libgcc.a(_lshrdi3.o)
 .debug_info    0x00001476      0x185 /home/patrick/altera/13.1/nios2eds/bin/gnu/H-i686-pc-linux-gnu/bin/../lib/gcc/nios2-elf/4.7.3/mno-hw-mul/libgcc.a(_ashldi3.o)
 .debug_info    0x000015fb       0xac /home/patrick/altera/13.1/nios2eds/bin/gnu/H-i686-pc-linux-gnu/bin/../lib/gcc/nios2-elf/4.7.3/mno-hw-mul/libgcc.a(_clz.o)
 .debug_info    0x000016a7      0x765 /home/patrick/altera/13.1/nios2eds/bin/gnu/H-i686-pc-linux-gnu/bin/../lib/gcc/nios2-elf/4.7.3/../../../../../H-i686-pc-linux-gnu/nios2-elf/lib/mno-hw-mul/libsmallc.a(lib_a-printf.o)
 .debug_info    0x00001e0c      0xc69 /home/patrick/altera/13.1/nios2eds/bin/gnu/H-i686-pc-linux-gnu/bin/../lib/gcc/nios2-elf/4.7.3/../../../../../H-i686-pc-linux-gnu/nios2-elf/lib/mno-hw-mul/libsmallc.a(lib_a-vfprintf.o)
 .debug_info    0x00002a75      0x6d9 /home/patrick/altera/13.1/nios2eds/bin/gnu/H-i686-pc-linux-gnu/bin/../lib/gcc/nios2-elf/4.7.3/../../../../../H-i686-pc-linux-gnu/nios2-elf/lib/mno-hw-mul/libsmallc.a(lib_a-fvwrite_small_dev.o)
 .debug_info    0x0000314e      0x631 /home/patrick/altera/13.1/nios2eds/bin/gnu/H-i686-pc-linux-gnu/bin/../lib/gcc/nios2-elf/4.7.3/../../../../../H-i686-pc-linux-gnu/nios2-elf/lib/mno-hw-mul/libsmallc.a(lib_a-impure.o)
 .debug_info    0x0000377f       0xc6 /home/patrick/altera/13.1/nios2eds/bin/gnu/H-i686-pc-linux-gnu/bin/../lib/gcc/nios2-elf/4.7.3/../../../../../H-i686-pc-linux-gnu/nios2-elf/lib/mno-hw-mul/libsmallc.a(lib_a-strlen.o)
 .debug_info    0x00003845      0x6cb /home/patrick/altera/13.1/nios2eds/bin/gnu/H-i686-pc-linux-gnu/bin/../lib/gcc/nios2-elf/4.7.3/../../../../../H-i686-pc-linux-gnu/nios2-elf/lib/mno-hw-mul/libsmallc.a(lib_a-writer.o)
 .debug_info    0x00003f10       0x84 /home/patrick/altera/13.1/nios2eds/bin/gnu/H-i686-pc-linux-gnu/bin/../lib/gcc/nios2-elf/4.7.3/../../../../../H-i686-pc-linux-gnu/nios2-elf/lib/mno-hw-mul/libsmallc.a(lib_a-int_errno.o)
 .debug_info    0x00003f94      0x289 /home/patrick/altera/13.1/nios2eds/bin/gnu/H-i686-pc-linux-gnu/bin/../lib/gcc/nios2-elf/4.7.3/mno-hw-mul/libgcc.a(lib2-divmod.o)
 .debug_info    0x0000421d       0xb8 /home/patrick/altera/13.1/nios2eds/bin/gnu/H-i686-pc-linux-gnu/bin/../lib/gcc/nios2-elf/4.7.3/mno-hw-mul/libgcc.a(lib2-mul.o)
 .debug_info    0x000042d5      0x135 ../count_binary_bsp//libhal_bsp.a(alt_load.o)
 .debug_info    0x0000440a      0x139 ../count_binary_bsp//libhal_bsp.a(alt_main.o)
 .debug_info    0x00004543       0xad ../count_binary_bsp//libhal_bsp.a(alt_usleep.o)
 .debug_info    0x000045f0      0x507 ../count_binary_bsp//libhal_bsp.a(alt_write.o)
 .debug_info    0x00004af7      0x420 ../count_binary_bsp//libhal_bsp.a(alt_sys_init.o)
 .debug_info    0x00004f17      0x3da ../count_binary_bsp//libhal_bsp.a(altera_avalon_jtag_uart_fd.o)
 .debug_info    0x000052f1      0x1bc ../count_binary_bsp//libhal_bsp.a(altera_avalon_jtag_uart_read.o)
 .debug_info    0x000054ad      0x19f ../count_binary_bsp//libhal_bsp.a(altera_avalon_jtag_uart_write.o)
 .debug_info    0x0000564c      0x235 ../count_binary_bsp//libhal_bsp.a(altera_avalon_timer_sc.o)
 .debug_info    0x00005881       0xd5 ../count_binary_bsp//libhal_bsp.a(alt_busy_sleep.o)
 .debug_info    0x00005956      0x350 ../count_binary_bsp//libhal_bsp.a(alt_close.o)
 .debug_info    0x00005ca6       0x90 ../count_binary_bsp//libhal_bsp.a(alt_dcache_flush_all.o)
 .debug_info    0x00005d36      0x4e3 ../count_binary_bsp//libhal_bsp.a(alt_dev.o)
 .debug_info    0x00006219      0x1b9 ../count_binary_bsp//libhal_bsp.a(alt_dev_llist_insert.o)
 .debug_info    0x000063d2       0xa3 ../count_binary_bsp//libhal_bsp.a(alt_errno.o)
 .debug_info    0x00006475       0x90 ../count_binary_bsp//libhal_bsp.a(alt_icache_flush_all.o)
 .debug_info    0x00006505      0x364 ../count_binary_bsp//libhal_bsp.a(alt_iic.o)
 .debug_info    0x00006869      0x1f6 ../count_binary_bsp//libhal_bsp.a(alt_iic_isr_register.o)
 .debug_info    0x00006a5f      0x4f0 ../count_binary_bsp//libhal_bsp.a(alt_io_redirect.o)
 .debug_info    0x00006f4f       0x98 ../count_binary_bsp//libhal_bsp.a(alt_irq_entry.o)
 .debug_info    0x00006fe7      0x190 ../count_binary_bsp//libhal_bsp.a(alt_irq_handler.o)
 .debug_info    0x00007177       0x8a ../count_binary_bsp//libhal_bsp.a(alt_irq_vars.o)
 .debug_info    0x00007201      0x3f0 ../count_binary_bsp//libhal_bsp.a(alt_open.o)
 .debug_info    0x000075f1      0x2dd ../count_binary_bsp//libhal_bsp.a(alt_release_fd.o)
 .debug_info    0x000078ce      0x2b1 ../count_binary_bsp//libhal_bsp.a(alt_tick.o)
 .debug_info    0x00007b7f       0x90 ../count_binary_bsp//libhal_bsp.a(altera_nios2_qsys_irq.o)
 .debug_info    0x00007c0f       0x9e ../count_binary_bsp//libhal_bsp.a(alt_exception_entry.o)
 .debug_info    0x00007cad      0x30d ../count_binary_bsp//libhal_bsp.a(alt_find_dev.o)
 .debug_info    0x00007fba      0x30c ../count_binary_bsp//libhal_bsp.a(alt_find_file.o)
 .debug_info    0x000082c6      0x339 ../count_binary_bsp//libhal_bsp.a(alt_get_fd.o)
 .debug_info    0x000085ff       0xda ../count_binary_bsp//libhal_bsp.a(alt_icache_flush.o)
 .debug_info    0x000086d9       0xf8 /home/patrick/altera/13.1/nios2eds/bin/gnu/H-i686-pc-linux-gnu/bin/../lib/gcc/nios2-elf/4.7.3/../../../../../H-i686-pc-linux-gnu/nios2-elf/lib/mno-hw-mul/libsmallc.a(lib_a-exit.o)
 .debug_info    0x000087d1       0xf1 /home/patrick/altera/13.1/nios2eds/bin/gnu/H-i686-pc-linux-gnu/bin/../lib/gcc/nios2-elf/4.7.3/../../../../../H-i686-pc-linux-gnu/nios2-elf/lib/mno-hw-mul/libsmallc.a(lib_a-memcmp.o)
 .debug_info    0x000088c2      0x70e /home/patrick/altera/13.1/nios2eds/bin/gnu/H-i686-pc-linux-gnu/bin/../lib/gcc/nios2-elf/4.7.3/../../../../../H-i686-pc-linux-gnu/nios2-elf/lib/mno-hw-mul/libsmallc.a(lib_a-__call_atexit.o)
 .debug_info    0x00008fd0       0xec ../count_binary_bsp//libhal_bsp.a(alt_exit.o)

.debug_abbrev   0x00000000     0x35be
 *(.debug_abbrev)
 .debug_abbrev  0x00000000       0x12 ../count_binary_bsp//obj/HAL/src/crt0.o
 .debug_abbrev  0x00000012       0xf6 obj/default/count_binary.o
 .debug_abbrev  0x00000108      0x185 /home/patrick/altera/13.1/nios2eds/bin/gnu/H-i686-pc-linux-gnu/bin/../lib/gcc/nios2-elf/4.7.3/mno-hw-mul/libgcc.a(_sf_to_df.o)
 .debug_abbrev  0x0000028d      0x1b2 /home/patrick/altera/13.1/nios2eds/bin/gnu/H-i686-pc-linux-gnu/bin/../lib/gcc/nios2-elf/4.7.3/mno-hw-mul/libgcc.a(_usi_to_sf.o)
 .debug_abbrev  0x0000043f      0x14e /home/patrick/altera/13.1/nios2eds/bin/gnu/H-i686-pc-linux-gnu/bin/../lib/gcc/nios2-elf/4.7.3/mno-hw-mul/libgcc.a(_make_df.o)
 .debug_abbrev  0x0000058d       0xbe /home/patrick/altera/13.1/nios2eds/bin/gnu/H-i686-pc-linux-gnu/bin/../lib/gcc/nios2-elf/4.7.3/mno-hw-mul/libgcc.a(_clzsi2.o)
 .debug_abbrev  0x0000064b      0x1b1 /home/patrick/altera/13.1/nios2eds/bin/gnu/H-i686-pc-linux-gnu/bin/../lib/gcc/nios2-elf/4.7.3/mno-hw-mul/libgcc.a(_pack_sf.o)
 .debug_abbrev  0x000007fc      0x15f /home/patrick/altera/13.1/nios2eds/bin/gnu/H-i686-pc-linux-gnu/bin/../lib/gcc/nios2-elf/4.7.3/mno-hw-mul/libgcc.a(_unpack_sf.o)
 .debug_abbrev  0x0000095b      0x1b6 /home/patrick/altera/13.1/nios2eds/bin/gnu/H-i686-pc-linux-gnu/bin/../lib/gcc/nios2-elf/4.7.3/mno-hw-mul/libgcc.a(_pack_df.o)
 .debug_abbrev  0x00000b11       0xf1 /home/patrick/altera/13.1/nios2eds/bin/gnu/H-i686-pc-linux-gnu/bin/../lib/gcc/nios2-elf/4.7.3/mno-hw-mul/libgcc.a(_lshrdi3.o)
 .debug_abbrev  0x00000c02       0xf1 /home/patrick/altera/13.1/nios2eds/bin/gnu/H-i686-pc-linux-gnu/bin/../lib/gcc/nios2-elf/4.7.3/mno-hw-mul/libgcc.a(_ashldi3.o)
 .debug_abbrev  0x00000cf3       0x5d /home/patrick/altera/13.1/nios2eds/bin/gnu/H-i686-pc-linux-gnu/bin/../lib/gcc/nios2-elf/4.7.3/mno-hw-mul/libgcc.a(_clz.o)
 .debug_abbrev  0x00000d50      0x1e2 /home/patrick/altera/13.1/nios2eds/bin/gnu/H-i686-pc-linux-gnu/bin/../lib/gcc/nios2-elf/4.7.3/../../../../../H-i686-pc-linux-gnu/nios2-elf/lib/mno-hw-mul/libsmallc.a(lib_a-printf.o)
 .debug_abbrev  0x00000f32      0x2db /home/patrick/altera/13.1/nios2eds/bin/gnu/H-i686-pc-linux-gnu/bin/../lib/gcc/nios2-elf/4.7.3/../../../../../H-i686-pc-linux-gnu/nios2-elf/lib/mno-hw-mul/libsmallc.a(lib_a-vfprintf.o)
 .debug_abbrev  0x0000120d      0x1a8 /home/patrick/altera/13.1/nios2eds/bin/gnu/H-i686-pc-linux-gnu/bin/../lib/gcc/nios2-elf/4.7.3/../../../../../H-i686-pc-linux-gnu/nios2-elf/lib/mno-hw-mul/libsmallc.a(lib_a-fvwrite_small_dev.o)
 .debug_abbrev  0x000013b5      0x13b /home/patrick/altera/13.1/nios2eds/bin/gnu/H-i686-pc-linux-gnu/bin/../lib/gcc/nios2-elf/4.7.3/../../../../../H-i686-pc-linux-gnu/nios2-elf/lib/mno-hw-mul/libsmallc.a(lib_a-impure.o)
 .debug_abbrev  0x000014f0       0x7f /home/patrick/altera/13.1/nios2eds/bin/gnu/H-i686-pc-linux-gnu/bin/../lib/gcc/nios2-elf/4.7.3/../../../../../H-i686-pc-linux-gnu/nios2-elf/lib/mno-hw-mul/libsmallc.a(lib_a-strlen.o)
 .debug_abbrev  0x0000156f      0x199 /home/patrick/altera/13.1/nios2eds/bin/gnu/H-i686-pc-linux-gnu/bin/../lib/gcc/nios2-elf/4.7.3/../../../../../H-i686-pc-linux-gnu/nios2-elf/lib/mno-hw-mul/libsmallc.a(lib_a-writer.o)
 .debug_abbrev  0x00001708       0x37 /home/patrick/altera/13.1/nios2eds/bin/gnu/H-i686-pc-linux-gnu/bin/../lib/gcc/nios2-elf/4.7.3/../../../../../H-i686-pc-linux-gnu/nios2-elf/lib/mno-hw-mul/libsmallc.a(lib_a-int_errno.o)
 .debug_abbrev  0x0000173f      0x112 /home/patrick/altera/13.1/nios2eds/bin/gnu/H-i686-pc-linux-gnu/bin/../lib/gcc/nios2-elf/4.7.3/mno-hw-mul/libgcc.a(lib2-divmod.o)
 .debug_abbrev  0x00001851       0x6f /home/patrick/altera/13.1/nios2eds/bin/gnu/H-i686-pc-linux-gnu/bin/../lib/gcc/nios2-elf/4.7.3/mno-hw-mul/libgcc.a(lib2-mul.o)
 .debug_abbrev  0x000018c0       0x9d ../count_binary_bsp//libhal_bsp.a(alt_load.o)
 .debug_abbrev  0x0000195d       0xba ../count_binary_bsp//libhal_bsp.a(alt_main.o)
 .debug_abbrev  0x00001a17       0x60 ../count_binary_bsp//libhal_bsp.a(alt_usleep.o)
 .debug_abbrev  0x00001a77      0x133 ../count_binary_bsp//libhal_bsp.a(alt_write.o)
 .debug_abbrev  0x00001baa      0x155 ../count_binary_bsp//libhal_bsp.a(alt_sys_init.o)
 .debug_abbrev  0x00001cff       0xf7 ../count_binary_bsp//libhal_bsp.a(altera_avalon_jtag_uart_fd.o)
 .debug_abbrev  0x00001df6       0xd5 ../count_binary_bsp//libhal_bsp.a(altera_avalon_jtag_uart_read.o)
 .debug_abbrev  0x00001ecb       0xd5 ../count_binary_bsp//libhal_bsp.a(altera_avalon_jtag_uart_write.o)
 .debug_abbrev  0x00001fa0      0x155 ../count_binary_bsp//libhal_bsp.a(altera_avalon_timer_sc.o)
 .debug_abbrev  0x000020f5       0x7e ../count_binary_bsp//libhal_bsp.a(alt_busy_sleep.o)
 .debug_abbrev  0x00002173      0x11f ../count_binary_bsp//libhal_bsp.a(alt_close.o)
 .debug_abbrev  0x00002292       0x42 ../count_binary_bsp//libhal_bsp.a(alt_dcache_flush_all.o)
 .debug_abbrev  0x000022d4       0xd9 ../count_binary_bsp//libhal_bsp.a(alt_dev.o)
 .debug_abbrev  0x000023ad      0x114 ../count_binary_bsp//libhal_bsp.a(alt_dev_llist_insert.o)
 .debug_abbrev  0x000024c1       0x5a ../count_binary_bsp//libhal_bsp.a(alt_errno.o)
 .debug_abbrev  0x0000251b       0x42 ../count_binary_bsp//libhal_bsp.a(alt_icache_flush_all.o)
 .debug_abbrev  0x0000255d      0x16a ../count_binary_bsp//libhal_bsp.a(alt_iic.o)
 .debug_abbrev  0x000026c7      0x169 ../count_binary_bsp//libhal_bsp.a(alt_iic_isr_register.o)
 .debug_abbrev  0x00002830      0x114 ../count_binary_bsp//libhal_bsp.a(alt_io_redirect.o)
 .debug_abbrev  0x00002944       0x12 ../count_binary_bsp//libhal_bsp.a(alt_irq_entry.o)
 .debug_abbrev  0x00002956      0x124 ../count_binary_bsp//libhal_bsp.a(alt_irq_handler.o)
 .debug_abbrev  0x00002a7a       0x40 ../count_binary_bsp//libhal_bsp.a(alt_irq_vars.o)
 .debug_abbrev  0x00002aba      0x148 ../count_binary_bsp//libhal_bsp.a(alt_open.o)
 .debug_abbrev  0x00002c02       0xde ../count_binary_bsp//libhal_bsp.a(alt_release_fd.o)
 .debug_abbrev  0x00002ce0      0x15a ../count_binary_bsp//libhal_bsp.a(alt_tick.o)
 .debug_abbrev  0x00002e3a       0x42 ../count_binary_bsp//libhal_bsp.a(altera_nios2_qsys_irq.o)
 .debug_abbrev  0x00002e7c       0x12 ../count_binary_bsp//libhal_bsp.a(alt_exception_entry.o)
 .debug_abbrev  0x00002e8e       0xf0 ../count_binary_bsp//libhal_bsp.a(alt_find_dev.o)
 .debug_abbrev  0x00002f7e       0xf0 ../count_binary_bsp//libhal_bsp.a(alt_find_file.o)
 .debug_abbrev  0x0000306e      0x10d ../count_binary_bsp//libhal_bsp.a(alt_get_fd.o)
 .debug_abbrev  0x0000317b       0x8c ../count_binary_bsp//libhal_bsp.a(alt_icache_flush.o)
 .debug_abbrev  0x00003207       0xa9 /home/patrick/altera/13.1/nios2eds/bin/gnu/H-i686-pc-linux-gnu/bin/../lib/gcc/nios2-elf/4.7.3/../../../../../H-i686-pc-linux-gnu/nios2-elf/lib/mno-hw-mul/libsmallc.a(lib_a-exit.o)
 .debug_abbrev  0x000032b0       0x7f /home/patrick/altera/13.1/nios2eds/bin/gnu/H-i686-pc-linux-gnu/bin/../lib/gcc/nios2-elf/4.7.3/../../../../../H-i686-pc-linux-gnu/nios2-elf/lib/mno-hw-mul/libsmallc.a(lib_a-memcmp.o)
 .debug_abbrev  0x0000332f      0x1e9 /home/patrick/altera/13.1/nios2eds/bin/gnu/H-i686-pc-linux-gnu/bin/../lib/gcc/nios2-elf/4.7.3/../../../../../H-i686-pc-linux-gnu/nios2-elf/lib/mno-hw-mul/libsmallc.a(lib_a-__call_atexit.o)
 .debug_abbrev  0x00003518       0xa6 ../count_binary_bsp//libhal_bsp.a(alt_exit.o)

.debug_line     0x00000000     0x3515
 *(.debug_line)
 .debug_line    0x00000000       0x6c ../count_binary_bsp//obj/HAL/src/crt0.o
 .debug_line    0x0000006c       0xa9 obj/default/count_binary.o
 .debug_line    0x00000115       0x6c /home/patrick/altera/13.1/nios2eds/bin/gnu/H-i686-pc-linux-gnu/bin/../lib/gcc/nios2-elf/4.7.3/mno-hw-mul/libgcc.a(_sf_to_df.o)
 .debug_line    0x00000181       0x99 /home/patrick/altera/13.1/nios2eds/bin/gnu/H-i686-pc-linux-gnu/bin/../lib/gcc/nios2-elf/4.7.3/mno-hw-mul/libgcc.a(_usi_to_sf.o)
 .debug_line    0x0000021a       0x70 /home/patrick/altera/13.1/nios2eds/bin/gnu/H-i686-pc-linux-gnu/bin/../lib/gcc/nios2-elf/4.7.3/mno-hw-mul/libgcc.a(_make_df.o)
 .debug_line    0x0000028a       0x8f /home/patrick/altera/13.1/nios2eds/bin/gnu/H-i686-pc-linux-gnu/bin/../lib/gcc/nios2-elf/4.7.3/mno-hw-mul/libgcc.a(_clzsi2.o)
 .debug_line    0x00000319       0xb5 /home/patrick/altera/13.1/nios2eds/bin/gnu/H-i686-pc-linux-gnu/bin/../lib/gcc/nios2-elf/4.7.3/mno-hw-mul/libgcc.a(_pack_sf.o)
 .debug_line    0x000003ce       0x9d /home/patrick/altera/13.1/nios2eds/bin/gnu/H-i686-pc-linux-gnu/bin/../lib/gcc/nios2-elf/4.7.3/mno-hw-mul/libgcc.a(_unpack_sf.o)
 .debug_line    0x0000046b       0xca /home/patrick/altera/13.1/nios2eds/bin/gnu/H-i686-pc-linux-gnu/bin/../lib/gcc/nios2-elf/4.7.3/mno-hw-mul/libgcc.a(_pack_df.o)
 .debug_line    0x00000535       0x7a /home/patrick/altera/13.1/nios2eds/bin/gnu/H-i686-pc-linux-gnu/bin/../lib/gcc/nios2-elf/4.7.3/mno-hw-mul/libgcc.a(_lshrdi3.o)
 .debug_line    0x000005af       0x78 /home/patrick/altera/13.1/nios2eds/bin/gnu/H-i686-pc-linux-gnu/bin/../lib/gcc/nios2-elf/4.7.3/mno-hw-mul/libgcc.a(_ashldi3.o)
 .debug_line    0x00000627       0x56 /home/patrick/altera/13.1/nios2eds/bin/gnu/H-i686-pc-linux-gnu/bin/../lib/gcc/nios2-elf/4.7.3/mno-hw-mul/libgcc.a(_clz.o)
 .debug_line    0x0000067d      0x219 /home/patrick/altera/13.1/nios2eds/bin/gnu/H-i686-pc-linux-gnu/bin/../lib/gcc/nios2-elf/4.7.3/../../../../../H-i686-pc-linux-gnu/nios2-elf/lib/mno-hw-mul/libsmallc.a(lib_a-printf.o)
 .debug_line    0x00000896      0x40e /home/patrick/altera/13.1/nios2eds/bin/gnu/H-i686-pc-linux-gnu/bin/../lib/gcc/nios2-elf/4.7.3/../../../../../H-i686-pc-linux-gnu/nios2-elf/lib/mno-hw-mul/libsmallc.a(lib_a-vfprintf.o)
 .debug_line    0x00000ca4      0x225 /home/patrick/altera/13.1/nios2eds/bin/gnu/H-i686-pc-linux-gnu/bin/../lib/gcc/nios2-elf/4.7.3/../../../../../H-i686-pc-linux-gnu/nios2-elf/lib/mno-hw-mul/libsmallc.a(lib_a-fvwrite_small_dev.o)
 .debug_line    0x00000ec9      0x16c /home/patrick/altera/13.1/nios2eds/bin/gnu/H-i686-pc-linux-gnu/bin/../lib/gcc/nios2-elf/4.7.3/../../../../../H-i686-pc-linux-gnu/nios2-elf/lib/mno-hw-mul/libsmallc.a(lib_a-impure.o)
 .debug_line    0x00001035      0x174 /home/patrick/altera/13.1/nios2eds/bin/gnu/H-i686-pc-linux-gnu/bin/../lib/gcc/nios2-elf/4.7.3/../../../../../H-i686-pc-linux-gnu/nios2-elf/lib/mno-hw-mul/libsmallc.a(lib_a-strlen.o)
 .debug_line    0x000011a9      0x20c /home/patrick/altera/13.1/nios2eds/bin/gnu/H-i686-pc-linux-gnu/bin/../lib/gcc/nios2-elf/4.7.3/../../../../../H-i686-pc-linux-gnu/nios2-elf/lib/mno-hw-mul/libsmallc.a(lib_a-writer.o)
 .debug_line    0x000013b5       0x60 /home/patrick/altera/13.1/nios2eds/bin/gnu/H-i686-pc-linux-gnu/bin/../lib/gcc/nios2-elf/4.7.3/../../../../../H-i686-pc-linux-gnu/nios2-elf/lib/mno-hw-mul/libsmallc.a(lib_a-int_errno.o)
 .debug_line    0x00001415       0xd6 /home/patrick/altera/13.1/nios2eds/bin/gnu/H-i686-pc-linux-gnu/bin/../lib/gcc/nios2-elf/4.7.3/mno-hw-mul/libgcc.a(lib2-divmod.o)
 .debug_line    0x000014eb       0x80 /home/patrick/altera/13.1/nios2eds/bin/gnu/H-i686-pc-linux-gnu/bin/../lib/gcc/nios2-elf/4.7.3/mno-hw-mul/libgcc.a(lib2-mul.o)
 .debug_line    0x0000156b       0x92 ../count_binary_bsp//libhal_bsp.a(alt_load.o)
 .debug_line    0x000015fd       0x9e ../count_binary_bsp//libhal_bsp.a(alt_main.o)
 .debug_line    0x0000169b       0xde ../count_binary_bsp//libhal_bsp.a(alt_usleep.o)
 .debug_line    0x00001779      0x218 ../count_binary_bsp//libhal_bsp.a(alt_write.o)
 .debug_line    0x00001991      0x142 ../count_binary_bsp//libhal_bsp.a(alt_sys_init.o)
 .debug_line    0x00001ad3      0x114 ../count_binary_bsp//libhal_bsp.a(altera_avalon_jtag_uart_fd.o)
 .debug_line    0x00001be7      0x101 ../count_binary_bsp//libhal_bsp.a(altera_avalon_jtag_uart_read.o)
 .debug_line    0x00001ce8       0xf8 ../count_binary_bsp//libhal_bsp.a(altera_avalon_jtag_uart_write.o)
 .debug_line    0x00001de0       0xfd ../count_binary_bsp//libhal_bsp.a(altera_avalon_timer_sc.o)
 .debug_line    0x00001edd       0xa0 ../count_binary_bsp//libhal_bsp.a(alt_busy_sleep.o)
 .debug_line    0x00001f7d      0x196 ../count_binary_bsp//libhal_bsp.a(alt_close.o)
 .debug_line    0x00002113       0x51 ../count_binary_bsp//libhal_bsp.a(alt_dcache_flush_all.o)
 .debug_line    0x00002164      0x129 ../count_binary_bsp//libhal_bsp.a(alt_dev.o)
 .debug_line    0x0000228d       0xd0 ../count_binary_bsp//libhal_bsp.a(alt_dev_llist_insert.o)
 .debug_line    0x0000235d       0x51 ../count_binary_bsp//libhal_bsp.a(alt_errno.o)
 .debug_line    0x000023ae       0x50 ../count_binary_bsp//libhal_bsp.a(alt_icache_flush_all.o)
 .debug_line    0x000023fe       0xed ../count_binary_bsp//libhal_bsp.a(alt_iic.o)
 .debug_line    0x000024eb       0xdb ../count_binary_bsp//libhal_bsp.a(alt_iic_isr_register.o)
 .debug_line    0x000025c6      0x166 ../count_binary_bsp//libhal_bsp.a(alt_io_redirect.o)
 .debug_line    0x0000272c       0x6b ../count_binary_bsp//libhal_bsp.a(alt_irq_entry.o)
 .debug_line    0x00002797       0xae ../count_binary_bsp//libhal_bsp.a(alt_irq_handler.o)
 .debug_line    0x00002845       0x50 ../count_binary_bsp//libhal_bsp.a(alt_irq_vars.o)
 .debug_line    0x00002895      0x128 ../count_binary_bsp//libhal_bsp.a(alt_open.o)
 .debug_line    0x000029bd       0xb0 ../count_binary_bsp//libhal_bsp.a(alt_release_fd.o)
 .debug_line    0x00002a6d      0x102 ../count_binary_bsp//libhal_bsp.a(alt_tick.o)
 .debug_line    0x00002b6f       0x51 ../count_binary_bsp//libhal_bsp.a(altera_nios2_qsys_irq.o)
 .debug_line    0x00002bc0       0xab ../count_binary_bsp//libhal_bsp.a(alt_exception_entry.o)
 .debug_line    0x00002c6b       0xb9 ../count_binary_bsp//libhal_bsp.a(alt_find_dev.o)
 .debug_line    0x00002d24       0xd5 ../count_binary_bsp//libhal_bsp.a(alt_find_file.o)
 .debug_line    0x00002df9       0xd4 ../count_binary_bsp//libhal_bsp.a(alt_get_fd.o)
 .debug_line    0x00002ecd       0x81 ../count_binary_bsp//libhal_bsp.a(alt_icache_flush.o)
 .debug_line    0x00002f4e      0x170 /home/patrick/altera/13.1/nios2eds/bin/gnu/H-i686-pc-linux-gnu/bin/../lib/gcc/nios2-elf/4.7.3/../../../../../H-i686-pc-linux-gnu/nios2-elf/lib/mno-hw-mul/libsmallc.a(lib_a-exit.o)
 .debug_line    0x000030be      0x17f /home/patrick/altera/13.1/nios2eds/bin/gnu/H-i686-pc-linux-gnu/bin/../lib/gcc/nios2-elf/4.7.3/../../../../../H-i686-pc-linux-gnu/nios2-elf/lib/mno-hw-mul/libsmallc.a(lib_a-memcmp.o)
 .debug_line    0x0000323d      0x267 /home/patrick/altera/13.1/nios2eds/bin/gnu/H-i686-pc-linux-gnu/bin/../lib/gcc/nios2-elf/4.7.3/../../../../../H-i686-pc-linux-gnu/nios2-elf/lib/mno-hw-mul/libsmallc.a(lib_a-__call_atexit.o)
 .debug_line    0x000034a4       0x71 ../count_binary_bsp//libhal_bsp.a(alt_exit.o)

.debug_frame    0x00000000      0xa68
 *(.debug_frame)
 .debug_frame   0x00000000       0x80 obj/default/count_binary.o
 .debug_frame   0x00000080       0x28 /home/patrick/altera/13.1/nios2eds/bin/gnu/H-i686-pc-linux-gnu/bin/../lib/gcc/nios2-elf/4.7.3/mno-hw-mul/libgcc.a(_sf_to_df.o)
 .debug_frame   0x000000a8       0x28 /home/patrick/altera/13.1/nios2eds/bin/gnu/H-i686-pc-linux-gnu/bin/../lib/gcc/nios2-elf/4.7.3/mno-hw-mul/libgcc.a(_usi_to_sf.o)
 .debug_frame   0x000000d0       0x28 /home/patrick/altera/13.1/nios2eds/bin/gnu/H-i686-pc-linux-gnu/bin/../lib/gcc/nios2-elf/4.7.3/mno-hw-mul/libgcc.a(_make_df.o)
 .debug_frame   0x000000f8       0x20 /home/patrick/altera/13.1/nios2eds/bin/gnu/H-i686-pc-linux-gnu/bin/../lib/gcc/nios2-elf/4.7.3/mno-hw-mul/libgcc.a(_clzsi2.o)
 .debug_frame   0x00000118       0x20 /home/patrick/altera/13.1/nios2eds/bin/gnu/H-i686-pc-linux-gnu/bin/../lib/gcc/nios2-elf/4.7.3/mno-hw-mul/libgcc.a(_pack_sf.o)
 .debug_frame   0x00000138       0x20 /home/patrick/altera/13.1/nios2eds/bin/gnu/H-i686-pc-linux-gnu/bin/../lib/gcc/nios2-elf/4.7.3/mno-hw-mul/libgcc.a(_unpack_sf.o)
 .debug_frame   0x00000158       0x34 /home/patrick/altera/13.1/nios2eds/bin/gnu/H-i686-pc-linux-gnu/bin/../lib/gcc/nios2-elf/4.7.3/mno-hw-mul/libgcc.a(_pack_df.o)
 .debug_frame   0x0000018c       0x20 /home/patrick/altera/13.1/nios2eds/bin/gnu/H-i686-pc-linux-gnu/bin/../lib/gcc/nios2-elf/4.7.3/mno-hw-mul/libgcc.a(_lshrdi3.o)
 .debug_frame   0x000001ac       0x20 /home/patrick/altera/13.1/nios2eds/bin/gnu/H-i686-pc-linux-gnu/bin/../lib/gcc/nios2-elf/4.7.3/mno-hw-mul/libgcc.a(_ashldi3.o)
 .debug_frame   0x000001cc       0x40 /home/patrick/altera/13.1/nios2eds/bin/gnu/H-i686-pc-linux-gnu/bin/../lib/gcc/nios2-elf/4.7.3/../../../../../H-i686-pc-linux-gnu/nios2-elf/lib/mno-hw-mul/libsmallc.a(lib_a-printf.o)
 .debug_frame   0x0000020c       0x4c /home/patrick/altera/13.1/nios2eds/bin/gnu/H-i686-pc-linux-gnu/bin/../lib/gcc/nios2-elf/4.7.3/../../../../../H-i686-pc-linux-gnu/nios2-elf/lib/mno-hw-mul/libsmallc.a(lib_a-vfprintf.o)
 .debug_frame   0x00000258       0x30 /home/patrick/altera/13.1/nios2eds/bin/gnu/H-i686-pc-linux-gnu/bin/../lib/gcc/nios2-elf/4.7.3/../../../../../H-i686-pc-linux-gnu/nios2-elf/lib/mno-hw-mul/libsmallc.a(lib_a-fvwrite_small_dev.o)
 .debug_frame   0x00000288       0x20 /home/patrick/altera/13.1/nios2eds/bin/gnu/H-i686-pc-linux-gnu/bin/../lib/gcc/nios2-elf/4.7.3/../../../../../H-i686-pc-linux-gnu/nios2-elf/lib/mno-hw-mul/libsmallc.a(lib_a-strlen.o)
 .debug_frame   0x000002a8       0x2c /home/patrick/altera/13.1/nios2eds/bin/gnu/H-i686-pc-linux-gnu/bin/../lib/gcc/nios2-elf/4.7.3/../../../../../H-i686-pc-linux-gnu/nios2-elf/lib/mno-hw-mul/libsmallc.a(lib_a-writer.o)
 .debug_frame   0x000002d4       0x70 /home/patrick/altera/13.1/nios2eds/bin/gnu/H-i686-pc-linux-gnu/bin/../lib/gcc/nios2-elf/4.7.3/mno-hw-mul/libgcc.a(lib2-divmod.o)
 .debug_frame   0x00000344       0x20 /home/patrick/altera/13.1/nios2eds/bin/gnu/H-i686-pc-linux-gnu/bin/../lib/gcc/nios2-elf/4.7.3/mno-hw-mul/libgcc.a(lib2-mul.o)
 .debug_frame   0x00000364       0x48 ../count_binary_bsp//libhal_bsp.a(alt_load.o)
 .debug_frame   0x000003ac       0x2c ../count_binary_bsp//libhal_bsp.a(alt_main.o)
 .debug_frame   0x000003d8       0x2c ../count_binary_bsp//libhal_bsp.a(alt_usleep.o)
 .debug_frame   0x00000404       0x48 ../count_binary_bsp//libhal_bsp.a(alt_write.o)
 .debug_frame   0x0000044c       0x64 ../count_binary_bsp//libhal_bsp.a(alt_sys_init.o)
 .debug_frame   0x000004b0       0x48 ../count_binary_bsp//libhal_bsp.a(altera_avalon_jtag_uart_fd.o)
 .debug_frame   0x000004f8       0x2c ../count_binary_bsp//libhal_bsp.a(altera_avalon_jtag_uart_read.o)
 .debug_frame   0x00000524       0x2c ../count_binary_bsp//libhal_bsp.a(altera_avalon_jtag_uart_write.o)
 .debug_frame   0x00000550       0x48 ../count_binary_bsp//libhal_bsp.a(altera_avalon_timer_sc.o)
 .debug_frame   0x00000598       0x2c ../count_binary_bsp//libhal_bsp.a(alt_busy_sleep.o)
 .debug_frame   0x000005c4       0x48 ../count_binary_bsp//libhal_bsp.a(alt_close.o)
 .debug_frame   0x0000060c       0x2c ../count_binary_bsp//libhal_bsp.a(alt_dcache_flush_all.o)
 .debug_frame   0x00000638       0x2c ../count_binary_bsp//libhal_bsp.a(alt_dev.o)
 .debug_frame   0x00000664       0x48 ../count_binary_bsp//libhal_bsp.a(alt_dev_llist_insert.o)
 .debug_frame   0x000006ac       0x2c ../count_binary_bsp//libhal_bsp.a(alt_icache_flush_all.o)
 .debug_frame   0x000006d8       0x80 ../count_binary_bsp//libhal_bsp.a(alt_iic.o)
 .debug_frame   0x00000758       0x2c ../count_binary_bsp//libhal_bsp.a(alt_iic_isr_register.o)
 .debug_frame   0x00000784       0x4c ../count_binary_bsp//libhal_bsp.a(alt_io_redirect.o)
 .debug_frame   0x000007d0       0x2c ../count_binary_bsp//libhal_bsp.a(alt_irq_handler.o)
 .debug_frame   0x000007fc       0x68 ../count_binary_bsp//libhal_bsp.a(alt_open.o)
 .debug_frame   0x00000864       0x30 ../count_binary_bsp//libhal_bsp.a(alt_release_fd.o)
 .debug_frame   0x00000894       0x48 ../count_binary_bsp//libhal_bsp.a(alt_tick.o)
 .debug_frame   0x000008dc       0x2c ../count_binary_bsp//libhal_bsp.a(altera_nios2_qsys_irq.o)
 .debug_frame   0x00000908       0x2c ../count_binary_bsp//libhal_bsp.a(alt_find_dev.o)
 .debug_frame   0x00000934       0x2c ../count_binary_bsp//libhal_bsp.a(alt_find_file.o)
 .debug_frame   0x00000960       0x30 ../count_binary_bsp//libhal_bsp.a(alt_get_fd.o)
 .debug_frame   0x00000990       0x2c ../count_binary_bsp//libhal_bsp.a(alt_icache_flush.o)
 .debug_frame   0x000009bc       0x28 /home/patrick/altera/13.1/nios2eds/bin/gnu/H-i686-pc-linux-gnu/bin/../lib/gcc/nios2-elf/4.7.3/../../../../../H-i686-pc-linux-gnu/nios2-elf/lib/mno-hw-mul/libsmallc.a(lib_a-exit.o)
 .debug_frame   0x000009e4       0x20 /home/patrick/altera/13.1/nios2eds/bin/gnu/H-i686-pc-linux-gnu/bin/../lib/gcc/nios2-elf/4.7.3/../../../../../H-i686-pc-linux-gnu/nios2-elf/lib/mno-hw-mul/libsmallc.a(lib_a-memcmp.o)
 .debug_frame   0x00000a04       0x38 /home/patrick/altera/13.1/nios2eds/bin/gnu/H-i686-pc-linux-gnu/bin/../lib/gcc/nios2-elf/4.7.3/../../../../../H-i686-pc-linux-gnu/nios2-elf/lib/mno-hw-mul/libsmallc.a(lib_a-__call_atexit.o)
 .debug_frame   0x00000a3c       0x2c ../count_binary_bsp//libhal_bsp.a(alt_exit.o)

.debug_str      0x00000000     0x1988
 *(.debug_str)
 .debug_str     0x00000000       0xf7 obj/default/count_binary.o
                                0x14e (size before relaxing)
 .debug_str     0x000000f7      0x1b7 /home/patrick/altera/13.1/nios2eds/bin/gnu/H-i686-pc-linux-gnu/bin/../lib/gcc/nios2-elf/4.7.3/mno-hw-mul/libgcc.a(_sf_to_df.o)
                                0x23c (size before relaxing)
 .debug_str     0x000002ae       0x33 /home/patrick/altera/13.1/nios2eds/bin/gnu/H-i686-pc-linux-gnu/bin/../lib/gcc/nios2-elf/4.7.3/mno-hw-mul/libgcc.a(_usi_to_sf.o)
                                0x219 (size before relaxing)
 .debug_str     0x000002e1       0x1a /home/patrick/altera/13.1/nios2eds/bin/gnu/H-i686-pc-linux-gnu/bin/../lib/gcc/nios2-elf/4.7.3/mno-hw-mul/libgcc.a(_make_df.o)
                                0x1f8 (size before relaxing)
 .debug_str     0x000002fb       0x5d /home/patrick/altera/13.1/nios2eds/bin/gnu/H-i686-pc-linux-gnu/bin/../lib/gcc/nios2-elf/4.7.3/mno-hw-mul/libgcc.a(_clzsi2.o)
                                0x18c (size before relaxing)
 .debug_str     0x00000358       0x1a /home/patrick/altera/13.1/nios2eds/bin/gnu/H-i686-pc-linux-gnu/bin/../lib/gcc/nios2-elf/4.7.3/mno-hw-mul/libgcc.a(_pack_sf.o)
                                0x22d (size before relaxing)
 .debug_str     0x00000000      0x20f /home/patrick/altera/13.1/nios2eds/bin/gnu/H-i686-pc-linux-gnu/bin/../lib/gcc/nios2-elf/4.7.3/mno-hw-mul/libgcc.a(_unpack_sf.o)
 .debug_str     0x00000372        0x6 /home/patrick/altera/13.1/nios2eds/bin/gnu/H-i686-pc-linux-gnu/bin/../lib/gcc/nios2-elf/4.7.3/mno-hw-mul/libgcc.a(_pack_df.o)
                                0x233 (size before relaxing)
 .debug_str     0x00000378       0x39 /home/patrick/altera/13.1/nios2eds/bin/gnu/H-i686-pc-linux-gnu/bin/../lib/gcc/nios2-elf/4.7.3/mno-hw-mul/libgcc.a(_lshrdi3.o)
                                0x1a3 (size before relaxing)
 .debug_str     0x000003b1        0xa /home/patrick/altera/13.1/nios2eds/bin/gnu/H-i686-pc-linux-gnu/bin/../lib/gcc/nios2-elf/4.7.3/mno-hw-mul/libgcc.a(_ashldi3.o)
                                0x1a3 (size before relaxing)
 .debug_str     0x00000000      0x16f /home/patrick/altera/13.1/nios2eds/bin/gnu/H-i686-pc-linux-gnu/bin/../lib/gcc/nios2-elf/4.7.3/mno-hw-mul/libgcc.a(_clz.o)
 .debug_str     0x000003bb      0x3dd /home/patrick/altera/13.1/nios2eds/bin/gnu/H-i686-pc-linux-gnu/bin/../lib/gcc/nios2-elf/4.7.3/../../../../../H-i686-pc-linux-gnu/nios2-elf/lib/mno-hw-mul/libsmallc.a(lib_a-printf.o)
                                0x4b5 (size before relaxing)
 .debug_str     0x00000798      0x18b /home/patrick/altera/13.1/nios2eds/bin/gnu/H-i686-pc-linux-gnu/bin/../lib/gcc/nios2-elf/4.7.3/../../../../../H-i686-pc-linux-gnu/nios2-elf/lib/mno-hw-mul/libsmallc.a(lib_a-vfprintf.o)
                                0x635 (size before relaxing)
 .debug_str     0x00000923       0x82 /home/patrick/altera/13.1/nios2eds/bin/gnu/H-i686-pc-linux-gnu/bin/../lib/gcc/nios2-elf/4.7.3/../../../../../H-i686-pc-linux-gnu/nios2-elf/lib/mno-hw-mul/libsmallc.a(lib_a-fvwrite_small_dev.o)
                                0x490 (size before relaxing)
 .debug_str     0x000009a5       0xfc /home/patrick/altera/13.1/nios2eds/bin/gnu/H-i686-pc-linux-gnu/bin/../lib/gcc/nios2-elf/4.7.3/../../../../../H-i686-pc-linux-gnu/nios2-elf/lib/mno-hw-mul/libsmallc.a(lib_a-impure.o)
                                0x46a (size before relaxing)
 .debug_str     0x00000aa1       0xdf /home/patrick/altera/13.1/nios2eds/bin/gnu/H-i686-pc-linux-gnu/bin/../lib/gcc/nios2-elf/4.7.3/../../../../../H-i686-pc-linux-gnu/nios2-elf/lib/mno-hw-mul/libsmallc.a(lib_a-strlen.o)
                                0x191 (size before relaxing)
 .debug_str     0x00000b80       0x3d /home/patrick/altera/13.1/nios2eds/bin/gnu/H-i686-pc-linux-gnu/bin/../lib/gcc/nios2-elf/4.7.3/../../../../../H-i686-pc-linux-gnu/nios2-elf/lib/mno-hw-mul/libsmallc.a(lib_a-writer.o)
                                0x464 (size before relaxing)
 .debug_str     0x00000bbd       0x40 /home/patrick/altera/13.1/nios2eds/bin/gnu/H-i686-pc-linux-gnu/bin/../lib/gcc/nios2-elf/4.7.3/../../../../../H-i686-pc-linux-gnu/nios2-elf/lib/mno-hw-mul/libsmallc.a(lib_a-int_errno.o)
                                0x184 (size before relaxing)
 .debug_str     0x00000bfd       0x7f /home/patrick/altera/13.1/nios2eds/bin/gnu/H-i686-pc-linux-gnu/bin/../lib/gcc/nios2-elf/4.7.3/mno-hw-mul/libgcc.a(lib2-divmod.o)
                                0x16a (size before relaxing)
 .debug_str     0x00000c7c       0x40 /home/patrick/altera/13.1/nios2eds/bin/gnu/H-i686-pc-linux-gnu/bin/../lib/gcc/nios2-elf/4.7.3/mno-hw-mul/libgcc.a(lib2-mul.o)
                                0x12b (size before relaxing)
 .debug_str     0x00000cbc      0x14c ../count_binary_bsp//libhal_bsp.a(alt_load.o)
                                0x1ea (size before relaxing)
 .debug_str     0x00000e08       0x70 ../count_binary_bsp//libhal_bsp.a(alt_main.o)
                                0x175 (size before relaxing)
 .debug_str     0x00000e78       0x27 ../count_binary_bsp//libhal_bsp.a(alt_usleep.o)
                                0x120 (size before relaxing)
 .debug_str     0x00000e9f      0x15f ../count_binary_bsp//libhal_bsp.a(alt_write.o)
                                0x2d0 (size before relaxing)
 .debug_str     0x00000ffe      0x136 ../count_binary_bsp//libhal_bsp.a(alt_sys_init.o)
                                0x2e2 (size before relaxing)
 .debug_str     0x00001134       0x70 ../count_binary_bsp//libhal_bsp.a(altera_avalon_jtag_uart_fd.o)
                                0x2ad (size before relaxing)
 .debug_str     0x000011a4       0x48 ../count_binary_bsp//libhal_bsp.a(altera_avalon_jtag_uart_read.o)
                                0x1f7 (size before relaxing)
 .debug_str     0x000011ec       0x4a ../count_binary_bsp//libhal_bsp.a(altera_avalon_jtag_uart_write.o)
                                0x1ed (size before relaxing)
 .debug_str     0x00001236       0xb6 ../count_binary_bsp//libhal_bsp.a(altera_avalon_timer_sc.o)
                                0x223 (size before relaxing)
 .debug_str     0x000012ec       0x42 ../count_binary_bsp//libhal_bsp.a(alt_busy_sleep.o)
                                0x143 (size before relaxing)
 .debug_str     0x0000132e       0x1b ../count_binary_bsp//libhal_bsp.a(alt_close.o)
                                0x1e3 (size before relaxing)
 .debug_str     0x00001349       0x34 ../count_binary_bsp//libhal_bsp.a(alt_dcache_flush_all.o)
                                0x12d (size before relaxing)
 .debug_str     0x0000137d       0x50 ../count_binary_bsp//libhal_bsp.a(alt_dev.o)
                                0x2dd (size before relaxing)
 .debug_str     0x000013cd       0x4b ../count_binary_bsp//libhal_bsp.a(alt_dev_llist_insert.o)
                                0x1a4 (size before relaxing)
 .debug_str     0x00001418       0x14 ../count_binary_bsp//libhal_bsp.a(alt_errno.o)
                                0x11d (size before relaxing)
 .debug_str     0x0000142c       0x34 ../count_binary_bsp//libhal_bsp.a(alt_icache_flush_all.o)
                                0x12d (size before relaxing)
 .debug_str     0x00001460       0xc4 ../count_binary_bsp//libhal_bsp.a(alt_iic.o)
                                0x216 (size before relaxing)
 .debug_str     0x00001524       0x4c ../count_binary_bsp//libhal_bsp.a(alt_iic_isr_register.o)
                                0x1c0 (size before relaxing)
 .debug_str     0x00001570       0x56 ../count_binary_bsp//libhal_bsp.a(alt_io_redirect.o)
                                0x2ee (size before relaxing)
 .debug_str     0x000015c6       0x3a ../count_binary_bsp//libhal_bsp.a(alt_irq_handler.o)
                                0x16f (size before relaxing)
 .debug_str     0x00001600       0x17 ../count_binary_bsp//libhal_bsp.a(alt_irq_vars.o)
                                0x11e (size before relaxing)
 .debug_str     0x00001617       0x2f ../count_binary_bsp//libhal_bsp.a(alt_open.o)
                                0x223 (size before relaxing)
 .debug_str     0x00001646       0x28 ../count_binary_bsp//libhal_bsp.a(alt_release_fd.o)
                                0x1b7 (size before relaxing)
 .debug_str     0x0000166e       0x78 ../count_binary_bsp//libhal_bsp.a(alt_tick.o)
                                0x22a (size before relaxing)
 .debug_str     0x000016e6       0x3b ../count_binary_bsp//libhal_bsp.a(altera_nios2_qsys_irq.o)
                                0x134 (size before relaxing)
 .debug_str     0x00001721       0x24 ../count_binary_bsp//libhal_bsp.a(alt_find_dev.o)
                                0x1c4 (size before relaxing)
 .debug_str     0x00001745       0x26 ../count_binary_bsp//libhal_bsp.a(alt_find_file.o)
                                0x1d2 (size before relaxing)
 .debug_str     0x0000176b       0x30 ../count_binary_bsp//libhal_bsp.a(alt_get_fd.o)
                                0x1f4 (size before relaxing)
 .debug_str     0x0000179b       0x2c ../count_binary_bsp//libhal_bsp.a(alt_icache_flush.o)
                                0x133 (size before relaxing)
 .debug_str     0x000017c7       0xee /home/patrick/altera/13.1/nios2eds/bin/gnu/H-i686-pc-linux-gnu/bin/../lib/gcc/nios2-elf/4.7.3/../../../../../H-i686-pc-linux-gnu/nios2-elf/lib/mno-hw-mul/libsmallc.a(lib_a-exit.o)
                                0x19c (size before relaxing)
 .debug_str     0x000018b5       0x45 /home/patrick/altera/13.1/nios2eds/bin/gnu/H-i686-pc-linux-gnu/bin/../lib/gcc/nios2-elf/4.7.3/../../../../../H-i686-pc-linux-gnu/nios2-elf/lib/mno-hw-mul/libsmallc.a(lib_a-memcmp.o)
                                0x18b (size before relaxing)
 .debug_str     0x000018fa       0x64 /home/patrick/altera/13.1/nios2eds/bin/gnu/H-i686-pc-linux-gnu/bin/../lib/gcc/nios2-elf/4.7.3/../../../../../H-i686-pc-linux-gnu/nios2-elf/lib/mno-hw-mul/libsmallc.a(lib_a-__call_atexit.o)
                                0x495 (size before relaxing)
 .debug_str     0x0000195e       0x2a ../count_binary_bsp//libhal_bsp.a(alt_exit.o)
                                0x129 (size before relaxing)

.debug_loc      0x00000000     0x2a7c
 *(.debug_loc)
 .debug_loc     0x00000000       0xb0 obj/default/count_binary.o
 .debug_loc     0x000000b0       0x43 /home/patrick/altera/13.1/nios2eds/bin/gnu/H-i686-pc-linux-gnu/bin/../lib/gcc/nios2-elf/4.7.3/mno-hw-mul/libgcc.a(_sf_to_df.o)
 .debug_loc     0x000000f3      0x189 /home/patrick/altera/13.1/nios2eds/bin/gnu/H-i686-pc-linux-gnu/bin/../lib/gcc/nios2-elf/4.7.3/mno-hw-mul/libgcc.a(_usi_to_sf.o)
 .debug_loc     0x0000027c       0x8f /home/patrick/altera/13.1/nios2eds/bin/gnu/H-i686-pc-linux-gnu/bin/../lib/gcc/nios2-elf/4.7.3/mno-hw-mul/libgcc.a(_make_df.o)
 .debug_loc     0x0000030b      0x19a /home/patrick/altera/13.1/nios2eds/bin/gnu/H-i686-pc-linux-gnu/bin/../lib/gcc/nios2-elf/4.7.3/mno-hw-mul/libgcc.a(_clzsi2.o)
 .debug_loc     0x000004a5      0x2c4 /home/patrick/altera/13.1/nios2eds/bin/gnu/H-i686-pc-linux-gnu/bin/../lib/gcc/nios2-elf/4.7.3/mno-hw-mul/libgcc.a(_pack_sf.o)
 .debug_loc     0x00000769      0x102 /home/patrick/altera/13.1/nios2eds/bin/gnu/H-i686-pc-linux-gnu/bin/../lib/gcc/nios2-elf/4.7.3/mno-hw-mul/libgcc.a(_unpack_sf.o)
 .debug_loc     0x0000086b      0x2ae /home/patrick/altera/13.1/nios2eds/bin/gnu/H-i686-pc-linux-gnu/bin/../lib/gcc/nios2-elf/4.7.3/mno-hw-mul/libgcc.a(_pack_df.o)
 .debug_loc     0x00000b19       0xc4 /home/patrick/altera/13.1/nios2eds/bin/gnu/H-i686-pc-linux-gnu/bin/../lib/gcc/nios2-elf/4.7.3/mno-hw-mul/libgcc.a(_lshrdi3.o)
 .debug_loc     0x00000bdd       0xc4 /home/patrick/altera/13.1/nios2eds/bin/gnu/H-i686-pc-linux-gnu/bin/../lib/gcc/nios2-elf/4.7.3/mno-hw-mul/libgcc.a(_ashldi3.o)
 .debug_loc     0x00000ca1      0x125 /home/patrick/altera/13.1/nios2eds/bin/gnu/H-i686-pc-linux-gnu/bin/../lib/gcc/nios2-elf/4.7.3/../../../../../H-i686-pc-linux-gnu/nios2-elf/lib/mno-hw-mul/libsmallc.a(lib_a-printf.o)
 .debug_loc     0x00000dc6      0xc9d /home/patrick/altera/13.1/nios2eds/bin/gnu/H-i686-pc-linux-gnu/bin/../lib/gcc/nios2-elf/4.7.3/../../../../../H-i686-pc-linux-gnu/nios2-elf/lib/mno-hw-mul/libsmallc.a(lib_a-vfprintf.o)
 .debug_loc     0x00001a63      0x19e /home/patrick/altera/13.1/nios2eds/bin/gnu/H-i686-pc-linux-gnu/bin/../lib/gcc/nios2-elf/4.7.3/../../../../../H-i686-pc-linux-gnu/nios2-elf/lib/mno-hw-mul/libsmallc.a(lib_a-fvwrite_small_dev.o)
 .debug_loc     0x00001c01       0x29 /home/patrick/altera/13.1/nios2eds/bin/gnu/H-i686-pc-linux-gnu/bin/../lib/gcc/nios2-elf/4.7.3/../../../../../H-i686-pc-linux-gnu/nios2-elf/lib/mno-hw-mul/libsmallc.a(lib_a-strlen.o)
 .debug_loc     0x00001c2a       0xde /home/patrick/altera/13.1/nios2eds/bin/gnu/H-i686-pc-linux-gnu/bin/../lib/gcc/nios2-elf/4.7.3/../../../../../H-i686-pc-linux-gnu/nios2-elf/lib/mno-hw-mul/libsmallc.a(lib_a-writer.o)
 .debug_loc     0x00001d08      0x338 /home/patrick/altera/13.1/nios2eds/bin/gnu/H-i686-pc-linux-gnu/bin/../lib/gcc/nios2-elf/4.7.3/mno-hw-mul/libgcc.a(lib2-divmod.o)
 .debug_loc     0x00002040       0x93 /home/patrick/altera/13.1/nios2eds/bin/gnu/H-i686-pc-linux-gnu/bin/../lib/gcc/nios2-elf/4.7.3/mno-hw-mul/libgcc.a(lib2-mul.o)
 .debug_loc     0x000020d3       0x58 ../count_binary_bsp//libhal_bsp.a(alt_load.o)
 .debug_loc     0x0000212b       0x2c ../count_binary_bsp//libhal_bsp.a(alt_main.o)
 .debug_loc     0x00002157       0x2c ../count_binary_bsp//libhal_bsp.a(alt_usleep.o)
 .debug_loc     0x00002183       0x58 ../count_binary_bsp//libhal_bsp.a(alt_write.o)
 .debug_loc     0x000021db       0x84 ../count_binary_bsp//libhal_bsp.a(alt_sys_init.o)
 .debug_loc     0x0000225f       0x58 ../count_binary_bsp//libhal_bsp.a(altera_avalon_jtag_uart_fd.o)