Archive member included because of file (symbol)

/home/patrick/altera/13.1/nios2eds/bin/gnu/H-i686-pc-linux-gnu/bin/../lib/gcc/nios2-elf/4.7.3/../../../../../H-i686-pc-linux-gnu/nios2-elf/lib/mno-hw-mul/libm.a(lib_a-s_sin.o)
                              obj/default/count_binary.o (sin)
/home/patrick/altera/13.1/nios2eds/bin/gnu/H-i686-pc-linux-gnu/bin/../lib/gcc/nios2-elf/4.7.3/../../../../../H-i686-pc-linux-gnu/nios2-elf/lib/mno-hw-mul/libm.a(lib_a-e_rem_pio2.o)
                              /home/patrick/altera/13.1/nios2eds/bin/gnu/H-i686-pc-linux-gnu/bin/../lib/gcc/nios2-elf/4.7.3/../../../../../H-i686-pc-linux-gnu/nios2-elf/lib/mno-hw-mul/libm.a(lib_a-s_sin.o) (__ieee754_rem_pio2)
/home/patrick/altera/13.1/nios2eds/bin/gnu/H-i686-pc-linux-gnu/bin/../lib/gcc/nios2-elf/4.7.3/../../../../../H-i686-pc-linux-gnu/nios2-elf/lib/mno-hw-mul/libm.a(lib_a-k_cos.o)
                              /home/patrick/altera/13.1/nios2eds/bin/gnu/H-i686-pc-linux-gnu/bin/../lib/gcc/nios2-elf/4.7.3/../../../../../H-i686-pc-linux-gnu/nios2-elf/lib/mno-hw-mul/libm.a(lib_a-s_sin.o) (__kernel_cos)
/home/patrick/altera/13.1/nios2eds/bin/gnu/H-i686-pc-linux-gnu/bin/../lib/gcc/nios2-elf/4.7.3/../../../../../H-i686-pc-linux-gnu/nios2-elf/lib/mno-hw-mul/libm.a(lib_a-k_rem_pio2.o)
                              /home/patrick/altera/13.1/nios2eds/bin/gnu/H-i686-pc-linux-gnu/bin/../lib/gcc/nios2-elf/4.7.3/../../../../../H-i686-pc-linux-gnu/nios2-elf/lib/mno-hw-mul/libm.a(lib_a-e_rem_pio2.o) (__kernel_rem_pio2)
/home/patrick/altera/13.1/nios2eds/bin/gnu/H-i686-pc-linux-gnu/bin/../lib/gcc/nios2-elf/4.7.3/../../../../../H-i686-pc-linux-gnu/nios2-elf/lib/mno-hw-mul/libm.a(lib_a-k_sin.o)
                              /home/patrick/altera/13.1/nios2eds/bin/gnu/H-i686-pc-linux-gnu/bin/../lib/gcc/nios2-elf/4.7.3/../../../../../H-i686-pc-linux-gnu/nios2-elf/lib/mno-hw-mul/libm.a(lib_a-s_sin.o) (__kernel_sin)
/home/patrick/altera/13.1/nios2eds/bin/gnu/H-i686-pc-linux-gnu/bin/../lib/gcc/nios2-elf/4.7.3/../../../../../H-i686-pc-linux-gnu/nios2-elf/lib/mno-hw-mul/libm.a(lib_a-s_fabs.o)
                              /home/patrick/altera/13.1/nios2eds/bin/gnu/H-i686-pc-linux-gnu/bin/../lib/gcc/nios2-elf/4.7.3/../../../../../H-i686-pc-linux-gnu/nios2-elf/lib/mno-hw-mul/libm.a(lib_a-e_rem_pio2.o) (fabs)
/home/patrick/altera/13.1/nios2eds/bin/gnu/H-i686-pc-linux-gnu/bin/../lib/gcc/nios2-elf/4.7.3/../../../../../H-i686-pc-linux-gnu/nios2-elf/lib/mno-hw-mul/libm.a(lib_a-s_floor.o)
                              /home/patrick/altera/13.1/nios2eds/bin/gnu/H-i686-pc-linux-gnu/bin/../lib/gcc/nios2-elf/4.7.3/../../../../../H-i686-pc-linux-gnu/nios2-elf/lib/mno-hw-mul/libm.a(lib_a-k_rem_pio2.o) (floor)
/home/patrick/altera/13.1/nios2eds/bin/gnu/H-i686-pc-linux-gnu/bin/../lib/gcc/nios2-elf/4.7.3/../../../../../H-i686-pc-linux-gnu/nios2-elf/lib/mno-hw-mul/libm.a(lib_a-s_scalbn.o)
                              /home/patrick/altera/13.1/nios2eds/bin/gnu/H-i686-pc-linux-gnu/bin/../lib/gcc/nios2-elf/4.7.3/../../../../../H-i686-pc-linux-gnu/nios2-elf/lib/mno-hw-mul/libm.a(lib_a-k_rem_pio2.o) (scalbn)
/home/patrick/altera/13.1/nios2eds/bin/gnu/H-i686-pc-linux-gnu/bin/../lib/gcc/nios2-elf/4.7.3/../../../../../H-i686-pc-linux-gnu/nios2-elf/lib/mno-hw-mul/libm.a(lib_a-s_copysign.o)
                              /home/patrick/altera/13.1/nios2eds/bin/gnu/H-i686-pc-linux-gnu/bin/../lib/gcc/nios2-elf/4.7.3/../../../../../H-i686-pc-linux-gnu/nios2-elf/lib/mno-hw-mul/libm.a(lib_a-s_scalbn.o) (copysign)
/home/patrick/altera/13.1/nios2eds/bin/gnu/H-i686-pc-linux-gnu/bin/../lib/gcc/nios2-elf/4.7.3/mno-hw-mul/libgcc.a(_addsub_sf.o)
                              obj/default/count_binary.o (__addsf3)
/home/patrick/altera/13.1/nios2eds/bin/gnu/H-i686-pc-linux-gnu/bin/../lib/gcc/nios2-elf/4.7.3/mno-hw-mul/libgcc.a(_mul_sf.o)
                              obj/default/count_binary.o (__mulsf3)
/home/patrick/altera/13.1/nios2eds/bin/gnu/H-i686-pc-linux-gnu/bin/../lib/gcc/nios2-elf/4.7.3/mno-hw-mul/libgcc.a(_sf_to_si.o)
                              obj/default/count_binary.o (__fixsfsi)
/home/patrick/altera/13.1/nios2eds/bin/gnu/H-i686-pc-linux-gnu/bin/../lib/gcc/nios2-elf/4.7.3/mno-hw-mul/libgcc.a(_sf_to_df.o)
                              obj/default/count_binary.o (__extendsfdf2)
/home/patrick/altera/13.1/nios2eds/bin/gnu/H-i686-pc-linux-gnu/bin/../lib/gcc/nios2-elf/4.7.3/mno-hw-mul/libgcc.a(_thenan_sf.o)
                              /home/patrick/altera/13.1/nios2eds/bin/gnu/H-i686-pc-linux-gnu/bin/../lib/gcc/nios2-elf/4.7.3/mno-hw-mul/libgcc.a(_addsub_sf.o) (__thenan_sf)
/home/patrick/altera/13.1/nios2eds/bin/gnu/H-i686-pc-linux-gnu/bin/../lib/gcc/nios2-elf/4.7.3/mno-hw-mul/libgcc.a(_usi_to_sf.o)
                              obj/default/count_binary.o (__floatunsisf)
/home/patrick/altera/13.1/nios2eds/bin/gnu/H-i686-pc-linux-gnu/bin/../lib/gcc/nios2-elf/4.7.3/mno-hw-mul/libgcc.a(_addsub_df.o)
[...]
Memory Configuration

Name             Origin             Length             Attributes
reset            0x00800000         0x00000020
new_sdram_controller_0 0x00800020         0x007fffe0
onchip_mem       0x01010000         0x00005000
*default*        0x00000000         0xffffffff

Linker script and memory map

LOAD ../count_binary_bsp//obj/HAL/src/crt0.o
LOAD obj/default/count_binary.o
LOAD /home/patrick/altera/13.1/nios2eds/bin/gnu/H-i686-pc-linux-gnu/bin/../lib/gcc/nios2-elf/4.7.3/../../../../../H-i686-pc-linux-gnu/nios2-elf/lib/mno-hw-mul/libstdc++.a
LOAD /home/patrick/altera/13.1/nios2eds/bin/gnu/H-i686-pc-linux-gnu/bin/../lib/gcc/nios2-elf/4.7.3/../../../../../H-i686-pc-linux-gnu/nios2-elf/lib/mno-hw-mul/libm.a
LOAD /home/patrick/altera/13.1/nios2eds/bin/gnu/H-i686-pc-linux-gnu/bin/../lib/gcc/nios2-elf/4.7.3/mno-hw-mul/libgcc.a
START GROUP
LOAD /home/patrick/altera/13.1/nios2eds/bin/gnu/H-i686-pc-linux-gnu/bin/../lib/gcc/nios2-elf/4.7.3/../../../../../H-i686-pc-linux-gnu/nios2-elf/lib/mno-hw-mul/libsmallc.a
LOAD /home/patrick/altera/13.1/nios2eds/bin/gnu/H-i686-pc-linux-gnu/bin/../lib/gcc/nios2-elf/4.7.3/mno-hw-mul/libgcc.a
LOAD ../count_binary_bsp//libhal_bsp.a
END GROUP
LOAD /home/patrick/altera/13.1/nios2eds/bin/gnu/H-i686-pc-linux-gnu/bin/../lib/gcc/nios2-elf/4.7.3/mno-hw-mul/libgcc.a
                0x00800000                __alt_mem_new_sdram_controller_0 = 0x800000
                0x01010000                __alt_mem_onchip_mem = 0x1010000

.entry          0x00800000       0x20
 *(.entry)
 .entry         0x00800000       0x20 ../count_binary_bsp//obj/HAL/src/crt0.o
                0x00800000                __reset

.exceptions     0x00800020      0x198
                0x00800020                PROVIDE (__ram_exceptions_start, ABSOLUTE (.))
                0x00800020                . = ALIGN (0x20)
 *(.irq)
 *(.exceptions.entry.label)
 .exceptions.entry.label
                0x00800020        0x0 ../count_binary_bsp//libhal_bsp.a(alt_irq_entry.o)
                0x00800020                alt_irq_entry
 .exceptions.entry.label
                0x00800020        0x0 ../count_binary_bsp//libhal_bsp.a(alt_exception_entry.o)
                0x00800020                alt_exception
 *(.exceptions.entry.user)
 *(.exceptions.entry.ecc_fatal)
 *(.exceptions.entry)
 .exceptions.entry
                0x00800020       0x54 ../count_binary_bsp//libhal_bsp.a(alt_exception_entry.o)
 *(.exceptions.irqtest.user)
 *(.exceptions.irqtest)
 .exceptions.irqtest
                0x00800074       0x10 ../count_binary_bsp//libhal_bsp.a(alt_irq_entry.o)
 *(.exceptions.irqhandler.user)
 *(.exceptions.irqhandler)
 .exceptions.irqhandler
                0x00800084        0x4 ../count_binary_bsp//libhal_bsp.a(alt_irq_entry.o)
 *(.exceptions.irqreturn.user)
 *(.exceptions.irqreturn)
 .exceptions.irqreturn
                0x00800088        0x4 ../count_binary_bsp//libhal_bsp.a(alt_irq_entry.o)
 *(.exceptions.notirq.label)
 .exceptions.notirq.label
                0x0080008c        0x0 ../count_binary_bsp//libhal_bsp.a(alt_irq_entry.o)
 *(.exceptions.notirq.user)
 *(.exceptions.notirq)
 .exceptions.notirq
                0x0080008c        0x8 ../count_binary_bsp//libhal_bsp.a(alt_exception_entry.o)
 *(.exceptions.soft.user)
 *(.exceptions.soft)
 *(.exceptions.unknown.user)
 *(.exceptions.unknown)
 .exceptions.unknown
                0x00800094        0x4 ../count_binary_bsp//libhal_bsp.a(alt_exception_entry.o)
 *(.exceptions.exit.label)
 .exceptions.exit.label
                0x00800098        0x0 ../count_binary_bsp//libhal_bsp.a(alt_irq_entry.o)
 .exceptions.exit.label
                0x00800098        0x0 ../count_binary_bsp//libhal_bsp.a(alt_exception_entry.o)
 *(.exceptions.exit.user)
 *(.exceptions.exit)
 .exceptions.exit
                0x00800098       0x54 ../count_binary_bsp//libhal_bsp.a(alt_exception_entry.o)
 *(.exceptions)
 .exceptions    0x008000ec       0xcc ../count_binary_bsp//libhal_bsp.a(alt_irq_handler.o)
                0x008000ec                alt_irq_handler
                0x008001b8                PROVIDE (__ram_exceptions_end, ABSOLUTE (.))
                0x00800020                PROVIDE (__flash_exceptions_start, LOADADDR (.exceptions))

.text           0x008001b8     0x67a4
                0x008001b8                PROVIDE (stext, ABSOLUTE (.))
 *(.interp)
 *(.hash)
 *(.dynsym)
 *(.dynstr)
 *(.gnu.version)
 *(.gnu.version_d)
 *(.gnu.version_r)
 *(.rel.init)
 *(.rela.init)
 *(.rel.text .rel.text.* .rel.gnu.linkonce.t.*)
 *(.rela.text .rela.text.* .rela.gnu.linkonce.t.*)
 *(.rel.fini)
 *(.rela.fini)
 *(.rel.rodata .rel.rodata.* .rel.gnu.linkonce.r.*)
 *(.rela.rodata .rela.rodata.* .rela.gnu.linkonce.r.*)
 *(.rel.data .rel.data.* .rel.gnu.linkonce.d.*)
 *(.rela.data .rela.data.* .rela.gnu.linkonce.d.*)
 *(.rel.tdata .rel.tdata.* .rel.gnu.linkonce.td.*)
 *(.rela.tdata .rela.tdata.* .rela.gnu.linkonce.td.*)
 *(.rel.tbss .rel.tbss.* .rel.gnu.linkonce.tb.*)
 *(.rela.tbss .rela.tbss.* .rela.gnu.linkonce.tb.*)
 *(.rel.ctors)
 *(.rela.ctors)
 *(.rel.dtors)
 *(.rela.dtors)
 *(.rel.got)
 *(.rela.got)
 *(.rel.sdata .rel.sdata.* .rel.gnu.linkonce.s.*)
 *(.rela.sdata .rela.sdata.* .rela.gnu.linkonce.s.*)
 *(.rel.sbss .rel.sbss.* .rel.gnu.linkonce.sb.*)
 *(.rela.sbss .rela.sbss.* .rela.gnu.linkonce.sb.*)
 *(.rel.sdata2 .rel.sdata2.* .rel.gnu.linkonce.s2.*)
 *(.rela.sdata2 .rela.sdata2.* .rela.gnu.linkonce.s2.*)
 *(.rel.sbss2 .rel.sbss2.* .rel.gnu.linkonce.sb2.*)
 *(.rela.sbss2 .rela.sbss2.* .rela.gnu.linkonce.sb2.*)
 *(.rel.bss .rel.bss.* .rel.gnu.linkonce.b.*)
 *(.rela.bss .rela.bss.* .rela.gnu.linkonce.b.*)
 *(.rel.plt)
 *(.rela.plt)
 *(.rel.dyn)
 *(.init)
 *(.plt)
 *(.text .stub .text.* .gnu.linkonce.t.*)
 .text          0x008001b8       0x3c ../count_binary_bsp//obj/HAL/src/crt0.o
                0x008001b8                _start
 .text          0x008001f4      0x750 obj/default/count_binary.o
                0x00800278                fft
                0x008008cc                main
 .text          0x00800944       0xf0 /home/patrick/altera/13.1/nios2eds/bin/gnu/H-i686-pc-linux-gnu/bin/../lib/gcc/nios2-elf/4.7.3/../../../../../H-i686-pc-linux-gnu/nios2-elf/lib/mno-hw-mul/libm.a(lib_a-s_sin.o)
                0x00800944                sin
 .text          0x00800a34      0x7b8 /home/patrick/altera/13.1/nios2eds/bin/gnu/H-i686-pc-linux-gnu/bin/../lib/gcc/nios2-elf/4.7.3/../../../../../H-i686-pc-linux-gnu/nios2-elf/lib/mno-hw-mul/libm.a(lib_a-e_rem_pio2.o)
                0x00800a34                __ieee754_rem_pio2
 .text          0x008011ec      0x4a4 /home/patrick/altera/13.1/nios2eds/bin/gnu/H-i686-pc-linux-gnu/bin/../lib/gcc/nios2-elf/4.7.3/../../../../../H-i686-pc-linux-gnu/nios2-elf/lib/mno-hw-mul/libm.a(lib_a-k_cos.o)
                0x008011ec                __kernel_cos
 .text          0x00801690      0xdb0 /home/patrick/altera/13.1/nios2eds/bin/gnu/H-i686-pc-linux-gnu/bin/../lib/gcc/nios2-elf/4.7.3/../../../../../H-i686-pc-linux-gnu/nios2-elf/lib/mno-hw-mul/libm.a(lib_a-k_rem_pio2.o)
                0x00801690                __kernel_rem_pio2
 .text          0x00802440      0x2d4 /home/patrick/altera/13.1/nios2eds/bin/gnu/H-i686-pc-linux-gnu/bin/../lib/gcc/nios2-elf/4.7.3/../../../../../H-i686-pc-linux-gnu/nios2-elf/lib/mno-hw-mul/libm.a(lib_a-k_sin.o)
                0x00802440                __kernel_sin
 .text          0x00802714       0x14 /home/patrick/altera/13.1/nios2eds/bin/gnu/H-i686-pc-linux-gnu/bin/../lib/gcc/nios2-elf/4.7.3/../../../../../H-i686-pc-linux-gnu/nios2-elf/lib/mno-hw-mul/libm.a(lib_a-s_fabs.o)
                0x00802714                fabs
 .text          0x00802728      0x1f0 /home/patrick/altera/13.1/nios2eds/bin/gnu/H-i686-pc-linux-gnu/bin/../lib/gcc/nios2-elf/4.7.3/../../../../../H-i686-pc-linux-gnu/nios2-elf/lib/mno-hw-mul/libm.a(lib_a-s_floor.o)
                0x00802728                floor
 .text          0x00802918      0x194 /home/patrick/altera/13.1/nios2eds/bin/gnu/H-i686-pc-linux-gnu/bin/../lib/gcc/nios2-elf/4.7.3/../../../../../H-i686-pc-linux-gnu/nios2-elf/lib/mno-hw-mul/libm.a(lib_a-s_scalbn.o)
                0x00802918                scalbn
 .text          0x00802aac       0x1c /home/patrick/altera/13.1/nios2eds/bin/gnu/H-i686-pc-linux-gnu/bin/../lib/gcc/nios2-elf/4.7.3/../../../../../H-i686-pc-linux-gnu/nios2-elf/lib/mno-hw-mul/libm.a(lib_a-s_copysign.o)
                0x00802aac                copysign
 .text          0x00802ac8      0x298 /home/patrick/altera/13.1/nios2eds/bin/gnu/H-i686-pc-linux-gnu/bin/../lib/gcc/nios2-elf/4.7.3/mno-hw-mul/libgcc.a(_addsub_sf.o)
                0x00802cbc                __addsf3
                0x00802d08                __subsf3
 .text          0x00802d60      0x190 /home/patrick/altera/13.1/nios2eds/bin/gnu/H-i686-pc-linux-gnu/bin/../lib/gcc/nios2-elf/4.7.3/mno-hw-mul/libgcc.a(_mul_sf.o)
                0x00802d60                __mulsf3
 .text          0x00802ef0       0xa4 /home/patrick/altera/13.1/nios2eds/bin/gnu/H-i686-pc-linux-gnu/bin/../lib/gcc/nios2-elf/4.7.3/mno-hw-mul/libgcc.a(_sf_to_si.o)
                0x00802ef0                __fixsfsi
 .text          0x00802f94       0x44 /home/patrick/altera/13.1/nios2eds/bin/gnu/H-i686-pc-linux-gnu/bin/../lib/gcc/nios2-elf/4.7.3/mno-hw-mul/libgcc.a(_sf_to_df.o)
                0x00802f94                __extendsfdf2
 .text          0x00802fd8        0x0 /home/patrick/altera/13.1/nios2eds/bin/gnu/H-i686-pc-linux-gnu/bin/../lib/gcc/nios2-elf/4.7.3/mno-hw-mul/libgcc.a(_thenan_sf.o)
 .text          0x00802fd8       0xd4 /home/patrick/altera/13.1/nios2eds/bin/gnu/H-i686-pc-linux-gnu/bin/../lib/gcc/nios2-elf/4.7.3/mno-hw-mul/libgcc.a(_usi_to_sf.o)
                0x00802fd8                __floatunsisf
 .text          0x008030ac      0x408 /home/patrick/altera/13.1/nios2eds/bin/gnu/H-i686-pc-linux-gnu/bin/../lib/gcc/nios2-elf/4.7.3/mno-hw-mul/libgcc.a(_addsub_df.o)
                0x00803400                __adddf3
                0x00803454                __subdf3
 .text          0x008034b4      0x2e4 /home/patrick/altera/13.1/nios2eds/bin/gnu/H-i686-pc-linux-gnu/bin/../lib/gcc/nios2-elf/4.7.3/mno-hw-mul/libgcc.a(_mul_df.o)
                0x008034b4                __muldf3
 .text          0x00803798      0x1b4 /home/patrick/altera/13.1/nios2eds/bin/gnu/H-i686-pc-linux-gnu/bin/../lib/gcc/nios2-elf/4.7.3/mno-hw-mul/libgcc.a(_div_df.o)
                0x00803798                __divdf3
 .text          0x0080394c       0x5c /home/patrick/altera/13.1/nios2eds/bin/gnu/H-i686-pc-linux-gnu/bin/../lib/gcc/nios2-elf/4.7.3/mno-hw-mul/libgcc.a(_eq_df.o)
                0x0080394c                __eqdf2
 .text          0x008039a8       0x64 /home/patrick/altera/13.1/nios2eds/bin/gnu/H-i686-pc-linux-gnu/bin/../lib/gcc/nios2-elf/4.7.3/mno-hw-mul/libgcc.a(_gt_df.o)
                0x008039a8                __gtdf2
 .text          0x00803a0c       0x64 /home/patrick/altera/13.1/nios2eds/bin/gnu/H-i686-pc-linux-gnu/bin/../lib/gcc/nios2-elf/4.7.3/mno-hw-mul/libgcc.a(_ge_df.o)
                0x00803a0c                __gedf2
 .text          0x00803a70       0xd4 /home/patrick/altera/13.1/nios2eds/bin/gnu/H-i686-pc-linux-gnu/bin/../lib/gcc/nios2-elf/4.7.3/mno-hw-mul/libgcc.a(_si_to_df.o)
                0x00803a70                __floatsidf
 .text          0x00803b44       0xd4 /home/patrick/altera/13.1/nios2eds/bin/gnu/H-i686-pc-linux-gnu/bin/../lib/gcc/nios2-elf/4.7.3/mno-hw-mul/libgcc.a(_df_to_si.o)
                0x00803b44                __fixdfsi
 .text          0x00803c18       0x38 /home/patrick/altera/13.1/nios2eds/bin/gnu/H-i686-pc-linux-gnu/bin/../lib/gcc/nios2-elf/4.7.3/mno-hw-mul/libgcc.a(_make_df.o)
                0x00803c18                __make_dp
 .text          0x00803c50       0x60 /home/patrick/altera/13.1/nios2eds/bin/gnu/H-i686-pc-linux-gnu/bin/../lib/gcc/nios2-elf/4.7.3/mno-hw-mul/libgcc.a(_df_to_sf.o)
                0x00803c50                __truncdfsf2
 .text          0x00803cb0        0x0 /home/patrick/altera/13.1/nios2eds/bin/gnu/H-i686-pc-linux-gnu/bin/../lib/gcc/nios2-elf/4.7.3/mno-hw-mul/libgcc.a(_thenan_df.o)
 .text          0x00803cb0      0x130 /home/patrick/altera/13.1/nios2eds/bin/gnu/H-i686-pc-linux-gnu/bin/../lib/gcc/nios2-elf/4.7.3/mno-hw-mul/libgcc.a(lib2-divmod.o)
                0x00803d24                __divsi3
                0x00803d74                __modsi3
                0x00803dd0                __udivsi3
                0x00803dd8                __umodsi3
 .text          0x00803de0       0x28 /home/patrick/altera/13.1/nios2eds/bin/gnu/H-i686-pc-linux-gnu/bin/../lib/gcc/nios2-elf/4.7.3/mno-hw-mul/libgcc.a(lib2-mul.o)
                0x00803de0                __mulsi3
 .text          0x00803e08      0x110 /home/patrick/altera/13.1/nios2eds/bin/gnu/H-i686-pc-linux-gnu/bin/../lib/gcc/nios2-elf/4.7.3/mno-hw-mul/libgcc.a(_muldi3.o)
                0x00803e08                __muldi3
 .text          0x00803f18       0xac /home/patrick/altera/13.1/nios2eds/bin/gnu/H-i686-pc-linux-gnu/bin/../lib/gcc/nios2-elf/4.7.3/mno-hw-mul/libgcc.a(_clzsi2.o)
                0x00803f18                __clzsi2
 .text          0x00803fc4      0x12c /home/patrick/altera/13.1/nios2eds/bin/gnu/H-i686-pc-linux-gnu/bin/../lib/gcc/nios2-elf/4.7.3/mno-hw-mul/libgcc.a(_pack_sf.o)
                0x00803fc4                __pack_f
 .text          0x008040f0       0xc8 /home/patrick/altera/13.1/nios2eds/bin/gnu/H-i686-pc-linux-gnu/bin/../lib/gcc/nios2-elf/4.7.3/mno-hw-mul/libgcc.a(_unpack_sf.o)
                0x008040f0                __unpack_f
 .text          0x008041b8       0x2c /home/patrick/altera/13.1/nios2eds/bin/gnu/H-i686-pc-linux-gnu/bin/../lib/gcc/nios2-elf/4.7.3/mno-hw-mul/libgcc.a(_make_sf.o)
                0x008041b8                __make_fp
 .text          0x008041e4      0x224 /home/patrick/altera/13.1/nios2eds/bin/gnu/H-i686-pc-linux-gnu/bin/../lib/gcc/nios2-elf/4.7.3/mno-hw-mul/libgcc.a(_pack_df.o)
                0x008041e4                __pack_d
 .text          0x00804408      0x104 /home/patrick/altera/13.1/nios2eds/bin/gnu/H-i686-pc-linux-gnu/bin/../lib/gcc/nios2-elf/4.7.3/mno-hw-mul/libgcc.a(_unpack_df.o)
                0x00804408                __unpack_d
 .text          0x0080450c       0xd0 /home/patrick/altera/13.1/nios2eds/bin/gnu/H-i686-pc-linux-gnu/bin/../lib/gcc/nios2-elf/4.7.3/mno-hw-mul/libgcc.a(_fpcmp_parts_df.o)
                0x0080450c                __fpcmp_parts_d
 .text          0x008045dc       0x44 /home/patrick/altera/13.1/nios2eds/bin/gnu/H-i686-pc-linux-gnu/bin/../lib/gcc/nios2-elf/4.7.3/mno-hw-mul/libgcc.a(_lshrdi3.o)
                0x008045dc                __lshrdi3
 .text          0x00804620       0x44 /home/patrick/altera/13.1/nios2eds/bin/gnu/H-i686-pc-linux-gnu/bin/../lib/gcc/nios2-elf/4.7.3/mno-hw-mul/libgcc.a(_ashldi3.o)
                0x00804620                __ashldi3
 .text          0x00804664        0x0 /home/patrick/altera/13.1/nios2eds/bin/gnu/H-i686-pc-linux-gnu/bin/../lib/gcc/nios2-elf/4.7.3/mno-hw-mul/libgcc.a(_clz.o)
 .text          0x00804664       0x88 /home/patrick/altera/13.1/nios2eds/bin/gnu/H-i686-pc-linux-gnu/bin/../lib/gcc/nios2-elf/4.7.3/../../../../../H-i686-pc-linux-gnu/nios2-elf/lib/mno-hw-mul/libsmallc.a(lib_a-printf.o)
                0x00804664                _printf_r
                0x008046a0                printf
 .text          0x008046ec       0x94 /home/patrick/altera/13.1/nios2eds/bin/gnu/H-i686-pc-linux-gnu/bin/../lib/gcc/nios2-elf/4.7.3/../../../../../H-i686-pc-linux-gnu/nios2-elf/lib/mno-hw-mul/libsmallc.a(lib_a-puts.o)
                0x008046ec                _puts_r
                0x0080476c                puts
 .text          0x00804780       0x28 /home/patrick/altera/13.1/nios2eds/bin/gnu/H-i686-pc-linux-gnu/bin/../lib/gcc/nios2-elf/4.7.3/../../../../../H-i686-pc-linux-gnu/nios2-elf/lib/mno-hw-mul/libsmallc.a(lib_a-strlen.o)
                0x00804780                strlen
 .text          0x008047a8      0x758 /home/patrick/altera/13.1/nios2eds/bin/gnu/H-i686-pc-linux-gnu/bin/../lib/gcc/nios2-elf/4.7.3/../../../../../H-i686-pc-linux-gnu/nios2-elf/lib/mno-hw-mul/libsmallc.a(lib_a-vfprintf.o)
                0x008047a8                ___vfprintf_internal_r
                0x00804edc                __vfprintf_internal
 .text          0x00804f00       0xe0 /home/patrick/altera/13.1/nios2eds/bin/gnu/H-i686-pc-linux-gnu/bin/../lib/gcc/nios2-elf/4.7.3/../../../../../H-i686-pc-linux-gnu/nios2-elf/lib/mno-hw-mul/libsmallc.a(lib_a-fvwrite_small_dev.o)
                0x00804f00                __sfvwrite_small_dev
 .text          0x00804fe0        0x0 /home/patrick/altera/13.1/nios2eds/bin/gnu/H-i686-pc-linux-gnu/bin/../lib/gcc/nios2-elf/4.7.3/../../../../../H-i686-pc-linux-gnu/nios2-elf/lib/mno-hw-mul/libsmallc.a(lib_a-impure.o)
 .text          0x00804fe0       0x6c /home/patrick/altera/13.1/nios2eds/bin/gnu/H-i686-pc-linux-gnu/bin/../lib/gcc/nios2-elf/4.7.3/../../../../../H-i686-pc-linux-gnu/nios2-elf/lib/mno-hw-mul/libsmallc.a(lib_a-writer.o)
                0x00804fe0                _write_r
 .text          0x0080504c        0x0 /home/patrick/altera/13.1/nios2eds/bin/gnu/H-i686-pc-linux-gnu/bin/../lib/gcc/nios2-elf/4.7.3/../../../../../H-i686-pc-linux-gnu/nios2-elf/lib/mno-hw-mul/libsmallc.a(lib_a-int_errno.o)
 .text          0x0080504c       0xec ../count_binary_bsp//libhal_bsp.a(alt_load.o)
                0x008050b8                alt_load
 .text          0x00805138       0x68 ../count_binary_bsp//libhal_bsp.a(alt_main.o)
                0x00805138                alt_main
 .text          0x008051a0       0x30 ../count_binary_bsp//libhal_bsp.a(alt_usleep.o)
                0x008051a0                usleep
 .text          0x008051d0      0x140 ../count_binary_bsp//libhal_bsp.a(alt_write.o)
                0x00805220                write
 .text          0x00805310       0xb8 ../count_binary_bsp//libhal_bsp.a(alt_sys_init.o)
                0x00805348                alt_irq_init
                0x0080537c                alt_sys_init
 .text          0x008053c8       0xc0 ../count_binary_bsp//libhal_bsp.a(altera_avalon_jtag_uart_fd.o)
                0x008053c8                altera_avalon_jtag_uart_read_fd
                0x00805428                altera_avalon_jtag_uart_write_fd
 .text          0x00805488       0xf4 ../count_binary_bsp//libhal_bsp.a(altera_avalon_jtag_uart_read.o)
                0x00805488                altera_avalon_jtag_uart_read
 .text          0x0080557c       0x98 ../count_binary_bsp//libhal_bsp.a(altera_avalon_jtag_uart_write.o)
                0x0080557c                altera_avalon_jtag_uart_write
 .text          0x00805614       0xfc ../count_binary_bsp//libhal_bsp.a(altera_avalon_timer_sc.o)
                0x00805688                alt_avalon_timer_sc_init
 .text          0x00805710      0x154 ../count_binary_bsp//libhal_bsp.a(alt_busy_sleep.o)
                0x00805710                alt_busy_sleep
 .text          0x00805864      0x11c ../count_binary_bsp//libhal_bsp.a(alt_close.o)
                0x008058b4                close
 .text          0x00805980       0x1c ../count_binary_bsp//libhal_bsp.a(alt_dcache_flush_all.o)
                0x00805980                alt_dcache_flush_all
 .text          0x0080599c       0x2c ../count_binary_bsp//libhal_bsp.a(alt_dev.o)
 .text          0x008059c8       0xf0 ../count_binary_bsp//libhal_bsp.a(alt_dev_llist_insert.o)
                0x00805a18                alt_dev_llist_insert
 .text          0x00805ab8        0x0 ../count_binary_bsp//libhal_bsp.a(alt_errno.o)
 .text          0x00805ab8       0x30 ../count_binary_bsp//libhal_bsp.a(alt_icache_flush_all.o)
                0x00805ab8                alt_icache_flush_all
 .text          0x00805ae8      0x1d8 ../count_binary_bsp//libhal_bsp.a(alt_iic.o)
                0x00805ae8                alt_ic_isr_register
                0x00805b38                alt_ic_irq_enable
                0x00805bd4                alt_ic_irq_disable
                0x00805c74                alt_ic_irq_enabled
 .text          0x00805cc0       0xf0 ../count_binary_bsp//libhal_bsp.a(alt_iic_isr_register.o)
                0x00805cc0                alt_iic_isr_register
 .text          0x00805db0      0x158 ../count_binary_bsp//libhal_bsp.a(alt_io_redirect.o)
                0x00805e90                alt_io_redirect
 .text          0x00805f08        0x0 ../count_binary_bsp//libhal_bsp.a(alt_irq_entry.o)
 .text          0x00805f08        0x0 ../count_binary_bsp//libhal_bsp.a(alt_irq_handler.o)
 .text          0x00805f08        0x0 ../count_binary_bsp//libhal_bsp.a(alt_irq_vars.o)
 .text          0x00805f08      0x298 ../count_binary_bsp//libhal_bsp.a(alt_open.o)
                0x00806048                open
 .text          0x008061a0       0x80 ../count_binary_bsp//libhal_bsp.a(alt_release_fd.o)
                0x008061a0                alt_release_fd
 .text          0x00806220      0x19c ../count_binary_bsp//libhal_bsp.a(alt_tick.o)
                0x00806220                alt_alarm_stop
                0x008062b8                alt_tick
 .text          0x008063bc       0x20 ../count_binary_bsp//libhal_bsp.a(altera_nios2_qsys_irq.o)
                0x008063bc                altera_nios2_qsys_irq_init
 .text          0x008063dc        0x0 ../count_binary_bsp//libhal_bsp.a(alt_exception_entry.o)
 .text          0x008063dc       0x90 ../count_binary_bsp//libhal_bsp.a(alt_find_dev.o)
                0x008063dc                alt_find_dev
 .text          0x0080646c      0x114 ../count_binary_bsp//libhal_bsp.a(alt_find_file.o)
                0x0080646c                alt_find_file
 .text          0x00806580       0xd4 ../count_binary_bsp//libhal_bsp.a(alt_get_fd.o)
                0x00806580                alt_get_fd
 .text          0x00806654       0x8c ../count_binary_bsp//libhal_bsp.a(alt_icache_flush.o)
                0x00806654                alt_icache_flush
 .text          0x008066e0       0x20 /home/patrick/altera/13.1/nios2eds/bin/gnu/H-i686-pc-linux-gnu/bin/../lib/gcc/nios2-elf/4.7.3/../../../../../H-i686-pc-linux-gnu/nios2-elf/lib/mno-hw-mul/libsmallc.a(lib_a-exit.o)
                0x008066e0                exit
 .text          0x00806700       0x48 /home/patrick/altera/13.1/nios2eds/bin/gnu/H-i686-pc-linux-gnu/bin/../lib/gcc/nios2-elf/4.7.3/../../../../../H-i686-pc-linux-gnu/nios2-elf/lib/mno-hw-mul/libsmallc.a(lib_a-memcmp.o)
                0x00806700                memcmp
 .text          0x00806748      0x1d8 /home/patrick/altera/13.1/nios2eds/bin/gnu/H-i686-pc-linux-gnu/bin/../lib/gcc/nios2-elf/4.7.3/../../../../../H-i686-pc-linux-gnu/nios2-elf/lib/mno-hw-mul/libsmallc.a(lib_a-__call_atexit.o)
                0x00806748                __call_exitprocs
 .text          0x00806920       0x3c ../count_binary_bsp//libhal_bsp.a(alt_exit.o)
                0x00806920                _exit
 *(.gnu.warning.*)
 *(.fini)
                0x0080695c                PROVIDE (__etext, ABSOLUTE (.))
                0x0080695c                PROVIDE (_etext, ABSOLUTE (.))
                0x0080695c                PROVIDE (etext, ABSOLUTE (.))
 *(.eh_frame_hdr)
                0x0080695c                . = ALIGN (0x4)
                0x0080695c                PROVIDE (__preinit_array_start, ABSOLUTE (.))
 *(.preinit_array)
                0x0080695c                PROVIDE (__preinit_array_end, ABSOLUTE (.))
                0x0080695c                PROVIDE (__init_array_start, ABSOLUTE (.))
 *(.init_array)
                0x0080695c                PROVIDE (__init_array_end, ABSOLUTE (.))
                0x0080695c                PROVIDE (__fini_array_start, ABSOLUTE (.))
 *(.fini_array)
                0x0080695c                PROVIDE (__fini_array_end, ABSOLUTE (.))
 *(.eh_frame)
 *(.gcc_except_table .gcc_except_table.*)
 *(.dynamic)
                0x0080695c                PROVIDE (__CTOR_LIST__, ABSOLUTE (.))
 *(.ctors)
 *(SORT(.ctors.*))
                0x0080695c                PROVIDE (__CTOR_END__, ABSOLUTE (.))
                0x0080695c                PROVIDE (__DTOR_LIST__, ABSOLUTE (.))
 *(.dtors)
 *(SORT(.dtors.*))
                0x0080695c                PROVIDE (__DTOR_END__, ABSOLUTE (.))
 *(.jcr)
                0x0080695c                . = ALIGN (0x4)

.rodata         0x0080695c      0x374
                0x0080695c                PROVIDE (__ram_rodata_start, ABSOLUTE (.))
                0x0080695c                . = ALIGN (0x4)
 *(.rodata .rodata.* .gnu.linkonce.r.*)
 .rodata        0x0080695c       0x48 obj/default/count_binary.o
 .rodata        0x008069a4      0x188 /home/patrick/altera/13.1/nios2eds/bin/gnu/H-i686-pc-linux-gnu/bin/../lib/gcc/nios2-elf/4.7.3/../../../../../H-i686-pc-linux-gnu/nios2-elf/lib/mno-hw-mul/libm.a(lib_a-e_rem_pio2.o)
 .rodata        0x00806b2c       0x50 /home/patrick/altera/13.1/nios2eds/bin/gnu/H-i686-pc-linux-gnu/bin/../lib/gcc/nios2-elf/4.7.3/../../../../../H-i686-pc-linux-gnu/nios2-elf/lib/mno-hw-mul/libm.a(lib_a-k_rem_pio2.o)
 .rodata        0x00806b7c       0x10 /home/patrick/altera/13.1/nios2eds/bin/gnu/H-i686-pc-linux-gnu/bin/../lib/gcc/nios2-elf/4.7.3/mno-hw-mul/libgcc.a(_thenan_sf.o)
                0x00806b7c                __thenan_sf
 .rodata        0x00806b8c       0x14 /home/patrick/altera/13.1/nios2eds/bin/gnu/H-i686-pc-linux-gnu/bin/../lib/gcc/nios2-elf/4.7.3/mno-hw-mul/libgcc.a(_thenan_df.o)
                0x00806b8c                __thenan_df
 .rodata        0x00806ba0      0x100 /home/patrick/altera/13.1/nios2eds/bin/gnu/H-i686-pc-linux-gnu/bin/../lib/gcc/nios2-elf/4.7.3/mno-hw-mul/libgcc.a(_clz.o)
                0x00806ba0                __clz_tab
 .rodata.str1.4
                0x00806ca0        0x4 /home/patrick/altera/13.1/nios2eds/bin/gnu/H-i686-pc-linux-gnu/bin/../lib/gcc/nios2-elf/4.7.3/../../../../../H-i686-pc-linux-gnu/nios2-elf/lib/mno-hw-mul/libsmallc.a(lib_a-puts.o)
 .rodata        0x00806ca4       0x10 ../count_binary_bsp//libhal_bsp.a(alt_main.o)
 .rodata        0x00806cb4       0x10 ../count_binary_bsp//libhal_bsp.a(alt_sys_init.o)
 .rodata        0x00806cc4        0xc ../count_binary_bsp//libhal_bsp.a(alt_dev.o)
 *(.rodata1)
                0x00806cd0                . = ALIGN (0x4)
                0x00806cd0                PROVIDE (__ram_rodata_end, ABSOLUTE (.))
                0x0080695c                PROVIDE (__flash_rodata_start, LOADADDR (.rodata))

.rwdata         0x00806cd0      0x2e0 load address 0x00806fb0
                0x00806cd0                PROVIDE (__ram_rwdata_start, ABSOLUTE (.))
                0x00806cd0                . = ALIGN (0x4)
 *(.got.plt)
 *(.got)
 *(.data1)
 *(.data .data.* .gnu.linkonce.d.*)
 .data          0x00806cd0        0x0 ../count_binary_bsp//obj/HAL/src/crt0.o
 .data          0x00806cd0        0x0 obj/default/count_binary.o
 .data          0x00806cd0        0x0 /home/patrick/altera/13.1/nios2eds/bin/gnu/H-i686-pc-linux-gnu/bin/../lib/gcc/nios2-elf/4.7.3/../../../../../H-i686-pc-linux-gnu/nios2-elf/lib/mno-hw-mul/libm.a(lib_a-s_sin.o)
 .data          0x00806cd0        0x0 /home/patrick/altera/13.1/nios2eds/bin/gnu/H-i686-pc-linux-gnu/bin/../lib/gcc/nios2-elf/4.7.3/../../../../../H-i686-pc-linux-gnu/nios2-elf/lib/mno-hw-mul/libm.a(lib_a-e_rem_pio2.o)
 .data          0x00806cd0        0x0 /home/patrick/altera/13.1/nios2eds/bin/gnu/H-i686-pc-linux-gnu/bin/../lib/gcc/nios2-elf/4.7.3/../../../../../H-i686-pc-linux-gnu/nios2-elf/lib/mno-hw-mul/libm.a(lib_a-k_cos.o)
 .data          0x00806cd0        0x0 /home/patrick/altera/13.1/nios2eds/bin/gnu/H-i686-pc-linux-gnu/bin/../lib/gcc/nios2-elf/4.7.3/../../../../../H-i686-pc-linux-gnu/nios2-elf/lib/mno-hw-mul/libm.a(lib_a-k_rem_pio2.o)
 .data          0x00806cd0        0x0 /home/patrick/altera/13.1/nios2eds/bin/gnu/H-i686-pc-linux-gnu/bin/../lib/gcc/nios2-elf/4.7.3/../../../../../H-i686-pc-linux-gnu/nios2-elf/lib/mno-hw-mul/libm.a(lib_a-k_sin.o)
 .data          0x00806cd0        0x0 /home/patrick/altera/13.1/nios2eds/bin/gnu/H-i686-pc-linux-gnu/bin/../lib/gcc/nios2-elf/4.7.3/../../../../../H-i686-pc-linux-gnu/nios2-elf/lib/mno-hw-mul/libm.a(lib_a-s_fabs.o)
 .data          0x00806cd0        0x0 /home/patrick/altera/13.1/nios2eds/bin/gnu/H-i686-pc-linux-gnu/bin/../lib/gcc/nios2-elf/4.7.3/../../../../../H-i686-pc-linux-gnu/nios2-elf/lib/mno-hw-mul/libm.a(lib_a-s_floor.o)
 .data          0x00806cd0        0x0 /home/patrick/altera/13.1/nios2eds/bin/gnu/H-i686-pc-linux-gnu/bin/../lib/gcc/nios2-elf/4.7.3/../../../../../H-i686-pc-linux-gnu/nios2-elf/lib/mno-hw-mul/libm.a(lib_a-s_scalbn.o)
 .data          0x00806cd0        0x0 /home/patrick/altera/13.1/nios2eds/bin/gnu/H-i686-pc-linux-gnu/bin/../lib/gcc/nios2-elf/4.7.3/../../../../../H-i686-pc-linux-gnu/nios2-elf/lib/mno-hw-mul/libm.a(lib_a-s_copysign.o)
 .data          0x00806cd0        0x0 /home/patrick/altera/13.1/nios2eds/bin/gnu/H-i686-pc-linux-gnu/bin/../lib/gcc/nios2-elf/4.7.3/mno-hw-mul/libgcc.a(_addsub_sf.o)
 .data          0x00806cd0        0x0 /home/patrick/altera/13.1/nios2eds/bin/gnu/H-i686-pc-linux-gnu/bin/../lib/gcc/nios2-elf/4.7.3/mno-hw-mul/libgcc.a(_mul_sf.o)
 .data          0x00806cd0        0x0 /home/patrick/altera/13.1/nios2eds/bin/gnu/H-i686-pc-linux-gnu/bin/../lib/gcc/nios2-elf/4.7.3/mno-hw-mul/libgcc.a(_sf_to_si.o)
 .data          0x00806cd0        0x0 /home/patrick/altera/13.1/nios2eds/bin/gnu/H-i686-pc-linux-gnu/bin/../lib/gcc/nios2-elf/4.7.3/mno-hw-mul/libgcc.a(_sf_to_df.o)
 .data          0x00806cd0        0x0 /home/patrick/altera/13.1/nios2eds/bin/gnu/H-i686-pc-linux-gnu/bin/../lib/gcc/nios2-elf/4.7.3/mno-hw-mul/libgcc.a(_thenan_sf.o)
 .data          0x00806cd0        0x0 /home/patrick/altera/13.1/nios2eds/bin/gnu/H-i686-pc-linux-gnu/bin/../lib/gcc/nios2-elf/4.7.3/mno-hw-mul/libgcc.a(_usi_to_sf.o)
 .data          0x00806cd0        0x0 /home/patrick/altera/13.1/nios2eds/bin/gnu/H-i686-pc-linux-gnu/bin/../lib/gcc/nios2-elf/4.7.3/mno-hw-mul/libgcc.a(_addsub_df.o)
 .data          0x00806cd0        0x0 /home/patrick/altera/13.1/nios2eds/bin/gnu/H-i686-pc-linux-gnu/bin/../lib/gcc/nios2-elf/4.7.3/mno-hw-mul/libgcc.a(_mul_df.o)
 .data          0x00806cd0        0x0 /home/patrick/altera/13.1/nios2eds/bin/gnu/H-i686-pc-linux-gnu/bin/../lib/gcc/nios2-elf/4.7.3/mno-hw-mul/libgcc.a(_div_df.o)
 .data          0x00806cd0        0x0 /home/patrick/altera/13.1/nios2eds/bin/gnu/H-i686-pc-linux-gnu/bin/../lib/gcc/nios2-elf/4.7.3/mno-hw-mul/libgcc.a(_eq_df.o)
 .data          0x00806cd0        0x0 /home/patrick/altera/13.1/nios2eds/bin/gnu/H-i686-pc-linux-gnu/bin/../lib/gcc/nios2-elf/4.7.3/mno-hw-mul/libgcc.a(_gt_df.o)
 .data          0x00806cd0        0x0 /home/patrick/altera/13.1/nios2eds/bin/gnu/H-i686-pc-linux-gnu/bin/../lib/gcc/nios2-elf/4.7.3/mno-hw-mul/libgcc.a(_ge_df.o)
 .data          0x00806cd0        0x0 /home/patrick/altera/13.1/nios2eds/bin/gnu/H-i686-pc-linux-gnu/bin/../lib/gcc/nios2-elf/4.7.3/mno-hw-mul/libgcc.a(_si_to_df.o)
 .data          0x00806cd0        0x0 /home/patrick/altera/13.1/nios2eds/bin/gnu/H-i686-pc-linux-gnu/bin/../lib/gcc/nios2-elf/4.7.3/mno-hw-mul/libgcc.a(_df_to_si.o)
 .data          0x00806cd0        0x0 /home/patrick/altera/13.1/nios2eds/bin/gnu/H-i686-pc-linux-gnu/bin/../lib/gcc/nios2-elf/4.7.3/mno-hw-mul/libgcc.a(_make_df.o)
 .data          0x00806cd0        0x0 /home/patrick/altera/13.1/nios2eds/bin/gnu/H-i686-pc-linux-gnu/bin/../lib/gcc/nios2-elf/4.7.3/mno-hw-mul/libgcc.a(_df_to_sf.o)
 .data          0x00806cd0        0x0 /home/patrick/altera/13.1/nios2eds/bin/gnu/H-i686-pc-linux-gnu/bin/../lib/gcc/nios2-elf/4.7.3/mno-hw-mul/libgcc.a(_thenan_df.o)
 .data          0x00806cd0        0x0 /home/patrick/altera/13.1/nios2eds/bin/gnu/H-i686-pc-linux-gnu/bin/../lib/gcc/nios2-elf/4.7.3/mno-hw-mul/libgcc.a(lib2-divmod.o)
 .data          0x00806cd0        0x0 /home/patrick/altera/13.1/nios2eds/bin/gnu/H-i686-pc-linux-gnu/bin/../lib/gcc/nios2-elf/4.7.3/mno-hw-mul/libgcc.a(lib2-mul.o)
 .data          0x00806cd0        0x0 /home/patrick/altera/13.1/nios2eds/bin/gnu/H-i686-pc-linux-gnu/bin/../lib/gcc/nios2-elf/4.7.3/mno-hw-mul/libgcc.a(_muldi3.o)
 .data          0x00806cd0        0x0 /home/patrick/altera/13.1/nios2eds/bin/gnu/H-i686-pc-linux-gnu/bin/../lib/gcc/nios2-elf/4.7.3/mno-hw-mul/libgcc.a(_clzsi2.o)
 .data          0x00806cd0        0x0 /home/patrick/altera/13.1/nios2eds/bin/gnu/H-i686-pc-linux-gnu/bin/../lib/gcc/nios2-elf/4.7.3/mno-hw-mul/libgcc.a(_pack_sf.o)
 .data          0x00806cd0        0x0 /home/patrick/altera/13.1/nios2eds/bin/gnu/H-i686-pc-linux-gnu/bin/../lib/gcc/nios2-elf/4.7.3/mno-hw-mul/libgcc.a(_unpack_sf.o)
 .data          0x00806cd0        0x0 /home/patrick/altera/13.1/nios2eds/bin/gnu/H-i686-pc-linux-gnu/bin/../lib/gcc/nios2-elf/4.7.3/mno-hw-mul/libgcc.a(_make_sf.o)
 .data          0x00806cd0        0x0 /home/patrick/altera/13.1/nios2eds/bin/gnu/H-i686-pc-linux-gnu/bin/../lib/gcc/nios2-elf/4.7.3/mno-hw-mul/libgcc.a(_pack_df.o)
 .data          0x00806cd0        0x0 /home/patrick/altera/13.1/nios2eds/bin/gnu/H-i686-pc-linux-gnu/bin/../lib/gcc/nios2-elf/4.7.3/mno-hw-mul/libgcc.a(_unpack_df.o)
 .data          0x00806cd0        0x0 /home/patrick/altera/13.1/nios2eds/bin/gnu/H-i686-pc-linux-gnu/bin/../lib/gcc/nios2-elf/4.7.3/mno-hw-mul/libgcc.a(_fpcmp_parts_df.o)
 .data          0x00806cd0        0x0 /home/patrick/altera/13.1/nios2eds/bin/gnu/H-i686-pc-linux-gnu/bin/../lib/gcc/nios2-elf/4.7.3/mno-hw-mul/libgcc.a(_lshrdi3.o)
 .data          0x00806cd0        0x0 /home/patrick/altera/13.1/nios2eds/bin/gnu/H-i686-pc-linux-gnu/bin/../lib/gcc/nios2-elf/4.7.3/mno-hw-mul/libgcc.a(_ashldi3.o)
 .data          0x00806cd0        0x0 /home/patrick/altera/13.1/nios2eds/bin/gnu/H-i686-pc-linux-gnu/bin/../lib/gcc/nios2-elf/4.7.3/mno-hw-mul/libgcc.a(_clz.o)
 .data          0x00806cd0        0x0 /home/patrick/altera/13.1/nios2eds/bin/gnu/H-i686-pc-linux-gnu/bin/../lib/gcc/nios2-elf/4.7.3/../../../../../H-i686-pc-linux-gnu/nios2-elf/lib/mno-hw-mul/libsmallc.a(lib_a-printf.o)
 .data          0x00806cd0        0x0 /home/patrick/altera/13.1/nios2eds/bin/gnu/H-i686-pc-linux-gnu/bin/../lib/gcc/nios2-elf/4.7.3/../../../../../H-i686-pc-linux-gnu/nios2-elf/lib/mno-hw-mul/libsmallc.a(lib_a-puts.o)
 .data          0x00806cd0        0x0 /home/patrick/altera/13.1/nios2eds/bin/gnu/H-i686-pc-linux-gnu/bin/../lib/gcc/nios2-elf/4.7.3/../../../../../H-i686-pc-linux-gnu/nios2-elf/lib/mno-hw-mul/libsmallc.a(lib_a-strlen.o)
 .data          0x00806cd0        0x0 /home/patrick/altera/13.1/nios2eds/bin/gnu/H-i686-pc-linux-gnu/bin/../lib/gcc/nios2-elf/4.7.3/../../../../../H-i686-pc-linux-gnu/nios2-elf/lib/mno-hw-mul/libsmallc.a(lib_a-vfprintf.o)
 .data          0x00806cd0        0x0 /home/patrick/altera/13.1/nios2eds/bin/gnu/H-i686-pc-linux-gnu/bin/../lib/gcc/nios2-elf/4.7.3/../../../../../H-i686-pc-linux-gnu/nios2-elf/lib/mno-hw-mul/libsmallc.a(lib_a-fvwrite_small_dev.o)
 .data          0x00806cd0       0xe0 /home/patrick/altera/13.1/nios2eds/bin/gnu/H-i686-pc-linux-gnu/bin/../lib/gcc/nios2-elf/4.7.3/../../../../../H-i686-pc-linux-gnu/nios2-elf/lib/mno-hw-mul/libsmallc.a(lib_a-impure.o)
 .data          0x00806db0        0x0 /home/patrick/altera/13.1/nios2eds/bin/gnu/H-i686-pc-linux-gnu/bin/../lib/gcc/nios2-elf/4.7.3/../../../../../H-i686-pc-linux-gnu/nios2-elf/lib/mno-hw-mul/libsmallc.a(lib_a-writer.o)
 .data          0x00806db0        0x0 /home/patrick/altera/13.1/nios2eds/bin/gnu/H-i686-pc-linux-gnu/bin/../lib/gcc/nios2-elf/4.7.3/../../../../../H-i686-pc-linux-gnu/nios2-elf/lib/mno-hw-mul/libsmallc.a(lib_a-int_errno.o)
 .data          0x00806db0        0x0 ../count_binary_bsp//libhal_bsp.a(alt_load.o)
 .data          0x00806db0        0x0 ../count_binary_bsp//libhal_bsp.a(alt_main.o)
 .data          0x00806db0        0x0 ../count_binary_bsp//libhal_bsp.a(alt_usleep.o)
 .data          0x00806db0        0x0 ../count_binary_bsp//libhal_bsp.a(alt_write.o)
 .data          0x00806db0       0x2c ../count_binary_bsp//libhal_bsp.a(alt_sys_init.o)
 .data          0x00806ddc        0x0 ../count_binary_bsp//libhal_bsp.a(altera_avalon_jtag_uart_fd.o)
 .data          0x00806ddc        0x0 ../count_binary_bsp//libhal_bsp.a(altera_avalon_jtag_uart_read.o)
 .data          0x00806ddc        0x0 ../count_binary_bsp//libhal_bsp.a(altera_avalon_jtag_uart_write.o)
 .data          0x00806ddc        0x0 ../count_binary_bsp//libhal_bsp.a(altera_avalon_timer_sc.o)
 .data          0x00806ddc        0x0 ../count_binary_bsp//libhal_bsp.a(alt_busy_sleep.o)
 .data          0x00806ddc        0x0 ../count_binary_bsp//libhal_bsp.a(alt_close.o)
 .data          0x00806ddc        0x0 ../count_binary_bsp//libhal_bsp.a(alt_dcache_flush_all.o)
 .data          0x00806ddc      0x1a8 ../count_binary_bsp//libhal_bsp.a(alt_dev.o)
                0x00806ddc                alt_dev_null
                0x00806e04                alt_fd_list
 .data          0x00806f84        0x0 ../count_binary_bsp//libhal_bsp.a(alt_dev_llist_insert.o)
 .data          0x00806f84        0x0 ../count_binary_bsp//libhal_bsp.a(alt_errno.o)
 .data          0x00806f84        0x0 ../count_binary_bsp//libhal_bsp.a(alt_icache_flush_all.o)
 .data          0x00806f84        0x0 ../count_binary_bsp//libhal_bsp.a(alt_iic.o)
 .data          0x00806f84        0x0 ../count_binary_bsp//libhal_bsp.a(alt_iic_isr_register.o)
 .data          0x00806f84        0x0 ../count_binary_bsp//libhal_bsp.a(alt_io_redirect.o)
 .data          0x00806f84        0x0 ../count_binary_bsp//libhal_bsp.a(alt_irq_entry.o)
 .data          0x00806f84        0x0 ../count_binary_bsp//libhal_bsp.a(alt_irq_handler.o)
 .data          0x00806f84        0x0 ../count_binary_bsp//libhal_bsp.a(alt_irq_vars.o)
 .data          0x00806f84        0x0 ../count_binary_bsp//libhal_bsp.a(alt_open.o)
 .data          0x00806f84        0x0 ../count_binary_bsp//libhal_bsp.a(alt_release_fd.o)
 .data          0x00806f84        0x0 ../count_binary_bsp//libhal_bsp.a(alt_tick.o)
 .data          0x00806f84        0x0 ../count_binary_bsp//libhal_bsp.a(altera_nios2_qsys_irq.o)
 .data          0x00806f84        0x0 ../count_binary_bsp//libhal_bsp.a(alt_exception_entry.o)
 .data          0x00806f84        0x0 ../count_binary_bsp//libhal_bsp.a(alt_find_dev.o)
 .data          0x00806f84        0x0 ../count_binary_bsp//libhal_bsp.a(alt_find_file.o)
 .data          0x00806f84        0x0 ../count_binary_bsp//libhal_bsp.a(alt_get_fd.o)
 .data          0x00806f84        0x0 ../count_binary_bsp//libhal_bsp.a(alt_icache_flush.o)
 .data          0x00806f84        0x0 /home/patrick/altera/13.1/nios2eds/bin/gnu/H-i686-pc-linux-gnu/bin/../lib/gcc/nios2-elf/4.7.3/../../../../../H-i686-pc-linux-gnu/nios2-elf/lib/mno-hw-mul/libsmallc.a(lib_a-exit.o)
 .data          0x00806f84        0x0 /home/patrick/altera/13.1/nios2eds/bin/gnu/H-i686-pc-linux-gnu/bin/../lib/gcc/nios2-elf/4.7.3/../../../../../H-i686-pc-linux-gnu/nios2-elf/lib/mno-hw-mul/libsmallc.a(lib_a-memcmp.o)
 .data          0x00806f84        0x0 /home/patrick/altera/13.1/nios2eds/bin/gnu/H-i686-pc-linux-gnu/bin/../lib/gcc/nios2-elf/4.7.3/../../../../../H-i686-pc-linux-gnu/nios2-elf/lib/mno-hw-mul/libsmallc.a(lib_a-__call_atexit.o)
 .data          0x00806f84        0x0 ../count_binary_bsp//libhal_bsp.a(alt_exit.o)
                0x0080ef84                _gp = ABSOLUTE ((. + 0x8000))
                0x0080ef84                PROVIDE (gp, _gp)
 *(.rwdata .rwdata.*)
 *(.sdata .sdata.* .gnu.linkonce.s.*)
 .sdata         0x00806f84        0x8 /home/patrick/altera/13.1/nios2eds/bin/gnu/H-i686-pc-linux-gnu/bin/../lib/gcc/nios2-elf/4.7.3/../../../../../H-i686-pc-linux-gnu/nios2-elf/lib/mno-hw-mul/libsmallc.a(lib_a-impure.o)
                0x00806f84                _global_impure_ptr
                0x00806f88                _impure_ptr
 .sdata         0x00806f8c       0x14 ../count_binary_bsp//libhal_bsp.a(alt_dev.o)
                0x00806f8c                alt_fs_list
                0x00806f94                alt_dev_list
                0x00806f9c                alt_max_fd
 .sdata         0x00806fa0        0x4 ../count_binary_bsp//libhal_bsp.a(alt_errno.o)
                0x00806fa0                alt_errno
 .sdata         0x00806fa4        0x4 ../count_binary_bsp//libhal_bsp.a(alt_irq_vars.o)
                0x00806fa4                alt_priority_mask
 .sdata         0x00806fa8        0x8 ../count_binary_bsp//libhal_bsp.a(alt_tick.o)
                0x00806fa8                alt_alarm_list
 *(.sdata2 .sdata2.* .gnu.linkonce.s2.*)
                0x00806fb0                . = ALIGN (0x4)
                0x00806fb0                _edata = ABSOLUTE (.)
                0x00806fb0                PROVIDE (edata, ABSOLUTE (.))
                0x00806fb0                PROVIDE (__ram_rwdata_end, ABSOLUTE (.))
                0x00806fb0                PROVIDE (__flash_rwdata_start, LOADADDR (.rwdata))

.bss            0x00807290      0x2b0
                0x00807290                __bss_start = ABSOLUTE (.)
                0x00807290                PROVIDE (__sbss_start, ABSOLUTE (.))
                0x00807290                PROVIDE (___sbss_start, ABSOLUTE (.))
 *(.dynsbss)
 *(.sbss .sbss.* .gnu.linkonce.sb.*)
 .sbss          0x00807290        0x2 obj/default/count_binary.o
 *fill*         0x00807292        0x2 
 .sbss          0x00807294        0x4 /home/patrick/altera/13.1/nios2eds/bin/gnu/H-i686-pc-linux-gnu/bin/../lib/gcc/nios2-elf/4.7.3/../../../../../H-i686-pc-linux-gnu/nios2-elf/lib/mno-hw-mul/libsmallc.a(lib_a-int_errno.o)
                0x00807294                errno
 .sbss          0x00807298        0xc ../count_binary_bsp//libhal_bsp.a(alt_main.o)
                0x00807298                alt_argc
                0x0080729c                alt_argv
                0x008072a0                alt_envp
 .sbss          0x008072a4        0x4 ../count_binary_bsp//libhal_bsp.a(alt_irq_vars.o)
                0x008072a4                alt_irq_active
 .sbss          0x008072a8        0x8 ../count_binary_bsp//libhal_bsp.a(alt_tick.o)
                0x008072a8                _alt_tick_rate
                0x008072ac                _alt_nticks
 *(.sbss2 .sbss2.* .gnu.linkonce.sb2.*)
 *(.scommon)
                0x008072b0                PROVIDE (__sbss_end, ABSOLUTE (.))
                0x008072b0                PROVIDE (___sbss_end, ABSOLUTE (.))
 *(.dynbss)
 *(.bss .bss.* .gnu.linkonce.b.*)
 .bss           0x008072b0        0x0 ../count_binary_bsp//obj/HAL/src/crt0.o
 .bss           0x008072b0        0x0 obj/default/count_binary.o
 .bss           0x008072b0        0x0 /home/patrick/altera/13.1/nios2eds/bin/gnu/H-i686-pc-linux-gnu/bin/../lib/gcc/nios2-elf/4.7.3/../../../../../H-i686-pc-linux-gnu/nios2-elf/lib/mno-hw-mul/libm.a(lib_a-s_sin.o)
 .bss           0x008072b0        0x0 /home/patrick/altera/13.1/nios2eds/bin/gnu/H-i686-pc-linux-gnu/bin/../lib/gcc/nios2-elf/4.7.3/../../../../../H-i686-pc-linux-gnu/nios2-elf/lib/mno-hw-mul/libm.a(lib_a-e_rem_pio2.o)
 .bss           0x008072b0        0x0 /home/patrick/altera/13.1/nios2eds/bin/gnu/H-i686-pc-linux-gnu/bin/../lib/gcc/nios2-elf/4.7.3/../../../../../H-i686-pc-linux-gnu/nios2-elf/lib/mno-hw-mul/libm.a(lib_a-k_cos.o)
 .bss           0x008072b0        0x0 /home/patrick/altera/13.1/nios2eds/bin/gnu/H-i686-pc-linux-gnu/bin/../lib/gcc/nios2-elf/4.7.3/../../../../../H-i686-pc-linux-gnu/nios2-elf/lib/mno-hw-mul/libm.a(lib_a-k_rem_pio2.o)
 .bss           0x008072b0        0x0 /home/patrick/altera/13.1/nios2eds/bin/gnu/H-i686-pc-linux-gnu/bin/../lib/gcc/nios2-elf/4.7.3/../../../../../H-i686-pc-linux-gnu/nios2-elf/lib/mno-hw-mul/libm.a(lib_a-k_sin.o)
 .bss           0x008072b0        0x0 /home/patrick/altera/13.1/nios2eds/bin/gnu/H-i686-pc-linux-gnu/bin/../lib/gcc/nios2-elf/4.7.3/../../../../../H-i686-pc-linux-gnu/nios2-elf/lib/mno-hw-mul/libm.a(lib_a-s_fabs.o)
 .bss           0x008072b0        0x0 /home/patrick/altera/13.1/nios2eds/bin/gnu/H-i686-pc-linux-gnu/bin/../lib/gcc/nios2-elf/4.7.3/../../../../../H-i686-pc-linux-gnu/nios2-elf/lib/mno-hw-mul/libm.a(lib_a-s_floor.o)
 .bss           0x008072b0        0x0 /home/patrick/altera/13.1/nios2eds/bin/gnu/H-i686-pc-linux-gnu/bin/../lib/gcc/nios2-elf/4.7.3/../../../../../H-i686-pc-linux-gnu/nios2-elf/lib/mno-hw-mul/libm.a(lib_a-s_scalbn.o)
 .bss           0x008072b0        0x0 /home/patrick/altera/13.1/nios2eds/bin/gnu/H-i686-pc-linux-gnu/bin/../lib/gcc/nios2-elf/4.7.3/../../../../../H-i686-pc-linux-gnu/nios2-elf/lib/mno-hw-mul/libm.a(lib_a-s_copysign.o)
 .bss           0x008072b0        0x0 /home/patrick/altera/13.1/nios2eds/bin/gnu/H-i686-pc-linux-gnu/bin/../lib/gcc/nios2-elf/4.7.3/mno-hw-mul/libgcc.a(_addsub_sf.o)
 .bss           0x008072b0        0x0 /home/patrick/altera/13.1/nios2eds/bin/gnu/H-i686-pc-linux-gnu/bin/../lib/gcc/nios2-elf/4.7.3/mno-hw-mul/libgcc.a(_mul_sf.o)
 .bss           0x008072b0        0x0 /home/patrick/altera/13.1/nios2eds/bin/gnu/H-i686-pc-linux-gnu/bin/../lib/gcc/nios2-elf/4.7.3/mno-hw-mul/libgcc.a(_sf_to_si.o)
 .bss           0x008072b0        0x0 /home/patrick/altera/13.1/nios2eds/bin/gnu/H-i686-pc-linux-gnu/bin/../lib/gcc/nios2-elf/4.7.3/mno-hw-mul/libgcc.a(_sf_to_df.o)
 .bss           0x008072b0        0x0 /home/patrick/altera/13.1/nios2eds/bin/gnu/H-i686-pc-linux-gnu/bin/../lib/gcc/nios2-elf/4.7.3/mno-hw-mul/libgcc.a(_thenan_sf.o)
 .bss           0x008072b0        0x0 /home/patrick/altera/13.1/nios2eds/bin/gnu/H-i686-pc-linux-gnu/bin/../lib/gcc/nios2-elf/4.7.3/mno-hw-mul/libgcc.a(_usi_to_sf.o)
 .bss           0x008072b0        0x0 /home/patrick/altera/13.1/nios2eds/bin/gnu/H-i686-pc-linux-gnu/bin/../lib/gcc/nios2-elf/4.7.3/mno-hw-mul/libgcc.a(_addsub_df.o)
 .bss           0x008072b0        0x0 /home/patrick/altera/13.1/nios2eds/bin/gnu/H-i686-pc-linux-gnu/bin/../lib/gcc/nios2-elf/4.7.3/mno-hw-mul/libgcc.a(_mul_df.o)
 .bss           0x008072b0        0x0 /home/patrick/altera/13.1/nios2eds/bin/gnu/H-i686-pc-linux-gnu/bin/../lib/gcc/nios2-elf/4.7.3/mno-hw-mul/libgcc.a(_div_df.o)
 .bss           0x008072b0        0x0 /home/patrick/altera/13.1/nios2eds/bin/gnu/H-i686-pc-linux-gnu/bin/../lib/gcc/nios2-elf/4.7.3/mno-hw-mul/libgcc.a(_eq_df.o)
 .bss           0x008072b0        0x0 /home/patrick/altera/13.1/nios2eds/bin/gnu/H-i686-pc-linux-gnu/bin/../lib/gcc/nios2-elf/4.7.3/mno-hw-mul/libgcc.a(_gt_df.o)
 .bss           0x008072b0        0x0 /home/patrick/altera/13.1/nios2eds/bin/gnu/H-i686-pc-linux-gnu/bin/../lib/gcc/nios2-elf/4.7.3/mno-hw-mul/libgcc.a(_ge_df.o)
 .bss           0x008072b0        0x0 /home/patrick/altera/13.1/nios2eds/bin/gnu/H-i686-pc-linux-gnu/bin/../lib/gcc/nios2-elf/4.7.3/mno-hw-mul/libgcc.a(_si_to_df.o)
 .bss           0x008072b0        0x0 /home/patrick/altera/13.1/nios2eds/bin/gnu/H-i686-pc-linux-gnu/bin/../lib/gcc/nios2-elf/4.7.3/mno-hw-mul/libgcc.a(_df_to_si.o)
 .bss           0x008072b0        0x0 /home/patrick/altera/13.1/nios2eds/bin/gnu/H-i686-pc-linux-gnu/bin/../lib/gcc/nios2-elf/4.7.3/mno-hw-mul/libgcc.a(_make_df.o)
 .bss           0x008072b0        0x0 /home/patrick/altera/13.1/nios2eds/bin/gnu/H-i686-pc-linux-gnu/bin/../lib/gcc/nios2-elf/4.7.3/mno-hw-mul/libgcc.a(_df_to_sf.o)
 .bss           0x008072b0        0x0 /home/patrick/altera/13.1/nios2eds/bin/gnu/H-i686-pc-linux-gnu/bin/../lib/gcc/nios2-elf/4.7.3/mno-hw-mul/libgcc.a(_thenan_df.o)
 .bss           0x008072b0        0x0 /home/patrick/altera/13.1/nios2eds/bin/gnu/H-i686-pc-linux-gnu/bin/../lib/gcc/nios2-elf/4.7.3/mno-hw-mul/libgcc.a(lib2-divmod.o)
 .bss           0x008072b0        0x0 /home/patrick/altera/13.1/nios2eds/bin/gnu/H-i686-pc-linux-gnu/bin/../lib/gcc/nios2-elf/4.7.3/mno-hw-mul/libgcc.a(lib2-mul.o)
 .bss           0x008072b0        0x0 /home/patrick/altera/13.1/nios2eds/bin/gnu/H-i686-pc-linux-gnu/bin/../lib/gcc/nios2-elf/4.7.3/mno-hw-mul/libgcc.a(_muldi3.o)
 .bss           0x008072b0        0x0 /home/patrick/altera/13.1/nios2eds/bin/gnu/H-i686-pc-linux-gnu/bin/../lib/gcc/nios2-elf/4.7.3/mno-hw-mul/libgcc.a(_clzsi2.o)
 .bss           0x008072b0        0x0 /home/patrick/altera/13.1/nios2eds/bin/gnu/H-i686-pc-linux-gnu/bin/../lib/gcc/nios2-elf/4.7.3/mno-hw-mul/libgcc.a(_pack_sf.o)
 .bss           0x008072b0        0x0 /home/patrick/altera/13.1/nios2eds/bin/gnu/H-i686-pc-linux-gnu/bin/../lib/gcc/nios2-elf/4.7.3/mno-hw-mul/libgcc.a(_unpack_sf.o)
 .bss           0x008072b0        0x0 /home/patrick/altera/13.1/nios2eds/bin/gnu/H-i686-pc-linux-gnu/bin/../lib/gcc/nios2-elf/4.7.3/mno-hw-mul/libgcc.a(_make_sf.o)
 .bss           0x008072b0        0x0 /home/patrick/altera/13.1/nios2eds/bin/gnu/H-i686-pc-linux-gnu/bin/../lib/gcc/nios2-elf/4.7.3/mno-hw-mul/libgcc.a(_pack_df.o)
 .bss           0x008072b0        0x0 /home/patrick/altera/13.1/nios2eds/bin/gnu/H-i686-pc-linux-gnu/bin/../lib/gcc/nios2-elf/4.7.3/mno-hw-mul/libgcc.a(_unpack_df.o)
 .bss           0x008072b0        0x0 /home/patrick/altera/13.1/nios2eds/bin/gnu/H-i686-pc-linux-gnu/bin/../lib/gcc/nios2-elf/4.7.3/mno-hw-mul/libgcc.a(_fpcmp_parts_df.o)
 .bss           0x008072b0        0x0 /home/patrick/altera/13.1/nios2eds/bin/gnu/H-i686-pc-linux-gnu/bin/../lib/gcc/nios2-elf/4.7.3/mno-hw-mul/libgcc.a(_lshrdi3.o)
 .bss           0x008072b0        0x0 /home/patrick/altera/13.1/nios2eds/bin/gnu/H-i686-pc-linux-gnu/bin/../lib/gcc/nios2-elf/4.7.3/mno-hw-mul/libgcc.a(_ashldi3.o)
 .bss           0x008072b0        0x0 /home/patrick/altera/13.1/nios2eds/bin/gnu/H-i686-pc-linux-gnu/bin/../lib/gcc/nios2-elf/4.7.3/mno-hw-mul/libgcc.a(_clz.o)
 .bss           0x008072b0        0x0 /home/patrick/altera/13.1/nios2eds/bin/gnu/H-i686-pc-linux-gnu/bin/../lib/gcc/nios2-elf/4.7.3/../../../../../H-i686-pc-linux-gnu/nios2-elf/lib/mno-hw-mul/libsmallc.a(lib_a-printf.o)
 .bss           0x008072b0        0x0 /home/patrick/altera/13.1/nios2eds/bin/gnu/H-i686-pc-linux-gnu/bin/../lib/gcc/nios2-elf/4.7.3/../../../../../H-i686-pc-linux-gnu/nios2-elf/lib/mno-hw-mul/libsmallc.a(lib_a-puts.o)
 .bss           0x008072b0        0x0 /home/patrick/altera/13.1/nios2eds/bin/gnu/H-i686-pc-linux-gnu/bin/../lib/gcc/nios2-elf/4.7.3/../../../../../H-i686-pc-linux-gnu/nios2-elf/lib/mno-hw-mul/libsmallc.a(lib_a-strlen.o)
 .bss           0x008072b0        0x0 /home/patrick/altera/13.1/nios2eds/bin/gnu/H-i686-pc-linux-gnu/bin/../lib/gcc/nios2-elf/4.7.3/../../../../../H-i686-pc-linux-gnu/nios2-elf/lib/mno-hw-mul/libsmallc.a(lib_a-vfprintf.o)
 .bss           0x008072b0        0x0 /home/patrick/altera/13.1/nios2eds/bin/gnu/H-i686-pc-linux-gnu/bin/../lib/gcc/nios2-elf/4.7.3/../../../../../H-i686-pc-linux-gnu/nios2-elf/lib/mno-hw-mul/libsmallc.a(lib_a-fvwrite_small_dev.o)
 .bss           0x008072b0        0x0 /home/patrick/altera/13.1/nios2eds/bin/gnu/H-i686-pc-linux-gnu/bin/../lib/gcc/nios2-elf/4.7.3/../../../../../H-i686-pc-linux-gnu/nios2-elf/lib/mno-hw-mul/libsmallc.a(lib_a-impure.o)
 .bss           0x008072b0        0x0 /home/patrick/altera/13.1/nios2eds/bin/gnu/H-i686-pc-linux-gnu/bin/../lib/gcc/nios2-elf/4.7.3/../../../../../H-i686-pc-linux-gnu/nios2-elf/lib/mno-hw-mul/libsmallc.a(lib_a-writer.o)
 .bss           0x008072b0        0x0 /home/patrick/altera/13.1/nios2eds/bin/gnu/H-i686-pc-linux-gnu/bin/../lib/gcc/nios2-elf/4.7.3/../../../../../H-i686-pc-linux-gnu/nios2-elf/lib/mno-hw-mul/libsmallc.a(lib_a-int_errno.o)
 .bss           0x008072b0        0x0 ../count_binary_bsp//libhal_bsp.a(alt_load.o)
 .bss           0x008072b0        0x0 ../count_binary_bsp//libhal_bsp.a(alt_main.o)
 .bss           0x008072b0        0x0 ../count_binary_bsp//libhal_bsp.a(alt_usleep.o)
 .bss           0x008072b0        0x0 ../count_binary_bsp//libhal_bsp.a(alt_write.o)
 .bss           0x008072b0        0x0 ../count_binary_bsp//libhal_bsp.a(alt_sys_init.o)
 .bss           0x008072b0        0x0 ../count_binary_bsp//libhal_bsp.a(altera_avalon_jtag_uart_fd.o)
 .bss           0x008072b0        0x0 ../count_binary_bsp//libhal_bsp.a(altera_avalon_jtag_uart_read.o)
 .bss           0x008072b0        0x0 ../count_binary_bsp//libhal_bsp.a(altera_avalon_jtag_uart_write.o)
 .bss           0x008072b0        0x0 ../count_binary_bsp//libhal_bsp.a(altera_avalon_timer_sc.o)
 .bss           0x008072b0        0x0 ../count_binary_bsp//libhal_bsp.a(alt_busy_sleep.o)
 .bss           0x008072b0        0x0 ../count_binary_bsp//libhal_bsp.a(alt_close.o)
 .bss           0x008072b0        0x0 ../count_binary_bsp//libhal_bsp.a(alt_dcache_flush_all.o)
 .bss           0x008072b0        0x0 ../count_binary_bsp//libhal_bsp.a(alt_dev.o)
 .bss           0x008072b0        0x0 ../count_binary_bsp//libhal_bsp.a(alt_dev_llist_insert.o)
 .bss           0x008072b0        0x0 ../count_binary_bsp//libhal_bsp.a(alt_errno.o)
 .bss           0x008072b0        0x0 ../count_binary_bsp//libhal_bsp.a(alt_icache_flush_all.o)
 .bss           0x008072b0        0x0 ../count_binary_bsp//libhal_bsp.a(alt_iic.o)
 .bss           0x008072b0        0x0 ../count_binary_bsp//libhal_bsp.a(alt_iic_isr_register.o)
 .bss           0x008072b0        0x0 ../count_binary_bsp//libhal_bsp.a(alt_io_redirect.o)
 .bss           0x008072b0        0x0 ../count_binary_bsp//libhal_bsp.a(alt_irq_entry.o)
 .bss           0x008072b0        0x0 ../count_binary_bsp//libhal_bsp.a(alt_irq_handler.o)
 .bss           0x008072b0        0x0 ../count_binary_bsp//libhal_bsp.a(alt_irq_vars.o)
 .bss           0x008072b0        0x0 ../count_binary_bsp//libhal_bsp.a(alt_open.o)
 .bss           0x008072b0        0x0 ../count_binary_bsp//libhal_bsp.a(alt_release_fd.o)
 .bss           0x008072b0        0x0 ../count_binary_bsp//libhal_bsp.a(alt_tick.o)
 .bss           0x008072b0        0x0 ../count_binary_bsp//libhal_bsp.a(altera_nios2_qsys_irq.o)
 .bss           0x008072b0        0x0 ../count_binary_bsp//libhal_bsp.a(alt_exception_entry.o)
 .bss           0x008072b0        0x0 ../count_binary_bsp//libhal_bsp.a(alt_find_dev.o)
 .bss           0x008072b0        0x0 ../count_binary_bsp//libhal_bsp.a(alt_find_file.o)
 .bss           0x008072b0        0x0 ../count_binary_bsp//libhal_bsp.a(alt_get_fd.o)
 .bss           0x008072b0        0x0 ../count_binary_bsp//libhal_bsp.a(alt_icache_flush.o)
 .bss           0x008072b0        0x0 /home/patrick/altera/13.1/nios2eds/bin/gnu/H-i686-pc-linux-gnu/bin/../lib/gcc/nios2-elf/4.7.3/../../../../../H-i686-pc-linux-gnu/nios2-elf/lib/mno-hw-mul/libsmallc.a(lib_a-exit.o)
 .bss           0x008072b0        0x0 /home/patrick/altera/13.1/nios2eds/bin/gnu/H-i686-pc-linux-gnu/bin/../lib/gcc/nios2-elf/4.7.3/../../../../../H-i686-pc-linux-gnu/nios2-elf/lib/mno-hw-mul/libsmallc.a(lib_a-memcmp.o)
 .bss           0x008072b0        0x0 /home/patrick/altera/13.1/nios2eds/bin/gnu/H-i686-pc-linux-gnu/bin/../lib/gcc/nios2-elf/4.7.3/../../../../../H-i686-pc-linux-gnu/nios2-elf/lib/mno-hw-mul/libsmallc.a(lib_a-__call_atexit.o)
 .bss           0x008072b0        0x0 ../count_binary_bsp//libhal_bsp.a(alt_exit.o)
 *(COMMON)
 COMMON         0x008072b0      0x190 obj/default/count_binary.o
                0x008072b0                buffer
 COMMON         0x00807440      0x100 ../count_binary_bsp//libhal_bsp.a(alt_irq_handler.o)
                0x00807440                alt_irq
                0x00807540                . = ALIGN (0x4)
                0x00807540                __bss_end = ABSOLUTE (.)

.new_sdram_controller_0
                0x00807540        0x0
                0x00807540                PROVIDE (_alt_partition_new_sdram_controller_0_start, ABSOLUTE (.))
 *(.new_sdram_controller_0 .new_sdram_controller_0. new_sdram_controller_0.*)
                0x00807540                . = ALIGN (0x4)
                0x00807540                PROVIDE (_alt_partition_new_sdram_controller_0_end, ABSOLUTE (.))
                0x00807540                _end = ABSOLUTE (.)
                0x00807540                end = ABSOLUTE (.)
                0x00807540                __alt_stack_base = ABSOLUTE (.)
                0x00807540                PROVIDE (_alt_partition_new_sdram_controller_0_load_addr, LOADADDR (.new_sdram_controller_0))

.onchip_mem     0x01010000        0x0 load address 0x00807540
                0x01010000                PROVIDE (_alt_partition_onchip_mem_start, ABSOLUTE (.))
 *(.onchip_mem .onchip_mem. onchip_mem.*)
                0x01010000                . = ALIGN (0x4)
                0x01010000                PROVIDE (_alt_partition_onchip_mem_end, ABSOLUTE (.))
                0x00807540                PROVIDE (_alt_partition_onchip_mem_load_addr, LOADADDR (.onchip_mem))

.stab
 *(.stab)

.stabstr
 *(.stabstr)

.stab.excl
 *(.stab.excl)

.stab.exclstr
 *(.stab.exclstr)

.stab.index
 *(.stab.index)

.stab.indexstr
 *(.stab.indexstr)

.comment        0x00000000       0x23
 *(.comment)
 .comment       0x00000000       0x23 obj/default/count_binary.o
                                 0x24 (size before relaxing)
 .comment       0x00000000       0x24 /home/patrick/altera/13.1/nios2eds/bin/gnu/H-i686-pc-linux-gnu/bin/../lib/gcc/nios2-elf/4.7.3/../../../../../H-i686-pc-linux-gnu/nios2-elf/lib/mno-hw-mul/libm.a(lib_a-s_sin.o)
 .comment       0x00000000       0x24 /home/patrick/altera/13.1/nios2eds/bin/gnu/H-i686-pc-linux-gnu/bin/../lib/gcc/nios2-elf/4.7.3/../../../../../H-i686-pc-linux-gnu/nios2-elf/lib/mno-hw-mul/libm.a(lib_a-e_rem_pio2.o)
 .comment       0x00000000       0x24 /home/patrick/altera/13.1/nios2eds/bin/gnu/H-i686-pc-linux-gnu/bin/../lib/gcc/nios2-elf/4.7.3/../../../../../H-i686-pc-linux-gnu/nios2-elf/lib/mno-hw-mul/libm.a(lib_a-k_cos.o)
 .comment       0x00000000       0x24 /home/patrick/altera/13.1/nios2eds/bin/gnu/H-i686-pc-linux-gnu/bin/../lib/gcc/nios2-elf/4.7.3/../../../../../H-i686-pc-linux-gnu/nios2-elf/lib/mno-hw-mul/libm.a(lib_a-k_rem_pio2.o)
 .comment       0x00000000       0x24 /home/patrick/altera/13.1/nios2eds/bin/gnu/H-i686-pc-linux-gnu/bin/../lib/gcc/nios2-elf/4.7.3/../../../../../H-i686-pc-linux-gnu/nios2-elf/lib/mno-hw-mul/libm.a(lib_a-k_sin.o)
 .comment       0x00000000       0x24 /home/patrick/altera/13.1/nios2eds/bin/gnu/H-i686-pc-linux-gnu/bin/../lib/gcc/nios2-elf/4.7.3/../../../../../H-i686-pc-linux-gnu/nios2-elf/lib/mno-hw-mul/libm.a(lib_a-s_fabs.o)
 .comment       0x00000000       0x24 /home/patrick/altera/13.1/nios2eds/bin/gnu/H-i686-pc-linux-gnu/bin/../lib/gcc/nios2-elf/4.7.3/../../../../../H-i686-pc-linux-gnu/nios2-elf/lib/mno-hw-mul/libm.a(lib_a-s_floor.o)
 .comment       0x00000000       0x24 /home/patrick/altera/13.1/nios2eds/bin/gnu/H-i686-pc-linux-gnu/bin/../lib/gcc/nios2-elf/4.7.3/../../../../../H-i686-pc-linux-gnu/nios2-elf/lib/mno-hw-mul/libm.a(lib_a-s_scalbn.o)
 .comment       0x00000000       0x24 /home/patrick/altera/13.1/nios2eds/bin/gnu/H-i686-pc-linux-gnu/bin/../lib/gcc/nios2-elf/4.7.3/../../../../../H-i686-pc-linux-gnu/nios2-elf/lib/mno-hw-mul/libm.a(lib_a-s_copysign.o)
 .comment       0x00000000       0x24 /home/patrick/altera/13.1/nios2eds/bin/gnu/H-i686-pc-linux-gnu/bin/../lib/gcc/nios2-elf/4.7.3/mno-hw-mul/libgcc.a(_addsub_sf.o)
 .comment       0x00000000       0x24 /home/patrick/altera/13.1/nios2eds/bin/gnu/H-i686-pc-linux-gnu/bin/../lib/gcc/nios2-elf/4.7.3/mno-hw-mul/libgcc.a(_mul_sf.o)
 .comment       0x00000000       0x24 /home/patrick/altera/13.1/nios2eds/bin/gnu/H-i686-pc-linux-gnu/bin/../lib/gcc/nios2-elf/4.7.3/mno-hw-mul/libgcc.a(_sf_to_si.o)
 .comment       0x00000000       0x24 /home/patrick/altera/13.1/nios2eds/bin/gnu/H-i686-pc-linux-gnu/bin/../lib/gcc/nios2-elf/4.7.3/mno-hw-mul/libgcc.a(_sf_to_df.o)
 .comment       0x00000000       0x24 /home/patrick/altera/13.1/nios2eds/bin/gnu/H-i686-pc-linux-gnu/bin/../lib/gcc/nios2-elf/4.7.3/mno-hw-mul/libgcc.a(_thenan_sf.o)
 .comment       0x00000000       0x24 /home/patrick/altera/13.1/nios2eds/bin/gnu/H-i686-pc-linux-gnu/bin/../lib/gcc/nios2-elf/4.7.3/mno-hw-mul/libgcc.a(_usi_to_sf.o)
 .comment       0x00000000       0x24 /home/patrick/altera/13.1/nios2eds/bin/gnu/H-i686-pc-linux-gnu/bin/../lib/gcc/nios2-elf/4.7.3/mno-hw-mul/libgcc.a(_addsub_df.o)
 .comment       0x00000000       0x24 /home/patrick/altera/13.1/nios2eds/bin/gnu/H-i686-pc-linux-gnu/bin/../lib/gcc/nios2-elf/4.7.3/mno-hw-mul/libgcc.a(_mul_df.o)
 .comment       0x00000000       0x24 /home/patrick/altera/13.1/nios2eds/bin/gnu/H-i686-pc-linux-gnu/bin/../lib/gcc/nios2-elf/4.7.3/mno-hw-mul/libgcc.a(_div_df.o)
 .comment       0x00000000       0x24 /home/patrick/altera/13.1/nios2eds/bin/gnu/H-i686-pc-linux-gnu/bin/../lib/gcc/nios2-elf/4.7.3/mno-hw-mul/libgcc.a(_eq_df.o)
 .comment       0x00000000       0x24 /home/patrick/altera/13.1/nios2eds/bin/gnu/H-i686-pc-linux-gnu/bin/../lib/gcc/nios2-elf/4.7.3/mno-hw-mul/libgcc.a(_gt_df.o)
 .comment       0x00000000       0x24 /home/patrick/altera/13.1/nios2eds/bin/gnu/H-i686-pc-linux-gnu/bin/../lib/gcc/nios2-elf/4.7.3/mno-hw-mul/libgcc.a(_ge_df.o)
 .comment       0x00000000       0x24 /home/patrick/altera/13.1/nios2eds/bin/gnu/H-i686-pc-linux-gnu/bin/../lib/gcc/nios2-elf/4.7.3/mno-hw-mul/libgcc.a(_si_to_df.o)
 .comment       0x00000000       0x24 /home/patrick/altera/13.1/nios2eds/bin/gnu/H-i686-pc-linux-gnu/bin/../lib/gcc/nios2-elf/4.7.3/mno-hw-mul/libgcc.a(_df_to_si.o)
 .comment       0x00000000       0x24 /home/patrick/altera/13.1/nios2eds/bin/gnu/H-i686-pc-linux-gnu/bin/../lib/gcc/nios2-elf/4.7.3/mno-hw-mul/libgcc.a(_make_df.o)
 .comment       0x00000000       0x24 /home/patrick/altera/13.1/nios2eds/bin/gnu/H-i686-pc-linux-gnu/bin/../lib/gcc/nios2-elf/4.7.3/mno-hw-mul/libgcc.a(_df_to_sf.o)
 .comment       0x00000000       0x24 /home/patrick/altera/13.1/nios2eds/bin/gnu/H-i686-pc-linux-gnu/bin/../lib/gcc/nios2-elf/4.7.3/mno-hw-mul/libgcc.a(_thenan_df.o)
 .comment       0x00000000       0x24 /home/patrick/altera/13.1/nios2eds/bin/gnu/H-i686-pc-linux-gnu/bin/../lib/gcc/nios2-elf/4.7.3/mno-hw-mul/libgcc.a(lib2-divmod.o)
 .comment       0x00000000       0x24 /home/patrick/altera/13.1/nios2eds/bin/gnu/H-i686-pc-linux-gnu/bin/../lib/gcc/nios2-elf/4.7.3/mno-hw-mul/libgcc.a(lib2-mul.o)
 .comment       0x00000000       0x24 /home/patrick/altera/13.1/nios2eds/bin/gnu/H-i686-pc-linux-gnu/bin/../lib/gcc/nios2-elf/4.7.3/mno-hw-mul/libgcc.a(_muldi3.o)
 .comment       0x00000000       0x24 /home/patrick/altera/13.1/nios2eds/bin/gnu/H-i686-pc-linux-gnu/bin/../lib/gcc/nios2-elf/4.7.3/mno-hw-mul/libgcc.a(_clzsi2.o)
 .comment       0x00000000       0x24 /home/patrick/altera/13.1/nios2eds/bin/gnu/H-i686-pc-linux-gnu/bin/../lib/gcc/nios2-elf/4.7.3/mno-hw-mul/libgcc.a(_pack_sf.o)
 .comment       0x00000000       0x24 /home/patrick/altera/13.1/nios2eds/bin/gnu/H-i686-pc-linux-gnu/bin/../lib/gcc/nios2-elf/4.7.3/mno-hw-mul/libgcc.a(_unpack_sf.o)
 .comment       0x00000000       0x24 /home/patrick/altera/13.1/nios2eds/bin/gnu/H-i686-pc-linux-gnu/bin/../lib/gcc/nios2-elf/4.7.3/mno-hw-mul/libgcc.a(_make_sf.o)
 .comment       0x00000000       0x24 /home/patrick/altera/13.1/nios2eds/bin/gnu/H-i686-pc-linux-gnu/bin/../lib/gcc/nios2-elf/4.7.3/mno-hw-mul/libgcc.a(_pack_df.o)
 .comment       0x00000000       0x24 /home/patrick/altera/13.1/nios2eds/bin/gnu/H-i686-pc-linux-gnu/bin/../lib/gcc/nios2-elf/4.7.3/mno-hw-mul/libgcc.a(_unpack_df.o)
 .comment       0x00000000       0x24 /home/patrick/altera/13.1/nios2eds/bin/gnu/H-i686-pc-linux-gnu/bin/../lib/gcc/nios2-elf/4.7.3/mno-hw-mul/libgcc.a(_fpcmp_parts_df.o)
 .comment       0x00000000       0x24 /home/patrick/altera/13.1/nios2eds/bin/gnu/H-i686-pc-linux-gnu/bin/../lib/gcc/nios2-elf/4.7.3/mno-hw-mul/libgcc.a(_lshrdi3.o)
 .comment       0x00000000       0x24 /home/patrick/altera/13.1/nios2eds/bin/gnu/H-i686-pc-linux-gnu/bin/../lib/gcc/nios2-elf/4.7.3/mno-hw-mul/libgcc.a(_ashldi3.o)
 .comment       0x00000000       0x24 /home/patrick/altera/13.1/nios2eds/bin/gnu/H-i686-pc-linux-gnu/bin/../lib/gcc/nios2-elf/4.7.3/mno-hw-mul/libgcc.a(_clz.o)
 .comment       0x00000000       0x24 /home/patrick/altera/13.1/nios2eds/bin/gnu/H-i686-pc-linux-gnu/bin/../lib/gcc/nios2-elf/4.7.3/../../../../../H-i686-pc-linux-gnu/nios2-elf/lib/mno-hw-mul/libsmallc.a(lib_a-printf.o)
 .comment       0x00000000       0x24 /home/patrick/altera/13.1/nios2eds/bin/gnu/H-i686-pc-linux-gnu/bin/../lib/gcc/nios2-elf/4.7.3/../../../../../H-i686-pc-linux-gnu/nios2-elf/lib/mno-hw-mul/libsmallc.a(lib_a-puts.o)
 .comment       0x00000000       0x24 /home/patrick/altera/13.1/nios2eds/bin/gnu/H-i686-pc-linux-gnu/bin/../lib/gcc/nios2-elf/4.7.3/../../../../../H-i686-pc-linux-gnu/nios2-elf/lib/mno-hw-mul/libsmallc.a(lib_a-strlen.o)
 .comment       0x00000000       0x24 /home/patrick/altera/13.1/nios2eds/bin/gnu/H-i686-pc-linux-gnu/bin/../lib/gcc/nios2-elf/4.7.3/../../../../../H-i686-pc-linux-gnu/nios2-elf/lib/mno-hw-mul/libsmallc.a(lib_a-vfprintf.o)
 .comment       0x00000000       0x24 /home/patrick/altera/13.1/nios2eds/bin/gnu/H-i686-pc-linux-gnu/bin/../lib/gcc/nios2-elf/4.7.3/../../../../../H-i686-pc-linux-gnu/nios2-elf/lib/mno-hw-mul/libsmallc.a(lib_a-fvwrite_small_dev.o)
 .comment       0x00000000       0x24 /home/patrick/altera/13.1/nios2eds/bin/gnu/H-i686-pc-linux-gnu/bin/../lib/gcc/nios2-elf/4.7.3/../../../../../H-i686-pc-linux-gnu/nios2-elf/lib/mno-hw-mul/libsmallc.a(lib_a-impure.o)
 .comment       0x00000000       0x24 /home/patrick/altera/13.1/nios2eds/bin/gnu/H-i686-pc-linux-gnu/bin/../lib/gcc/nios2-elf/4.7.3/../../../../../H-i686-pc-linux-gnu/nios2-elf/lib/mno-hw-mul/libsmallc.a(lib_a-writer.o)
 .comment       0x00000000       0x24 /home/patrick/altera/13.1/nios2eds/bin/gnu/H-i686-pc-linux-gnu/bin/../lib/gcc/nios2-elf/4.7.3/../../../../../H-i686-pc-linux-gnu/nios2-elf/lib/mno-hw-mul/libsmallc.a(lib_a-int_errno.o)
 .comment       0x00000000       0x24 ../count_binary_bsp//libhal_bsp.a(alt_load.o)
 .comment       0x00000000       0x24 ../count_binary_bsp//libhal_bsp.a(alt_main.o)
 .comment       0x00000000       0x24 ../count_binary_bsp//libhal_bsp.a(alt_usleep.o)
 .comment       0x00000000       0x24 ../count_binary_bsp//libhal_bsp.a(alt_write.o)
 .comment       0x00000000       0x24 ../count_binary_bsp//libhal_bsp.a(alt_sys_init.o)
 .comment       0x00000000       0x24 ../count_binary_bsp//libhal_bsp.a(altera_avalon_jtag_uart_fd.o)
 .comment       0x00000000       0x24 ../count_binary_bsp//libhal_bsp.a(altera_avalon_jtag_uart_read.o)
 .comment       0x00000000       0x24 ../count_binary_bsp//libhal_bsp.a(altera_avalon_jtag_uart_write.o)
 .comment       0x00000000       0x24 ../count_binary_bsp//libhal_bsp.a(altera_avalon_timer_sc.o)
 .comment       0x00000000       0x24 ../count_binary_bsp//libhal_bsp.a(alt_busy_sleep.o)
 .comment       0x00000000       0x24 ../count_binary_bsp//libhal_bsp.a(alt_close.o)
 .comment       0x00000000       0x24 ../count_binary_bsp//libhal_bsp.a(alt_dcache_flush_all.o)
 .comment       0x00000000       0x24 ../count_binary_bsp//libhal_bsp.a(alt_dev.o)
 .comment       0x00000000       0x24 ../count_binary_bsp//libhal_bsp.a(alt_dev_llist_insert.o)
 .comment       0x00000000       0x24 ../count_binary_bsp//libhal_bsp.a(alt_errno.o)
 .comment       0x00000000       0x24 ../count_binary_bsp//libhal_bsp.a(alt_icache_flush_all.o)
 .comment       0x00000000       0x24 ../count_binary_bsp//libhal_bsp.a(alt_iic.o)
 .comment       0x00000000       0x24 ../count_binary_bsp//libhal_bsp.a(alt_iic_isr_register.o)
 .comment       0x00000000       0x24 ../count_binary_bsp//libhal_bsp.a(alt_io_redirect.o)
 .comment       0x00000000       0x24 ../count_binary_bsp//libhal_bsp.a(alt_irq_handler.o)
 .comment       0x00000000       0x24 ../count_binary_bsp//libhal_bsp.a(alt_irq_vars.o)
 .comment       0x00000000       0x24 ../count_binary_bsp//libhal_bsp.a(alt_open.o)
 .comment       0x00000000       0x24 ../count_binary_bsp//libhal_bsp.a(alt_release_fd.o)
 .comment       0x00000000       0x24 ../count_binary_bsp//libhal_bsp.a(alt_tick.o)
 .comment       0x00000000       0x24 ../count_binary_bsp//libhal_bsp.a(altera_nios2_qsys_irq.o)
 .comment       0x00000000       0x24 ../count_binary_bsp//libhal_bsp.a(alt_find_dev.o)
 .comment       0x00000000       0x24 ../count_binary_bsp//libhal_bsp.a(alt_find_file.o)
 .comment       0x00000000       0x24 ../count_binary_bsp//libhal_bsp.a(alt_get_fd.o)
 .comment       0x00000000       0x24 ../count_binary_bsp//libhal_bsp.a(alt_icache_flush.o)
 .comment       0x00000000       0x24 /home/patrick/altera/13.1/nios2eds/bin/gnu/H-i686-pc-linux-gnu/bin/../lib/gcc/nios2-elf/4.7.3/../../../../../H-i686-pc-linux-gnu/nios2-elf/lib/mno-hw-mul/libsmallc.a(lib_a-exit.o)
 .comment       0x00000000       0x24 /home/patrick/altera/13.1/nios2eds/bin/gnu/H-i686-pc-linux-gnu/bin/../lib/gcc/nios2-elf/4.7.3/../../../../../H-i686-pc-linux-gnu/nios2-elf/lib/mno-hw-mul/libsmallc.a(lib_a-memcmp.o)
 .comment       0x00000000       0x24 /home/patrick/altera/13.1/nios2eds/bin/gnu/H-i686-pc-linux-gnu/bin/../lib/gcc/nios2-elf/4.7.3/../../../../../H-i686-pc-linux-gnu/nios2-elf/lib/mno-hw-mul/libsmallc.a(lib_a-__call_atexit.o)
 .comment       0x00000000       0x24 ../count_binary_bsp//libhal_bsp.a(alt_exit.o)

.debug
 *(.debug)

.line
 *(.line)

.debug_srcinfo
 *(.debug_srcinfo)

.debug_sfnames
 *(.debug_sfnames)

.debug_aranges  0x00000000      0xa78
 *(.debug_aranges)
 .debug_aranges
                0x00000000       0x28 ../count_binary_bsp//obj/HAL/src/crt0.o
 .debug_aranges
                0x00000028       0x20 obj/default/count_binary.o
 .debug_aranges
                0x00000048       0x20 /home/patrick/altera/13.1/nios2eds/bin/gnu/H-i686-pc-linux-gnu/bin/../lib/gcc/nios2-elf/4.7.3/../../../../../H-i686-pc-linux-gnu/nios2-elf/lib/mno-hw-mul/libm.a(lib_a-s_sin.o)
 .debug_aranges
                0x00000068       0x20 /home/patrick/altera/13.1/nios2eds/bin/gnu/H-i686-pc-linux-gnu/bin/../lib/gcc/nios2-elf/4.7.3/../../../../../H-i686-pc-linux-gnu/nios2-elf/lib/mno-hw-mul/libm.a(lib_a-e_rem_pio2.o)
 .debug_aranges
                0x00000088       0x20 /home/patrick/altera/13.1/nios2eds/bin/gnu/H-i686-pc-linux-gnu/bin/../lib/gcc/nios2-elf/4.7.3/../../../../../H-i686-pc-linux-gnu/nios2-elf/lib/mno-hw-mul/libm.a(lib_a-k_cos.o)
 .debug_aranges
                0x000000a8       0x20 /home/patrick/altera/13.1/nios2eds/bin/gnu/H-i686-pc-linux-gnu/bin/../lib/gcc/nios2-elf/4.7.3/../../../../../H-i686-pc-linux-gnu/nios2-elf/lib/mno-hw-mul/libm.a(lib_a-k_rem_pio2.o)
 .debug_aranges
                0x000000c8       0x20 /home/patrick/altera/13.1/nios2eds/bin/gnu/H-i686-pc-linux-gnu/bin/../lib/gcc/nios2-elf/4.7.3/../../../../../H-i686-pc-linux-gnu/nios2-elf/lib/mno-hw-mul/libm.a(lib_a-k_sin.o)
 .debug_aranges
                0x000000e8       0x20 /home/patrick/altera/13.1/nios2eds/bin/gnu/H-i686-pc-linux-gnu/bin/../lib/gcc/nios2-elf/4.7.3/../../../../../H-i686-pc-linux-gnu/nios2-elf/lib/mno-hw-mul/libm.a(lib_a-s_fabs.o)
 .debug_aranges
                0x00000108       0x20 /home/patrick/altera/13.1/nios2eds/bin/gnu/H-i686-pc-linux-gnu/bin/../lib/gcc/nios2-elf/4.7.3/../../../../../H-i686-pc-linux-gnu/nios2-elf/lib/mno-hw-mul/libm.a(lib_a-s_floor.o)
 .debug_aranges
                0x00000128       0x20 /home/patrick/altera/13.1/nios2eds/bin/gnu/H-i686-pc-linux-gnu/bin/../lib/gcc/nios2-elf/4.7.3/../../../../../H-i686-pc-linux-gnu/nios2-elf/lib/mno-hw-mul/libm.a(lib_a-s_scalbn.o)
 .debug_aranges
                0x00000148       0x20 /home/patrick/altera/13.1/nios2eds/bin/gnu/H-i686-pc-linux-gnu/bin/../lib/gcc/nios2-elf/4.7.3/../../../../../H-i686-pc-linux-gnu/nios2-elf/lib/mno-hw-mul/libm.a(lib_a-s_copysign.o)
 .debug_aranges
                0x00000168       0x20 /home/patrick/altera/13.1/nios2eds/bin/gnu/H-i686-pc-linux-gnu/bin/../lib/gcc/nios2-elf/4.7.3/mno-hw-mul/libgcc.a(_addsub_sf.o)
 .debug_aranges
                0x00000188       0x20 /home/patrick/altera/13.1/nios2eds/bin/gnu/H-i686-pc-linux-gnu/bin/../lib/gcc/nios2-elf/4.7.3/mno-hw-mul/libgcc.a(_mul_sf.o)
 .debug_aranges
                0x000001a8       0x20 /home/patrick/altera/13.1/nios2eds/bin/gnu/H-i686-pc-linux-gnu/bin/../lib/gcc/nios2-elf/4.7.3/mno-hw-mul/libgcc.a(_sf_to_si.o)
 .debug_aranges
                0x000001c8       0x20 /home/patrick/altera/13.1/nios2eds/bin/gnu/H-i686-pc-linux-gnu/bin/../lib/gcc/nios2-elf/4.7.3/mno-hw-mul/libgcc.a(_sf_to_df.o)
 .debug_aranges
                0x000001e8       0x18 /home/patrick/altera/13.1/nios2eds/bin/gnu/H-i686-pc-linux-gnu/bin/../lib/gcc/nios2-elf/4.7.3/mno-hw-mul/libgcc.a(_thenan_sf.o)
 .debug_aranges
                0x00000200       0x20 /home/patrick/altera/13.1/nios2eds/bin/gnu/H-i686-pc-linux-gnu/bin/../lib/gcc/nios2-elf/4.7.3/mno-hw-mul/libgcc.a(_usi_to_sf.o)
 .debug_aranges
                0x00000220       0x20 /home/patrick/altera/13.1/nios2eds/bin/gnu/H-i686-pc-linux-gnu/bin/../lib/gcc/nios2-elf/4.7.3/mno-hw-mul/libgcc.a(_addsub_df.o)
 .debug_aranges
                0x00000240       0x20 /home/patrick/altera/13.1/nios2eds/bin/gnu/H-i686-pc-linux-gnu/bin/../lib/gcc/nios2-elf/4.7.3/mno-hw-mul/libgcc.a(_mul_df.o)
 .debug_aranges
                0x00000260       0x20 /home/patrick/altera/13.1/nios2eds/bin/gnu/H-i686-pc-linux-gnu/bin/../lib/gcc/nios2-elf/4.7.3/mno-hw-mul/libgcc.a(_div_df.o)
 .debug_aranges
                0x00000280       0x20 /home/patrick/altera/13.1/nios2eds/bin/gnu/H-i686-pc-linux-gnu/bin/../lib/gcc/nios2-elf/4.7.3/mno-hw-mul/libgcc.a(_eq_df.o)
 .debug_aranges
                0x000002a0       0x20 /home/patrick/altera/13.1/nios2eds/bin/gnu/H-i686-pc-linux-gnu/bin/../lib/gcc/nios2-elf/4.7.3/mno-hw-mul/libgcc.a(_gt_df.o)
 .debug_aranges
                0x000002c0       0x20 /home/patrick/altera/13.1/nios2eds/bin/gnu/H-i686-pc-linux-gnu/bin/../lib/gcc/nios2-elf/4.7.3/mno-hw-mul/libgcc.a(_ge_df.o)
 .debug_aranges
                0x000002e0       0x20 /home/patrick/altera/13.1/nios2eds/bin/gnu/H-i686-pc-linux-gnu/bin/../lib/gcc/nios2-elf/4.7.3/mno-hw-mul/libgcc.a(_si_to_df.o)
 .debug_aranges
                0x00000300       0x20 /home/patrick/altera/13.1/nios2eds/bin/gnu/H-i686-pc-linux-gnu/bin/../lib/gcc/nios2-elf/4.7.3/mno-hw-mul/libgcc.a(_df_to_si.o)
 .debug_aranges
                0x00000320       0x20 /home/patrick/altera/13.1/nios2eds/bin/gnu/H-i686-pc-linux-gnu/bin/../lib/gcc/nios2-elf/4.7.3/mno-hw-mul/libgcc.a(_make_df.o)
 .debug_aranges
                0x00000340       0x20 /home/patrick/altera/13.1/nios2eds/bin/gnu/H-i686-pc-linux-gnu/bin/../lib/gcc/nios2-elf/4.7.3/mno-hw-mul/libgcc.a(_df_to_sf.o)
 .debug_aranges
                0x00000360       0x18 /home/patrick/altera/13.1/nios2eds/bin/gnu/H-i686-pc-linux-gnu/bin/../lib/gcc/nios2-elf/4.7.3/mno-hw-mul/libgcc.a(_thenan_df.o)
 .debug_aranges
                0x00000378       0x20 /home/patrick/altera/13.1/nios2eds/bin/gnu/H-i686-pc-linux-gnu/bin/../lib/gcc/nios2-elf/4.7.3/mno-hw-mul/libgcc.a(lib2-divmod.o)
 .debug_aranges
                0x00000398       0x20 /home/patrick/altera/13.1/nios2eds/bin/gnu/H-i686-pc-linux-gnu/bin/../lib/gcc/nios2-elf/4.7.3/mno-hw-mul/libgcc.a(lib2-mul.o)
 .debug_aranges
                0x000003b8       0x20 /home/patrick/altera/13.1/nios2eds/bin/gnu/H-i686-pc-linux-gnu/bin/../lib/gcc/nios2-elf/4.7.3/mno-hw-mul/libgcc.a(_muldi3.o)
 .debug_aranges
                0x000003d8       0x20 /home/patrick/altera/13.1/nios2eds/bin/gnu/H-i686-pc-linux-gnu/bin/../lib/gcc/nios2-elf/4.7.3/mno-hw-mul/libgcc.a(_clzsi2.o)
 .debug_aranges
                0x000003f8       0x20 /home/patrick/altera/13.1/nios2eds/bin/gnu/H-i686-pc-linux-gnu/bin/../lib/gcc/nios2-elf/4.7.3/mno-hw-mul/libgcc.a(_pack_sf.o)
 .debug_aranges
                0x00000418       0x20 /home/patrick/altera/13.1/nios2eds/bin/gnu/H-i686-pc-linux-gnu/bin/../lib/gcc/nios2-elf/4.7.3/mno-hw-mul/libgcc.a(_unpack_sf.o)
 .debug_aranges
                0x00000438       0x20 /home/patrick/altera/13.1/nios2eds/bin/gnu/H-i686-pc-linux-gnu/bin/../lib/gcc/nios2-elf/4.7.3/mno-hw-mul/libgcc.a(_make_sf.o)
 .debug_aranges
                0x00000458       0x20 /home/patrick/altera/13.1/nios2eds/bin/gnu/H-i686-pc-linux-gnu/bin/../lib/gcc/nios2-elf/4.7.3/mno-hw-mul/libgcc.a(_pack_df.o)
 .debug_aranges
                0x00000478       0x20 /home/patrick/altera/13.1/nios2eds/bin/gnu/H-i686-pc-linux-gnu/bin/../lib/gcc/nios2-elf/4.7.3/mno-hw-mul/libgcc.a(_unpack_df.o)
 .debug_aranges
                0x00000498       0x20 /home/patrick/altera/13.1/nios2eds/bin/gnu/H-i686-pc-linux-gnu/bin/../lib/gcc/nios2-elf/4.7.3/mno-hw-mul/libgcc.a(_fpcmp_parts_df.o)
 .debug_aranges
                0x000004b8       0x20 /home/patrick/altera/13.1/nios2eds/bin/gnu/H-i686-pc-linux-gnu/bin/../lib/gcc/nios2-elf/4.7.3/mno-hw-mul/libgcc.a(_lshrdi3.o)
 .debug_aranges
                0x000004d8       0x20 /home/patrick/altera/13.1/nios2eds/bin/gnu/H-i686-pc-linux-gnu/bin/../lib/gcc/nios2-elf/4.7.3/mno-hw-mul/libgcc.a(_ashldi3.o)
 .debug_aranges
                0x000004f8       0x18 /home/patrick/altera/13.1/nios2eds/bin/gnu/H-i686-pc-linux-gnu/bin/../lib/gcc/nios2-elf/4.7.3/mno-hw-mul/libgcc.a(_clz.o)
 .debug_aranges
                0x00000510       0x20 /home/patrick/altera/13.1/nios2eds/bin/gnu/H-i686-pc-linux-gnu/bin/../lib/gcc/nios2-elf/4.7.3/../../../../../H-i686-pc-linux-gnu/nios2-elf/lib/mno-hw-mul/libsmallc.a(lib_a-printf.o)
 .debug_aranges
                0x00000530       0x20 /home/patrick/altera/13.1/nios2eds/bin/gnu/H-i686-pc-linux-gnu/bin/../lib/gcc/nios2-elf/4.7.3/../../../../../H-i686-pc-linux-gnu/nios2-elf/lib/mno-hw-mul/libsmallc.a(lib_a-puts.o)
 .debug_aranges
                0x00000550       0x20 /home/patrick/altera/13.1/nios2eds/bin/gnu/H-i686-pc-linux-gnu/bin/../lib/gcc/nios2-elf/4.7.3/../../../../../H-i686-pc-linux-gnu/nios2-elf/lib/mno-hw-mul/libsmallc.a(lib_a-strlen.o)
 .debug_aranges
                0x00000570       0x20 /home/patrick/altera/13.1/nios2eds/bin/gnu/H-i686-pc-linux-gnu/bin/../lib/gcc/nios2-elf/4.7.3/../../../../../H-i686-pc-linux-gnu/nios2-elf/lib/mno-hw-mul/libsmallc.a(lib_a-vfprintf.o)
 .debug_aranges
                0x00000590       0x20 /home/patrick/altera/13.1/nios2eds/bin/gnu/H-i686-pc-linux-gnu/bin/../lib/gcc/nios2-elf/4.7.3/../../../../../H-i686-pc-linux-gnu/nios2-elf/lib/mno-hw-mul/libsmallc.a(lib_a-fvwrite_small_dev.o)
 .debug_aranges
                0x000005b0       0x18 /home/patrick/altera/13.1/nios2eds/bin/gnu/H-i686-pc-linux-gnu/bin/../lib/gcc/nios2-elf/4.7.3/../../../../../H-i686-pc-linux-gnu/nios2-elf/lib/mno-hw-mul/libsmallc.a(lib_a-impure.o)
 .debug_aranges
                0x000005c8       0x20 /home/patrick/altera/13.1/nios2eds/bin/gnu/H-i686-pc-linux-gnu/bin/../lib/gcc/nios2-elf/4.7.3/../../../../../H-i686-pc-linux-gnu/nios2-elf/lib/mno-hw-mul/libsmallc.a(lib_a-writer.o)
 .debug_aranges
                0x000005e8       0x18 /home/patrick/altera/13.1/nios2eds/bin/gnu/H-i686-pc-linux-gnu/bin/../lib/gcc/nios2-elf/4.7.3/../../../../../H-i686-pc-linux-gnu/nios2-elf/lib/mno-hw-mul/libsmallc.a(lib_a-int_errno.o)
 .debug_aranges
                0x00000600       0x20 ../count_binary_bsp//libhal_bsp.a(alt_load.o)
 .debug_aranges
                0x00000620       0x20 ../count_binary_bsp//libhal_bsp.a(alt_main.o)
 .debug_aranges
                0x00000640       0x20 ../count_binary_bsp//libhal_bsp.a(alt_usleep.o)
 .debug_aranges
                0x00000660       0x20 ../count_binary_bsp//libhal_bsp.a(alt_write.o)
 .debug_aranges
                0x00000680       0x20 ../count_binary_bsp//libhal_bsp.a(alt_sys_init.o)
 .debug_aranges
                0x000006a0       0x20 ../count_binary_bsp//libhal_bsp.a(altera_avalon_jtag_uart_fd.o)
 .debug_aranges
                0x000006c0       0x20 ../count_binary_bsp//libhal_bsp.a(altera_avalon_jtag_uart_read.o)
 .debug_aranges
                0x000006e0       0x20 ../count_binary_bsp//libhal_bsp.a(altera_avalon_jtag_uart_write.o)
 .debug_aranges
                0x00000700       0x20 ../count_binary_bsp//libhal_bsp.a(altera_avalon_timer_sc.o)
 .debug_aranges
                0x00000720       0x20 ../count_binary_bsp//libhal_bsp.a(alt_busy_sleep.o)
 .debug_aranges
                0x00000740       0x20 ../count_binary_bsp//libhal_bsp.a(alt_close.o)
 .debug_aranges
                0x00000760       0x20 ../count_binary_bsp//libhal_bsp.a(alt_dcache_flush_all.o)
 .debug_aranges
                0x00000780       0x20 ../count_binary_bsp//libhal_bsp.a(alt_dev.o)
 .debug_aranges
                0x000007a0       0x20 ../count_binary_bsp//libhal_bsp.a(alt_dev_llist_insert.o)
 .debug_aranges
                0x000007c0       0x18 ../count_binary_bsp//libhal_bsp.a(alt_errno.o)
 .debug_aranges
                0x000007d8       0x20 ../count_binary_bsp//libhal_bsp.a(alt_icache_flush_all.o)
 .debug_aranges
                0x000007f8       0x20 ../count_binary_bsp//libhal_bsp.a(alt_iic.o)
 .debug_aranges
                0x00000818       0x20 ../count_binary_bsp//libhal_bsp.a(alt_iic_isr_register.o)
 .debug_aranges
                0x00000838       0x20 ../count_binary_bsp//libhal_bsp.a(alt_io_redirect.o)
 .debug_aranges
                0x00000858       0x30 ../count_binary_bsp//libhal_bsp.a(alt_irq_entry.o)
 .debug_aranges
                0x00000888       0x20 ../count_binary_bsp//libhal_bsp.a(alt_irq_handler.o)
 .debug_aranges
                0x000008a8       0x18 ../count_binary_bsp//libhal_bsp.a(alt_irq_vars.o)
 .debug_aranges
                0x000008c0       0x20 ../count_binary_bsp//libhal_bsp.a(alt_open.o)
 .debug_aranges
                0x000008e0       0x20 ../count_binary_bsp//libhal_bsp.a(alt_release_fd.o)
 .debug_aranges
                0x00000900       0x20 ../count_binary_bsp//libhal_bsp.a(alt_tick.o)
 .debug_aranges
                0x00000920       0x20 ../count_binary_bsp//libhal_bsp.a(altera_nios2_qsys_irq.o)
 .debug_aranges
                0x00000940       0x38 ../count_binary_bsp//libhal_bsp.a(alt_exception_entry.o)
 .debug_aranges
                0x00000978       0x20 ../count_binary_bsp//libhal_bsp.a(alt_find_dev.o)
 .debug_aranges
                0x00000998       0x20 ../count_binary_bsp//libhal_bsp.a(alt_find_file.o)
 .debug_aranges
                0x000009b8       0x20 ../count_binary_bsp//libhal_bsp.a(alt_get_fd.o)
 .debug_aranges
                0x000009d8       0x20 ../count_binary_bsp//libhal_bsp.a(alt_icache_flush.o)
 .debug_aranges
                0x000009f8       0x20 /home/patrick/altera/13.1/nios2eds/bin/gnu/H-i686-pc-linux-gnu/bin/../lib/gcc/nios2-elf/4.7.3/../../../../../H-i686-pc-linux-gnu/nios2-elf/lib/mno-hw-mul/libsmallc.a(lib_a-exit.o)
 .debug_aranges
                0x00000a18       0x20 /home/patrick/altera/13.1/nios2eds/bin/gnu/H-i686-pc-linux-gnu/bin/../lib/gcc/nios2-elf/4.7.3/../../../../../H-i686-pc-linux-gnu/nios2-elf/lib/mno-hw-mul/libsmallc.a(lib_a-memcmp.o)
 .debug_aranges
                0x00000a38       0x20 /home/patrick/altera/13.1/nios2eds/bin/gnu/H-i686-pc-linux-gnu/bin/../lib/gcc/nios2-elf/4.7.3/../../../../../H-i686-pc-linux-gnu/nios2-elf/lib/mno-hw-mul/libsmallc.a(lib_a-__call_atexit.o)
 .debug_aranges
                0x00000a58       0x20 ../count_binary_bsp//libhal_bsp.a(alt_exit.o)

.debug_pubnames
 *(.debug_pubnames)

.debug_info     0x00000000     0xe3ad
 *(.debug_info .gnu.linkonce.wi.*)
 .debug_info    0x00000000       0x8f ../count_binary_bsp//obj/HAL/src/crt0.o
 .debug_info    0x0000008f      0x22d obj/default/count_binary.o
 .debug_info    0x000002bc      0x1cf /home/patrick/altera/13.1/nios2eds/bin/gnu/H-i686-pc-linux-gnu/bin/../lib/gcc/nios2-elf/4.7.3/../../../../../H-i686-pc-linux-gnu/nios2-elf/lib/mno-hw-mul/libm.a(lib_a-s_sin.o)
 .debug_info    0x0000048b      0x3e3 /home/patrick/altera/13.1/nios2eds/bin/gnu/H-i686-pc-linux-gnu/bin/../lib/gcc/nios2-elf/4.7.3/../../../../../H-i686-pc-linux-gnu/nios2-elf/lib/mno-hw-mul/libm.a(lib_a-e_rem_pio2.o)
 .debug_info    0x0000086e      0x21d /home/patrick/altera/13.1/nios2eds/bin/gnu/H-i686-pc-linux-gnu/bin/../lib/gcc/nios2-elf/4.7.3/../../../../../H-i686-pc-linux-gnu/nios2-elf/lib/mno-hw-mul/libm.a(lib_a-k_cos.o)
 .debug_info    0x00000a8b      0x37a /home/patrick/altera/13.1/nios2eds/bin/gnu/H-i686-pc-linux-gnu/bin/../lib/gcc/nios2-elf/4.7.3/../../../../../H-i686-pc-linux-gnu/nios2-elf/lib/mno-hw-mul/libm.a(lib_a-k_rem_pio2.o)
 .debug_info    0x00000e05      0x1a0 /home/patrick/altera/13.1/nios2eds/bin/gnu/H-i686-pc-linux-gnu/bin/../lib/gcc/nios2-elf/4.7.3/../../../../../H-i686-pc-linux-gnu/nios2-elf/lib/mno-hw-mul/libm.a(lib_a-k_sin.o)
 .debug_info    0x00000fa5       0xce /home/patrick/altera/13.1/nios2eds/bin/gnu/H-i686-pc-linux-gnu/bin/../lib/gcc/nios2-elf/4.7.3/../../../../../H-i686-pc-linux-gnu/nios2-elf/lib/mno-hw-mul/libm.a(lib_a-s_fabs.o)
 .debug_info    0x00001073      0x1ae /home/patrick/altera/13.1/nios2eds/bin/gnu/H-i686-pc-linux-gnu/bin/../lib/gcc/nios2-elf/4.7.3/../../../../../H-i686-pc-linux-gnu/nios2-elf/lib/mno-hw-mul/libm.a(lib_a-s_floor.o)
 .debug_info    0x00001221      0x241 /home/patrick/altera/13.1/nios2eds/bin/gnu/H-i686-pc-linux-gnu/bin/../lib/gcc/nios2-elf/4.7.3/../../../../../H-i686-pc-linux-gnu/nios2-elf/lib/mno-hw-mul/libm.a(lib_a-s_scalbn.o)
 .debug_info    0x00001462      0x156 /home/patrick/altera/13.1/nios2eds/bin/gnu/H-i686-pc-linux-gnu/bin/../lib/gcc/nios2-elf/4.7.3/../../../../../H-i686-pc-linux-gnu/nios2-elf/lib/mno-hw-mul/libm.a(lib_a-s_copysign.o)
 .debug_info    0x000015b8      0x57a /home/patrick/altera/13.1/nios2eds/bin/gnu/H-i686-pc-linux-gnu/bin/../lib/gcc/nios2-elf/4.7.3/mno-hw-mul/libgcc.a(_addsub_sf.o)
 .debug_info    0x00001b32      0x45d /home/patrick/altera/13.1/nios2eds/bin/gnu/H-i686-pc-linux-gnu/bin/../lib/gcc/nios2-elf/4.7.3/mno-hw-mul/libgcc.a(_mul_sf.o)
 .debug_info    0x00001f8f      0x2ff /home/patrick/altera/13.1/nios2eds/bin/gnu/H-i686-pc-linux-gnu/bin/../lib/gcc/nios2-elf/4.7.3/mno-hw-mul/libgcc.a(_sf_to_si.o)
 .debug_info    0x0000228e      0x2b7 /home/patrick/altera/13.1/nios2eds/bin/gnu/H-i686-pc-linux-gnu/bin/../lib/gcc/nios2-elf/4.7.3/mno-hw-mul/libgcc.a(_sf_to_df.o)
 .debug_info    0x00002545      0x155 /home/patrick/altera/13.1/nios2eds/bin/gnu/H-i686-pc-linux-gnu/bin/../lib/gcc/nios2-elf/4.7.3/mno-hw-mul/libgcc.a(_thenan_sf.o)
 .debug_info    0x0000269a      0x288 /home/patrick/altera/13.1/nios2eds/bin/gnu/H-i686-pc-linux-gnu/bin/../lib/gcc/nios2-elf/4.7.3/mno-hw-mul/libgcc.a(_usi_to_sf.o)
 .debug_info    0x00002922      0x588 /home/patrick/altera/13.1/nios2eds/bin/gnu/H-i686-pc-linux-gnu/bin/../lib/gcc/nios2-elf/4.7.3/mno-hw-mul/libgcc.a(_addsub_df.o)
 .debug_info    0x00002eaa      0x519 /home/patrick/altera/13.1/nios2eds/bin/gnu/H-i686-pc-linux-gnu/bin/../lib/gcc/nios2-elf/4.7.3/mno-hw-mul/libgcc.a(_mul_df.o)
 .debug_info    0x000033c3      0x443 /home/patrick/altera/13.1/nios2eds/bin/gnu/H-i686-pc-linux-gnu/bin/../lib/gcc/nios2-elf/4.7.3/mno-hw-mul/libgcc.a(_div_df.o)
 .debug_info    0x00003806      0x320 /home/patrick/altera/13.1/nios2eds/bin/gnu/H-i686-pc-linux-gnu/bin/../lib/gcc/nios2-elf/4.7.3/mno-hw-mul/libgcc.a(_eq_df.o)
 .debug_info    0x00003b26      0x320 /home/patrick/altera/13.1/nios2eds/bin/gnu/H-i686-pc-linux-gnu/bin/../lib/gcc/nios2-elf/4.7.3/mno-hw-mul/libgcc.a(_gt_df.o)
 .debug_info    0x00003e46      0x320 /home/patrick/altera/13.1/nios2eds/bin/gnu/H-i686-pc-linux-gnu/bin/../lib/gcc/nios2-elf/4.7.3/mno-hw-mul/libgcc.a(_ge_df.o)
 .debug_info    0x00004166      0x261 /home/patrick/altera/13.1/nios2eds/bin/gnu/H-i686-pc-linux-gnu/bin/../lib/gcc/nios2-elf/4.7.3/mno-hw-mul/libgcc.a(_si_to_df.o)
 .debug_info    0x000043c7      0x30b /home/patrick/altera/13.1/nios2eds/bin/gnu/H-i686-pc-linux-gnu/bin/../lib/gcc/nios2-elf/4.7.3/mno-hw-mul/libgcc.a(_df_to_si.o)
 .debug_info    0x000046d2      0x209 /home/patrick/altera/13.1/nios2eds/bin/gnu/H-i686-pc-linux-gnu/bin/../lib/gcc/nios2-elf/4.7.3/mno-hw-mul/libgcc.a(_make_df.o)
 .debug_info    0x000048db      0x2c8 /home/patrick/altera/13.1/nios2eds/bin/gnu/H-i686-pc-linux-gnu/bin/../lib/gcc/nios2-elf/4.7.3/mno-hw-mul/libgcc.a(_df_to_sf.o)
 .debug_info    0x00004ba3      0x155 /home/patrick/altera/13.1/nios2eds/bin/gnu/H-i686-pc-linux-gnu/bin/../lib/gcc/nios2-elf/4.7.3/mno-hw-mul/libgcc.a(_thenan_df.o)
 .debug_info    0x00004cf8      0x289 /home/patrick/altera/13.1/nios2eds/bin/gnu/H-i686-pc-linux-gnu/bin/../lib/gcc/nios2-elf/4.7.3/mno-hw-mul/libgcc.a(lib2-divmod.o)
 .debug_info    0x00004f81       0xb8 /home/patrick/altera/13.1/nios2eds/bin/gnu/H-i686-pc-linux-gnu/bin/../lib/gcc/nios2-elf/4.7.3/mno-hw-mul/libgcc.a(lib2-mul.o)
 .debug_info    0x00005039      0x1eb /home/patrick/altera/13.1/nios2eds/bin/gnu/H-i686-pc-linux-gnu/bin/../lib/gcc/nios2-elf/4.7.3/mno-hw-mul/libgcc.a(_muldi3.o)
 .debug_info    0x00005224      0x123 /home/patrick/altera/13.1/nios2eds/bin/gnu/H-i686-pc-linux-gnu/bin/../lib/gcc/nios2-elf/4.7.3/mno-hw-mul/libgcc.a(_clzsi2.o)
 .debug_info    0x00005347      0x2f2 /home/patrick/altera/13.1/nios2eds/bin/gnu/H-i686-pc-linux-gnu/bin/../lib/gcc/nios2-elf/4.7.3/mno-hw-mul/libgcc.a(_pack_sf.o)
 .debug_info    0x00005639      0x26a /home/patrick/altera/13.1/nios2eds/bin/gnu/H-i686-pc-linux-gnu/bin/../lib/gcc/nios2-elf/4.7.3/mno-hw-mul/libgcc.a(_unpack_sf.o)
 .debug_info    0x000058a3      0x20a /home/patrick/altera/13.1/nios2eds/bin/gnu/H-i686-pc-linux-gnu/bin/../lib/gcc/nios2-elf/4.7.3/mno-hw-mul/libgcc.a(_make_sf.o)
 .debug_info    0x00005aad      0x2f7 /home/patrick/altera/13.1/nios2eds/bin/gnu/H-i686-pc-linux-gnu/bin/../lib/gcc/nios2-elf/4.7.3/mno-hw-mul/libgcc.a(_pack_df.o)
 .debug_info    0x00005da4      0x265 /home/patrick/altera/13.1/nios2eds/bin/gnu/H-i686-pc-linux-gnu/bin/../lib/gcc/nios2-elf/4.7.3/mno-hw-mul/libgcc.a(_unpack_df.o)
 .debug_info    0x00006009      0x226 /home/patrick/altera/13.1/nios2eds/bin/gnu/H-i686-pc-linux-gnu/bin/../lib/gcc/nios2-elf/4.7.3/mno-hw-mul/libgcc.a(_fpcmp_parts_df.o)
 .debug_info    0x0000622f      0x185 /home/patrick/altera/13.1/nios2eds/bin/gnu/H-i686-pc-linux-gnu/bin/../lib/gcc/nios2-elf/4.7.3/mno-hw-mul/libgcc.a(_lshrdi3.o)
 .debug_info    0x000063b4      0x185 /home/patrick/altera/13.1/nios2eds/bin/gnu/H-i686-pc-linux-gnu/bin/../lib/gcc/nios2-elf/4.7.3/mno-hw-mul/libgcc.a(_ashldi3.o)
 .debug_info    0x00006539       0xac /home/patrick/altera/13.1/nios2eds/bin/gnu/H-i686-pc-linux-gnu/bin/../lib/gcc/nios2-elf/4.7.3/mno-hw-mul/libgcc.a(_clz.o)
 .debug_info    0x000065e5      0x765 /home/patrick/altera/13.1/nios2eds/bin/gnu/H-i686-pc-linux-gnu/bin/../lib/gcc/nios2-elf/4.7.3/../../../../../H-i686-pc-linux-gnu/nios2-elf/lib/mno-hw-mul/libsmallc.a(lib_a-printf.o)
 .debug_info    0x00006d4a      0x6f4 /home/patrick/altera/13.1/nios2eds/bin/gnu/H-i686-pc-linux-gnu/bin/../lib/gcc/nios2-elf/4.7.3/../../../../../H-i686-pc-linux-gnu/nios2-elf/lib/mno-hw-mul/libsmallc.a(lib_a-puts.o)
 .debug_info    0x0000743e       0xc6 /home/patrick/altera/13.1/nios2eds/bin/gnu/H-i686-pc-linux-gnu/bin/../lib/gcc/nios2-elf/4.7.3/../../../../../H-i686-pc-linux-gnu/nios2-elf/lib/mno-hw-mul/libsmallc.a(lib_a-strlen.o)
 .debug_info    0x00007504      0xc69 /home/patrick/altera/13.1/nios2eds/bin/gnu/H-i686-pc-linux-gnu/bin/../lib/gcc/nios2-elf/4.7.3/../../../../../H-i686-pc-linux-gnu/nios2-elf/lib/mno-hw-mul/libsmallc.a(lib_a-vfprintf.o)
 .debug_info    0x0000816d      0x6d9 /home/patrick/altera/13.1/nios2eds/bin/gnu/H-i686-pc-linux-gnu/bin/../lib/gcc/nios2-elf/4.7.3/../../../../../H-i686-pc-linux-gnu/nios2-elf/lib/mno-hw-mul/libsmallc.a(lib_a-fvwrite_small_dev.o)
 .debug_info    0x00008846      0x631 /home/patrick/altera/13.1/nios2eds/bin/gnu/H-i686-pc-linux-gnu/bin/../lib/gcc/nios2-elf/4.7.3/../../../../../H-i686-pc-linux-gnu/nios2-elf/lib/mno-hw-mul/libsmallc.a(lib_a-impure.o)
 .debug_info    0x00008e77      0x6cb /home/patrick/altera/13.1/nios2eds/bin/gnu/H-i686-pc-linux-gnu/bin/../lib/gcc/nios2-elf/4.7.3/../../../../../H-i686-pc-linux-gnu/nios2-elf/lib/mno-hw-mul/libsmallc.a(lib_a-writer.o)
 .debug_info    0x00009542       0x84 /home/patrick/altera/13.1/nios2eds/bin/gnu/H-i686-pc-linux-gnu/bin/../lib/gcc/nios2-elf/4.7.3/../../../../../H-i686-pc-linux-gnu/nios2-elf/lib/mno-hw-mul/libsmallc.a(lib_a-int_errno.o)
 .debug_info    0x000095c6      0x135 ../count_binary_bsp//libhal_bsp.a(alt_load.o)
 .debug_info    0x000096fb      0x139 ../count_binary_bsp//libhal_bsp.a(alt_main.o)
 .debug_info    0x00009834       0xad ../count_binary_bsp//libhal_bsp.a(alt_usleep.o)
 .debug_info    0x000098e1      0x507 ../count_binary_bsp//libhal_bsp.a(alt_write.o)
 .debug_info    0x00009de8      0x420 ../count_binary_bsp//libhal_bsp.a(alt_sys_init.o)
 .debug_info    0x0000a208      0x3da ../count_binary_bsp//libhal_bsp.a(altera_avalon_jtag_uart_fd.o)
 .debug_info    0x0000a5e2      0x1bc ../count_binary_bsp//libhal_bsp.a(altera_avalon_jtag_uart_read.o)
 .debug_info    0x0000a79e      0x19f ../count_binary_bsp//libhal_bsp.a(altera_avalon_jtag_uart_write.o)
 .debug_info    0x0000a93d      0x235 ../count_binary_bsp//libhal_bsp.a(altera_avalon_timer_sc.o)
 .debug_info    0x0000ab72       0xd5 ../count_binary_bsp//libhal_bsp.a(alt_busy_sleep.o)
 .debug_info    0x0000ac47      0x350 ../count_binary_bsp//libhal_bsp.a(alt_close.o)
 .debug_info    0x0000af97       0x90 ../count_binary_bsp//libhal_bsp.a(alt_dcache_flush_all.o)
 .debug_info    0x0000b027      0x4e3 ../count_binary_bsp//libhal_bsp.a(alt_dev.o)
 .debug_info    0x0000b50a      0x1b9 ../count_binary_bsp//libhal_bsp.a(alt_dev_llist_insert.o)
 .debug_info    0x0000b6c3       0xa3 ../count_binary_bsp//libhal_bsp.a(alt_errno.o)
 .debug_info    0x0000b766       0x90 ../count_binary_bsp//libhal_bsp.a(alt_icache_flush_all.o)
 .debug_info    0x0000b7f6      0x364 ../count_binary_bsp//libhal_bsp.a(alt_iic.o)
 .debug_info    0x0000bb5a      0x1f6 ../count_binary_bsp//libhal_bsp.a(alt_iic_isr_register.o)
 .debug_info    0x0000bd50      0x4f0 ../count_binary_bsp//libhal_bsp.a(alt_io_redirect.o)
 .debug_info    0x0000c240       0x98 ../count_binary_bsp//libhal_bsp.a(alt_irq_entry.o)
 .debug_info    0x0000c2d8      0x190 ../count_binary_bsp//libhal_bsp.a(alt_irq_handler.o)
 .debug_info    0x0000c468       0x8a ../count_binary_bsp//libhal_bsp.a(alt_irq_vars.o)
 .debug_info    0x0000c4f2      0x3f0 ../count_binary_bsp//libhal_bsp.a(alt_open.o)
 .debug_info    0x0000c8e2      0x2dd ../count_binary_bsp//libhal_bsp.a(alt_release_fd.o)
 .debug_info    0x0000cbbf      0x2b1 ../count_binary_bsp//libhal_bsp.a(alt_tick.o)
 .debug_info    0x0000ce70       0x90 ../count_binary_bsp//libhal_bsp.a(altera_nios2_qsys_irq.o)
 .debug_info    0x0000cf00       0x9e ../count_binary_bsp//libhal_bsp.a(alt_exception_entry.o)
 .debug_info    0x0000cf9e      0x30d ../count_binary_bsp//libhal_bsp.a(alt_find_dev.o)
 .debug_info    0x0000d2ab      0x30c ../count_binary_bsp//libhal_bsp.a(alt_find_file.o)
 .debug_info    0x0000d5b7      0x339 ../count_binary_bsp//libhal_bsp.a(alt_get_fd.o)
 .debug_info    0x0000d8f0       0xda ../count_binary_bsp//libhal_bsp.a(alt_icache_flush.o)
 .debug_info    0x0000d9ca       0xf8 /home/patrick/altera/13.1/nios2eds/bin/gnu/H-i686-pc-linux-gnu/bin/../lib/gcc/nios2-elf/4.7.3/../../../../../H-i686-pc-linux-gnu/nios2-elf/lib/mno-hw-mul/libsmallc.a(lib_a-exit.o)
 .debug_info    0x0000dac2       0xf1 /home/patrick/altera/13.1/nios2eds/bin/gnu/H-i686-pc-linux-gnu/bin/../lib/gcc/nios2-elf/4.7.3/../../../../../H-i686-pc-linux-gnu/nios2-elf/lib/mno-hw-mul/libsmallc.a(lib_a-memcmp.o)
 .debug_info    0x0000dbb3      0x70e /home/patrick/altera/13.1/nios2eds/bin/gnu/H-i686-pc-linux-gnu/bin/../lib/gcc/nios2-elf/4.7.3/../../../../../H-i686-pc-linux-gnu/nios2-elf/lib/mno-hw-mul/libsmallc.a(lib_a-__call_atexit.o)
 .debug_info    0x0000e2c1       0xec ../count_binary_bsp//libhal_bsp.a(alt_exit.o)

.debug_abbrev   0x00000000     0x5d09
 *(.debug_abbrev)